<html>
<body>
<pre>
<h1>礦ision Build Log</h1>
<h2>Project:</h2>
E:\DA14580\资料\资料\源代码\DA14580_SDK_3.0.4.0\dk_apps\keil_projects\proximity\reporter_fe\fe_proxr.uvproj
Project File Date:  07/18/2014

<h2>Output:</h2>
Build target 'Full_emb_cortex_M0'
compiling system_ARMCM0.c...
assembling boot_vectors.s...
compiling hardfault_handler.c...
compiling arch_main.c...
..\..\..\src\plf\refip\src\arch\main\ble\arch_main.c(113): warning:  #1215-D: #warning directive: "==============================================================> DEVELOPMENT_DEBUG is set!"
      #warning "==============================================================> DEVELOPMENT_DEBUG is set!"
..\..\..\src\plf\refip\src\arch\main\ble\arch_main.c: 1 warning, 0 errors
compiling jump_table.c...
compiling arch_sleep.c...
compiling nmi_handler.c...
compiling periph_setup.c...
compiling arch_system.c...
compiling rf_580.c...
compiling gpio.c...
..\..\..\src\plf\refip\src\driver\gpio\gpio.c(57): warning:  #1215-D: #warning directive: "GPIO assignment checking is active! Deactivate before burning OTP..."
  #warning "GPIO assignment checking is active! Deactivate before burning OTP..."
..\..\..\src\plf\refip\src\driver\gpio\gpio.c: 1 warning, 0 errors
compiling gapm.c...
compiling nvds.c...
compiling rwip.c...
compiling rwble.c...
compiling accel.c...
compiling accel_task.c...
compiling basc.c...
compiling basc_task.c...
compiling bass.c...
compiling bass_task.c...
compiling blpc.c...
compiling blpc_task.c...
compiling blps.c...
compiling blps_task.c...
compiling disc.c...
compiling disc_task.c...
compiling diss.c...
compiling diss_task.c...
compiling findt.c...
compiling findt_task.c...
compiling hogpbh.c...
compiling hogpbh_task.c...
compiling hogpd.c...
compiling hogpd_task.c...
compiling hogprh.c...
compiling hogprh_task.c...
compiling hrpc.c...
compiling hrpc_task.c...
compiling hrps.c...
compiling hrps_task.c...
compiling htpc.c...
compiling htpc_task.c...
compiling htpt.c...
compiling htpt_task.c...
compiling proxm.c...
compiling proxm_task.c...
compiling proxr.c...
compiling proxr_task.c...
compiling scppc.c...
compiling scppc_task.c...
compiling scpps.c...
compiling scpps_task.c...
compiling prf_utils.c...
compiling anpc.c...
compiling anpc_task.c...
compiling anps.c...
compiling anps_task.c...
compiling cscpc.c...
compiling cscpc_task.c...
compiling cscps.c...
compiling cscps_task.c...
compiling glpc.c...
compiling glpc_task.c...
compiling glps.c...
compiling glps_task.c...
compiling paspc.c...
compiling paspc_task.c...
compiling pasps.c...
compiling pasps_task.c...
compiling rscpc.c...
compiling rscpc_task.c...
compiling rscps.c...
compiling rscps_task.c...
compiling tipc.c...
compiling tipc_task.c...
compiling tips.c...
compiling tips_task.c...
compiling findl.c...
compiling findl_task.c...
compiling cppc.c...
compiling cppc_task.c...
compiling cpps.c...
compiling cpps_task.c...
compiling lanc.c...
compiling lanc_task.c...
compiling lans.c...
compiling lans_task.c...
linking...
Program Size: Code=10156 RO-data=1480 RW-data=24 ZI-data=13236  
FromELF: creating hex file...
".\out\full_emb_sysram.axf" - 0 Error(s), 2 Warning(s).
</pre>
</body>
</html>
