ARM Linker, 5.03 [Build 76] [MDK-ARM Professional]

==============================================================================

Section Cross References

    boot_vectors.o(RESET) refers to boot_vectors.o(STACK) for __initial_sp
    boot_vectors.o(RESET) refers to boot_vectors.o(.text) for Reset_Handler
    boot_vectors.o(RESET) refers to rwble.o(.text) for BLE_WAKEUP_LP_Handler
    boot_vectors.o(.text) refers to system_armcm0.o(.text) for SystemInit
    boot_vectors.o(.text) refers to entry.o(.ARM.Collect$$$$00000000) for __main
    boot_vectors.o(.text) refers to nmi_handler.o(.text) for NMI_HandlerC
    boot_vectors.o(.text) refers to hardfault_handler.o(.text) for HardFault_HandlerC
    boot_vectors.o(.text) refers to arch_main.o(.text) for SVC_Handler_c
    arch_main.o(.text) refers to arch_system.o(.text) for set_sleep_delay
    arch_main.o(.text) refers to gpio.o(i.GPIO_init) for GPIO_init
    arch_main.o(.text) refers to periph_setup.o(.text) for periph_init
    arch_main.o(.text) refers to nvds.o(.text) for nvds_read_bdaddr_from_otp
    arch_main.o(.text) refers to rf_580.o(.text) for iq_trim_from_otp
    arch_main.o(.text) refers to arch_sleep.o(.text) for app_set_extended_sleep
    arch_main.o(.text) refers to rwip.o(.text) for rwip_sleep
    arch_main.o(.text) refers to arch_main.o(.data) for .data
    arch_main.o(.text) refers to arch_main.o(.constdata) for .constdata
    arch_main.o(.text) refers to arch_main.o(retention_mem_area0) for retention_mem_area0
    arch_main.o(.text) refers to arch_main.o(.ARM.__AT_0x00082A20) for .ARM.__AT_0x00082A20
    arch_main.o(.text) refers to arch_system.o(retention_mem_area0) for lp_clk_sel
    arch_main.o(.text) refers to jump_table.o(jump_table_mem_area) for jump_table_base
    arch_main.o(.constdata) refers to arch_main.o(.text) for my_gtl_msg_send_handler
    arch_main.o(.constdata) refers to arch_main.o(.text) for cmp_abs_time
    arch_main.o(.constdata) refers to atts_task.obj(.text) for l2cc_pdu_recv_ind_handler
    arch_main.o(.constdata) refers to smpc.obj(.text) for smpc_send_pairing_req_ind
    arch_main.o(.constdata) refers to smpc_task.obj(.text) for smpc_pairing_cfm_handler
    arch_main.o(.constdata) refers to ch_map.obj(.text) for my_llc_con_update_req_ind
    arch_main.o(.constdata) refers to gapm_util.obj(.text) for patched_gapm_adv_op_sanity
    arch_main.o(.data) refers to arch_main.o(.constdata) for my_gtl_default_state
    arch_main.o(.data) refers to arch_main.o(.data) for my_gtl_default_handler
    jump_table.o(jump_table_mem_area) refers to arch_main.o(.text) for main_func
    jump_table.o(jump_table_mem_area) refers to rf_580.o(.text) for rf_init_func
    jump_table.o(jump_table_mem_area) refers to prf_utils.o(.text) for prf_init_func
    jump_table.o(jump_table_mem_area) refers to arch_system.o(.text) for uart_flow_off_func
    jump_table.o(jump_table_mem_area) refers to rwble.o(.text) for lld_sleep_compensate_func_patched
    jump_table.o(jump_table_mem_area) refers to jump_table.o(heap_mem_area_not_ret) for rwip_heap_non_ret
    jump_table.o(jump_table_mem_area) refers to jump_table.o(heap_env_area) for rwip_heap_env_ret
    jump_table.o(jump_table_mem_area) refers to jump_table.o(heap_db_area) for rwip_heap_db_ret
    jump_table.o(jump_table_mem_area) refers to jump_table.o(heap_msg_area) for rwip_heap_msg_ret
    jump_table.o(jump_table_mem_area) refers to ke_task.obj(.text) for ke_task_init_func
    jump_table.o(jump_table_mem_area) refers to nvds.o(.text) for custom_nvds_get_func
    jump_table.o(jump_table_mem_area) refers to arch_main.o(.constdata) for LUT_CFG
    arch_sleep.o(.text) refers to arch_sleep.o(retention_mem_area0) for retention_mem_area0
    arch_sleep.o(.text) refers to rwble.o(retention_mem_area0) for rwble_last_event
    periph_setup.o(.text) refers to gpio.o(i.GPIO_ConfigurePin) for GPIO_ConfigurePin
    periph_setup.o(.text) refers to arch_main.o(.text) for patch_func
    periph_setup.o(.text) refers to gpio.o(.bss) for GPIO
    arch_system.o(.text) refers to ffltui.o(.text) for __aeabi_ui2f
    arch_system.o(.text) refers to fdiv.o(.text) for __aeabi_fdiv
    arch_system.o(.text) refers to fscalb.o(.text) for __ARM_scalbnf
    arch_system.o(.text) refers to ffixui.o(.text) for __aeabi_f2uiz
    arch_system.o(.text) refers to f2d.o(.text) for __aeabi_f2d
    arch_system.o(.text) refers to d2f.o(.text) for __aeabi_d2f
    arch_system.o(.text) refers to arch_system.o(retention_mem_area0) for retention_mem_area0
    rf_580.o(.text) refers to arch_system.o(retention_mem_area0) for lp_clk_sel
    rf_580.o(.text) refers to jump_table.o(jump_table_mem_area) for jump_table_base
    smpc_task.obj(.text) refers to smpc.obj(.text) for smpc_send_pairing_req_ind
    nvds.o(.text) refers to nvds.o(retention_mem_area0) for retention_mem_area0
    rwip.o(.text) refers to arch_system.o(.text) for lld_sleep_us_2_lpcycles_sel_func
    rwip.o(.text) refers to ffltui.o(.text) for __aeabi_ui2f
[...]
    gtl_init                                 0x000290b1   Thumb Code     0  rom_symdef.txt ABSOLUTE
    gtl_enter_sleep                          0x000290d9   Thumb Code     0  rom_symdef.txt ABSOLUTE
    gtl_exit_sleep                           0x00029103   Thumb Code     0  rom_symdef.txt ABSOLUTE
    gtl_send_msg                             0x0002910b   Thumb Code     0  rom_symdef.txt ABSOLUTE
    gtl_hci_rx_header                        0x0002915d   Thumb Code     0  rom_symdef.txt ABSOLUTE
    gtl_hci_rx_header_func                   0x00029163   Thumb Code     0  rom_symdef.txt ABSOLUTE
    gtl_hci_rx_payload                       0x000291b1   Thumb Code     0  rom_symdef.txt ABSOLUTE
    gtl_hci_rx_payload_func                  0x000291b7   Thumb Code     0  rom_symdef.txt ABSOLUTE
    gtl_hci_tx_evt                           0x000291b9   Thumb Code     0  rom_symdef.txt ABSOLUTE
    gtl_hci_tx_evt_func                      0x000291bf   Thumb Code     0  rom_symdef.txt ABSOLUTE
    gtl_sleep_to_handler                     0x0002927d   Thumb Code     0  rom_symdef.txt ABSOLUTE
    gtl_polling_to_handler                   0x00029289   Thumb Code     0  rom_symdef.txt ABSOLUTE
    gtl_eif_init                             0x000293f7   Thumb Code     0  rom_symdef.txt ABSOLUTE
    gtl_eif_init_func                        0x000293fd   Thumb Code     0  rom_symdef.txt ABSOLUTE
    gtl_eif_write                            0x00029415   Thumb Code     0  rom_symdef.txt ABSOLUTE
    gtl_eif_start                            0x00029435   Thumb Code     0  rom_symdef.txt ABSOLUTE
    gtl_eif_stop                             0x0002943d   Thumb Code     0  rom_symdef.txt ABSOLUTE
    attc_cleanup                             0x000294f5   Thumb Code     0  rom_symdef.txt ABSOLUTE
    attc_init                                0x0002950d   Thumb Code     0  rom_symdef.txt ABSOLUTE
    attc_create                              0x00029533   Thumb Code     0  rom_symdef.txt ABSOLUTE
    attc_con_enable                          0x00029541   Thumb Code     0  rom_symdef.txt ABSOLUTE
    attm_init                                0x000296d5   Thumb Code     0  rom_symdef.txt ABSOLUTE
    attm_create                              0x000296f9   Thumb Code     0  rom_symdef.txt ABSOLUTE
    attm_con_enable                          0x00029709   Thumb Code     0  rom_symdef.txt ABSOLUTE
    attm_cleanup                             0x00029719   Thumb Code     0  rom_symdef.txt ABSOLUTE
    attm_convert_16to128                     0x00029729   Thumb Code     0  rom_symdef.txt ABSOLUTE
    attm_convert_32to128                     0x00029747   Thumb Code     0  rom_symdef.txt ABSOLUTE
    attm_bt_uuid_match                       0x00029767   Thumb Code     0  rom_symdef.txt ABSOLUTE
    attm_bt32_uuid_match                     0x0002978d   Thumb Code     0  rom_symdef.txt ABSOLUTE
    attm_convert_to128                       0x000297b9   Thumb Code     0  rom_symdef.txt ABSOLUTE
    attm_uuid_match                          0x000297e9   Thumb Code     0  rom_symdef.txt ABSOLUTE
    attm_uuid_match_16                       0x0002981d   Thumb Code     0  rom_symdef.txt ABSOLUTE
    attm_is_bt_uuid128                       0x00029829   Thumb Code     0  rom_symdef.txt ABSOLUTE
    attm_is_bt32_uuid128                     0x00029853   Thumb Code     0  rom_symdef.txt ABSOLUTE
    attmdb_add_service                       0x00029895   Thumb Code     0  rom_symdef.txt ABSOLUTE
    attmdb_get_service                       0x00029957   Thumb Code     0  rom_symdef.txt ABSOLUTE
    attmdb_add_attribute                     0x00029995   Thumb Code     0  rom_symdef.txt ABSOLUTE
    attmdb_destroy                           0x00029a6b   Thumb Code     0  rom_symdef.txt ABSOLUTE
    attmdb_get_attribute                     0x00029a85   Thumb Code     0  rom_symdef.txt ABSOLUTE
    attmdb_get_next_att                      0x00029aa1   Thumb Code     0  rom_symdef.txt ABSOLUTE
    attmdb_att_update_value                  0x00029b2b   Thumb Code     0  rom_symdef.txt ABSOLUTE
    attmdb_att_set_value                     0x00029b6d   Thumb Code     0  rom_symdef.txt ABSOLUTE
    attmdb_att_partial_value_update          0x00029b73   Thumb Code     0  rom_symdef.txt ABSOLUTE
    attmdb_att_get_value                     0x00029ba5   Thumb Code     0  rom_symdef.txt ABSOLUTE
    attmdb_att_get_uuid                      0x00029bc5   Thumb Code     0  rom_symdef.txt ABSOLUTE
    attmdb_att_set_permission                0x00029c29   Thumb Code     0  rom_symdef.txt ABSOLUTE
    attmdb_att_get_permission                0x00029c41   Thumb Code     0  rom_symdef.txt ABSOLUTE
    attmdb_att_update_perm                   0x00029c5b   Thumb Code     0  rom_symdef.txt ABSOLUTE
    attmdb_svc_set_permission                0x00029c7b   Thumb Code     0  rom_symdef.txt ABSOLUTE
    attmdb_svc_get_permission                0x00029c99   Thumb Code     0  rom_symdef.txt ABSOLUTE
    attmdb_init                              0x00029cb3   Thumb Code     0  rom_symdef.txt ABSOLUTE
    attm_svc_create_db                       0x00029f45   Thumb Code     0  rom_symdef.txt ABSOLUTE
    atts_clear_prep_data                     0x0002a03d   Thumb Code     0  rom_symdef.txt ABSOLUTE
    atts_cleanup                             0x0002a05b   Thumb Code     0  rom_symdef.txt ABSOLUTE
    atts_init                                0x0002a08f   Thumb Code     0  rom_symdef.txt ABSOLUTE
    atts_create                              0x0002a0cb   Thumb Code     0  rom_symdef.txt ABSOLUTE
    atts_con_enable                          0x0002a0ed   Thumb Code     0  rom_symdef.txt ABSOLUTE
    atts_update_elmt                         0x0002a0fb   Thumb Code     0  rom_symdef.txt ABSOLUTE
    atts_store_prep_data                     0x0002a149   Thumb Code     0  rom_symdef.txt ABSOLUTE
    atts_send_pdu                            0x0002a575   Thumb Code     0  rom_symdef.txt ABSOLUTE
    atts_allocate_pdu                        0x0002a57f   Thumb Code     0  rom_symdef.txt ABSOLUTE
    atts_mtu_exc_resp                        0x0002a5a1   Thumb Code     0  rom_symdef.txt ABSOLUTE
    atts_send_error                          0x0002a5d7   Thumb Code     0  rom_symdef.txt ABSOLUTE
    atts_find_info_resp                      0x0002a5e3   Thumb Code     0  rom_symdef.txt ABSOLUTE
    atts_get_att_chk_perm                    0x0002a719   Thumb Code     0  rom_symdef.txt ABSOLUTE
    atts_find_by_type_resp                   0x0002a887   Thumb Code     0  rom_symdef.txt ABSOLUTE
    atts_read_by_type_resp                   0x0002a9a7   Thumb Code     0  rom_symdef.txt ABSOLUTE
    atts_read_by_grp_type_resp               0x0002aa93   Thumb Code     0  rom_symdef.txt ABSOLUTE
    atts_read_resp                           0x0002ab95   Thumb Code     0  rom_symdef.txt ABSOLUTE
    atts_read_blob_resp                      0x0002abf9   Thumb Code     0  rom_symdef.txt ABSOLUTE
    atts_read_mult_resp                      0x0002ac69   Thumb Code     0  rom_symdef.txt ABSOLUTE
    atts_write_no_resp                       0x0002ad17   Thumb Code     0  rom_symdef.txt ABSOLUTE
    atts_write_resp                          0x0002ad77   Thumb Code     0  rom_symdef.txt ABSOLUTE
    atts_signed_write_resp                   0x0002adf1   Thumb Code     0  rom_symdef.txt ABSOLUTE
    atts_prepare_write_resp                  0x0002ae85   Thumb Code     0  rom_symdef.txt ABSOLUTE
    atts_execute_write_resp                  0x0002af11   Thumb Code     0  rom_symdef.txt ABSOLUTE
    atts_send_cmd_cmp                        0x0002afd5   Thumb Code     0  rom_symdef.txt ABSOLUTE
    atts_write_rsp_send                      0x0002aff3   Thumb Code     0  rom_symdef.txt ABSOLUTE
    gattc_cleanup                            0x0002b0a3   Thumb Code     0  rom_symdef.txt ABSOLUTE
    gattc_init                               0x0002b0cd   Thumb Code     0  rom_symdef.txt ABSOLUTE
    gattc_create                             0x0002b109   Thumb Code     0  rom_symdef.txt ABSOLUTE
    gattc_send_att_req                       0x0002b13b   Thumb Code     0  rom_symdef.txt ABSOLUTE
    gattc_allocate_att_req                   0x0002b145   Thumb Code     0  rom_symdef.txt ABSOLUTE
    gattc_send_execute                       0x0002b165   Thumb Code     0  rom_symdef.txt ABSOLUTE
    gattc_get_event_dest                     0x0002b179   Thumb Code     0  rom_symdef.txt ABSOLUTE
    gattc_init_operation                     0x0002b1b7   Thumb Code     0  rom_symdef.txt ABSOLUTE
    gattc_get_operation                      0x0002b1d1   Thumb Code     0  rom_symdef.txt ABSOLUTE
    gattc_send_complete_evt                  0x0002b1e5   Thumb Code     0  rom_symdef.txt ABSOLUTE
    gattc_get_mtu                            0x0002b2d3   Thumb Code     0  rom_symdef.txt ABSOLUTE
    gattc_set_mtu                            0x0002b2dd   Thumb Code     0  rom_symdef.txt ABSOLUTE
    gattm_svc_get_start_hdl                  0x0002c2e9   Thumb Code     0  rom_symdef.txt ABSOLUTE
    gattm_init                               0x0002c2ef   Thumb Code     0  rom_symdef.txt ABSOLUTE
    gattm_create                             0x0002c317   Thumb Code     0  rom_symdef.txt ABSOLUTE
    gattm_cleanup                            0x0002c31f   Thumb Code     0  rom_symdef.txt ABSOLUTE
    gattm_get_max_mtu                        0x0002c327   Thumb Code     0  rom_symdef.txt ABSOLUTE
    gattm_set_max_mtu                        0x0002c32d   Thumb Code     0  rom_symdef.txt ABSOLUTE
    l2cc_cleanup                             0x0002c479   Thumb Code     0  rom_symdef.txt ABSOLUTE
    l2cc_init                                0x0002c4a9   Thumb Code     0  rom_symdef.txt ABSOLUTE
    l2cc_create                              0x0002c4e5   Thumb Code     0  rom_symdef.txt ABSOLUTE
    l2cc_update_state                        0x0002c515   Thumb Code     0  rom_symdef.txt ABSOLUTE
    l2cm_init                                0x0002c759   Thumb Code     0  rom_symdef.txt ABSOLUTE
    l2cm_create                              0x0002c781   Thumb Code     0  rom_symdef.txt ABSOLUTE
    l2cm_cleanup                             0x0002c789   Thumb Code     0  rom_symdef.txt ABSOLUTE
    l2cm_set_link_layer_buff_size            0x0002c7a9   Thumb Code     0  rom_symdef.txt ABSOLUTE
    smpc_regs_push                           0x0002c7b9   Thumb Code     0  rom_symdef.txt ABSOLUTE
    smpc_regs_pop                            0x0002c7bb   Thumb Code     0  rom_symdef.txt ABSOLUTE
    smpc_clear_timeout_timer                 0x0002c7bd   Thumb Code     0  rom_symdef.txt ABSOLUTE
    smpc_cleanup                             0x0002c7e1   Thumb Code     0  rom_symdef.txt ABSOLUTE
    smpc_init                                0x0002c841   Thumb Code     0  rom_symdef.txt ABSOLUTE
    smpc_create                              0x0002c87d   Thumb Code     0  rom_symdef.txt ABSOLUTE
    smpc_init_operation                      0x0002c8ab   Thumb Code     0  rom_symdef.txt ABSOLUTE
    smpc_send_cmp_evt                        0x0002c8c1   Thumb Code     0  rom_symdef.txt ABSOLUTE
    smpc_send_use_enc_block_cmd              0x0002c935   Thumb Code     0  rom_symdef.txt ABSOLUTE
    smpc_send_start_enc_cmd                  0x0002c96d   Thumb Code     0  rom_symdef.txt ABSOLUTE
    smpc_send_ltk_req_rsp                    0x0002c9cb   Thumb Code     0  rom_symdef.txt ABSOLUTE
    smpc_send_pairing_ind                    0x0002cadb   Thumb Code     0  rom_symdef.txt ABSOLUTE
    smpc_launch_rep_att_timer                0x0002cb6f   Thumb Code     0  rom_symdef.txt ABSOLUTE
    smpc_check_repeated_attempts             0x0002cbbd   Thumb Code     0  rom_symdef.txt ABSOLUTE
    smpc_check_max_key_size                  0x0002cc01   Thumb Code     0  rom_symdef.txt ABSOLUTE
    smpc_check_key_distrib                   0x0002cc29   Thumb Code     0  rom_symdef.txt ABSOLUTE
    smpc_xor                                 0x0002cc7d   Thumb Code     0  rom_symdef.txt ABSOLUTE
    smpc_generate_l                          0x0002cc93   Thumb Code     0  rom_symdef.txt ABSOLUTE
    smpc_generate_ci                         0x0002ccdf   Thumb Code     0  rom_symdef.txt ABSOLUTE
    smpc_generate_rand                       0x0002cd4b   Thumb Code     0  rom_symdef.txt ABSOLUTE
    smpc_generate_e1                         0x0002cd6f   Thumb Code     0  rom_symdef.txt ABSOLUTE
    smpc_generate_cfm                        0x0002ce25   Thumb Code     0  rom_symdef.txt ABSOLUTE
    smpc_generate_stk                        0x0002cead   Thumb Code     0  rom_symdef.txt ABSOLUTE
    smpc_calc_subkeys                        0x0002cf01   Thumb Code     0  rom_symdef.txt ABSOLUTE
    smpc_pairing_end                         0x0002cf77   Thumb Code     0  rom_symdef.txt ABSOLUTE
    smpc_tkdp_rcp_continue                   0x0002d00b   Thumb Code     0  rom_symdef.txt ABSOLUTE
    smpc_tkdp_rcp_start                      0x0002d069   Thumb Code     0  rom_symdef.txt ABSOLUTE
    smpc_pdu_send                            0x0002d0ab   Thumb Code     0  rom_symdef.txt ABSOLUTE
    smpc_tkdp_send_start                     0x0002d11b   Thumb Code     0  rom_symdef.txt ABSOLUTE
    smpc_tkdp_send_continue                  0x0002d199   Thumb Code     0  rom_symdef.txt ABSOLUTE
    smpc_get_key_sec_prop                    0x0002d215   Thumb Code     0  rom_symdef.txt ABSOLUTE
    smpc_is_sec_mode_reached                 0x0002d28d   Thumb Code     0  rom_symdef.txt ABSOLUTE
    smpc_handle_enc_change_evt               0x0002d2b7   Thumb Code     0  rom_symdef.txt ABSOLUTE
    smpc_pdu_recv                            0x0002d35d   Thumb Code     0  rom_symdef.txt ABSOLUTE
    smpm_init                                0x0002de21   Thumb Code     0  rom_symdef.txt ABSOLUTE
    smpm_create                              0x0002de5b   Thumb Code     0  rom_symdef.txt ABSOLUTE
    smpm_cleanup                             0x0002de63   Thumb Code     0  rom_symdef.txt ABSOLUTE
    smpm_send_cmp_evt                        0x0002de6b   Thumb Code     0  rom_symdef.txt ABSOLUTE
    smpm_send_encrypt_req                    0x0002dea3   Thumb Code     0  rom_symdef.txt ABSOLUTE
    smpm_send_gen_rand_nb_req                0x0002ded1   Thumb Code     0  rom_symdef.txt ABSOLUTE
    smpm_check_addr_type                     0x0002dedf   Thumb Code     0  rom_symdef.txt ABSOLUTE
    gapc_init                                0x0002e269   Thumb Code     0  rom_symdef.txt ABSOLUTE
    gapc_con_create                          0x0002e2a5   Thumb Code     0  rom_symdef.txt ABSOLUTE
    gapc_con_cleanup                         0x0002e385   Thumb Code     0  rom_symdef.txt ABSOLUTE
    gapc_send_disconect_ind                  0x0002e395   Thumb Code     0  rom_symdef.txt ABSOLUTE
    gapc_get_conidx                          0x0002e3b7   Thumb Code     0  rom_symdef.txt ABSOLUTE
    gapc_get_conhdl                          0x0002e3e3   Thumb Code     0  rom_symdef.txt ABSOLUTE
    gapc_get_role                            0x0002e3f9   Thumb Code     0  rom_symdef.txt ABSOLUTE
    gapc_get_bdaddr                          0x0002e415   Thumb Code     0  rom_symdef.txt ABSOLUTE
    gapc_get_csrk                            0x0002e435   Thumb Code     0  rom_symdef.txt ABSOLUTE
    gapc_get_sign_counter                    0x0002e453   Thumb Code     0  rom_symdef.txt ABSOLUTE
    gapc_send_complete_evt                   0x0002e471   Thumb Code     0  rom_symdef.txt ABSOLUTE
    gapc_send_error_evt                      0x0002e4bd   Thumb Code     0  rom_symdef.txt ABSOLUTE
    gapc_is_sec_set                          0x0002e4df   Thumb Code     0  rom_symdef.txt ABSOLUTE
    gapc_get_enc_keysize                     0x0002e549   Thumb Code     0  rom_symdef.txt ABSOLUTE
    gapc_set_enc_keysize                     0x0002e561   Thumb Code     0  rom_symdef.txt ABSOLUTE
    gapc_link_encrypted                      0x0002e575   Thumb Code     0  rom_symdef.txt ABSOLUTE
    gapc_auth_set                            0x0002e58f   Thumb Code     0  rom_symdef.txt ABSOLUTE
    gapc_param_updata_sanity                 0x0002e67b   Thumb Code     0  rom_symdef.txt ABSOLUTE
    gapm_init                                0x0002f4f3   Thumb Code     0  rom_symdef.txt ABSOLUTE
    gapm_host_init                           0x0002f547   Thumb Code     0  rom_symdef.txt ABSOLUTE
    gapm_get_operation                       0x0002f56d   Thumb Code     0  rom_symdef.txt ABSOLUTE
    gapm_send_complete_evt                   0x0002f57f   Thumb Code     0  rom_symdef.txt ABSOLUTE
    gapm_send_error_evt                      0x0002f5b5   Thumb Code     0  rom_symdef.txt ABSOLUTE
    gapm_con_create                          0x0002f5d3   Thumb Code     0  rom_symdef.txt ABSOLUTE
    gapm_con_enable                          0x0002f631   Thumb Code     0  rom_symdef.txt ABSOLUTE
    gapm_con_cleanup                         0x0002f63d   Thumb Code     0  rom_symdef.txt ABSOLUTE
    gapm_get_privacy_flag                    0x00030c7f   Thumb Code     0  rom_symdef.txt ABSOLUTE
    gapm_set_recon_addr                      0x00030cab   Thumb Code     0  rom_symdef.txt ABSOLUTE
    gapm_adv_op_sanity                       0x00030cef   Thumb Code     0  rom_symdef.txt ABSOLUTE
    gapm_set_adv_mode                        0x00030e75   Thumb Code     0  rom_symdef.txt ABSOLUTE
    gapm_execute_adv_op                      0x00030e8d   Thumb Code     0  rom_symdef.txt ABSOLUTE
    gapm_scan_op_sanity                      0x00030fdd   Thumb Code     0  rom_symdef.txt ABSOLUTE
    gapm_set_scan_mode                       0x000310b5   Thumb Code     0  rom_symdef.txt ABSOLUTE
    gapm_execute_scan_op                     0x000310d1   Thumb Code     0  rom_symdef.txt ABSOLUTE
    gapm_connect_op_sanity                   0x00031175   Thumb Code     0  rom_symdef.txt ABSOLUTE
    gapm_execute_connect_op                  0x000312b9   Thumb Code     0  rom_symdef.txt ABSOLUTE
    gapm_get_role                            0x0003142d   Thumb Code     0  rom_symdef.txt ABSOLUTE
    gapm_get_recon_addr                      0x00031433   Thumb Code     0  rom_symdef.txt ABSOLUTE
    gapm_set_privacy_flag                    0x00031473   Thumb Code     0  rom_symdef.txt ABSOLUTE
    gapm_get_ad_type_flag                    0x0003149f   Thumb Code     0  rom_symdef.txt ABSOLUTE
    gapm_add_to_filter                       0x000314c5   Thumb Code     0  rom_symdef.txt ABSOLUTE
    gapm_is_filtered                         0x00031529   Thumb Code     0  rom_symdef.txt ABSOLUTE
    gapm_update_air_op_state                 0x0003157f   Thumb Code     0  rom_symdef.txt ABSOLUTE
    gapm_get_irk                             0x00031635   Thumb Code     0  rom_symdef.txt ABSOLUTE
    gapm_get_bdaddr                          0x0003163b   Thumb Code     0  rom_symdef.txt ABSOLUTE
    l2cc_pdu_pack                            0x0003164d   Thumb Code     0  rom_symdef.txt ABSOLUTE
    l2cc_pdu_unpack                          0x000318f3   Thumb Code     0  rom_symdef.txt ABSOLUTE
    l2cc_detect_dest                         0x00031b2d   Thumb Code     0  rom_symdef.txt ABSOLUTE
    smpc_check_param                         0x00031b95   Thumb Code     0  rom_symdef.txt ABSOLUTE
    ke_init                                  0x0003200d   Thumb Code     0  rom_symdef.txt ABSOLUTE
    ke_flush                                 0x00032039   Thumb Code     0  rom_symdef.txt ABSOLUTE
    ke_sleep_check                           0x00032079   Thumb Code     0  rom_symdef.txt ABSOLUTE
    ke_event_init                            0x00032091   Thumb Code     0  rom_symdef.txt ABSOLUTE
    ke_event_callback_set                    0x0003209d   Thumb Code     0  rom_symdef.txt ABSOLUTE
    ke_event_set                             0x000320b1   Thumb Code     0  rom_symdef.txt ABSOLUTE
    ke_event_clear                           0x000320dd   Thumb Code     0  rom_symdef.txt ABSOLUTE
    ke_event_get                             0x00032109   Thumb Code     0  rom_symdef.txt ABSOLUTE
    ke_event_get_all                         0x0003212f   Thumb Code     0  rom_symdef.txt ABSOLUTE
    ke_event_flush                           0x00032135   Thumb Code     0  rom_symdef.txt ABSOLUTE
    ke_event_schedule                        0x0003213d   Thumb Code     0  rom_symdef.txt ABSOLUTE
    ke_mem_init                              0x0003218d   Thumb Code     0  rom_symdef.txt ABSOLUTE
    ke_mem_is_empty                          0x000321d7   Thumb Code     0  rom_symdef.txt ABSOLUTE
    ke_malloc                                0x00032215   Thumb Code     0  rom_symdef.txt ABSOLUTE
    ke_free                                  0x000322d7   Thumb Code     0  rom_symdef.txt ABSOLUTE
    ke_msg_alloc                             0x000323b1   Thumb Code     0  rom_symdef.txt ABSOLUTE
    ke_msg_send                              0x000323e1   Thumb Code     0  rom_symdef.txt ABSOLUTE
    ke_msg_send_basic                        0x0003240d   Thumb Code     0  rom_symdef.txt ABSOLUTE
    ke_msg_forward                           0x0003241b   Thumb Code     0  rom_symdef.txt ABSOLUTE
    ke_msg_forward_new_id                    0x00032425   Thumb Code     0  rom_symdef.txt ABSOLUTE
    ke_msg_free                              0x00032435   Thumb Code     0  rom_symdef.txt ABSOLUTE
    ke_queue_extract                         0x00032441   Thumb Code     0  rom_symdef.txt ABSOLUTE
    ke_queue_insert                          0x0003247f   Thumb Code     0  rom_symdef.txt ABSOLUTE
    ke_task_init                             0x0003256d   Thumb Code     0  rom_symdef.txt ABSOLUTE
    ke_task_create                           0x00032587   Thumb Code     0  rom_symdef.txt ABSOLUTE
    ke_task_delete                           0x000325e1   Thumb Code     0  rom_symdef.txt ABSOLUTE
    ke_state_set                             0x00032631   Thumb Code     0  rom_symdef.txt ABSOLUTE
    ke_state_get                             0x000326b3   Thumb Code     0  rom_symdef.txt ABSOLUTE
    ke_msg_discard                           0x000326e3   Thumb Code     0  rom_symdef.txt ABSOLUTE
    ke_msg_save                              0x000326e7   Thumb Code     0  rom_symdef.txt ABSOLUTE
    ke_task_handler_get                      0x000326eb   Thumb Code     0  rom_symdef.txt ABSOLUTE
    ke_timer_init                            0x00032813   Thumb Code     0  rom_symdef.txt ABSOLUTE
    ke_timer_init_func                       0x00032819   Thumb Code     0  rom_symdef.txt ABSOLUTE
    ke_timer_set                             0x00032825   Thumb Code     0  rom_symdef.txt ABSOLUTE
    ke_timer_clear                           0x000328a5   Thumb Code     0  rom_symdef.txt ABSOLUTE
    ke_timer_active                          0x000328fb   Thumb Code     0  rom_symdef.txt ABSOLUTE
    ke_timer_sleep_check                     0x00032921   Thumb Code     0  rom_symdef.txt ABSOLUTE
    ke_time                                  0x0003297d   Thumb Code     0  rom_symdef.txt ABSOLUTE
    nvds_get                                 0x000329d1   Thumb Code     0  rom_symdef.txt ABSOLUTE
    nvds_get_func                            0x000329d7   Thumb Code     0  rom_symdef.txt ABSOLUTE
    nvds_init                                0x00032bcf   Thumb Code     0  rom_symdef.txt ABSOLUTE
    rwble_hl_init                            0x00032be5   Thumb Code     0  rom_symdef.txt ABSOLUTE
    rwble_hl_send_message                    0x00032c0b   Thumb Code     0  rom_symdef.txt ABSOLUTE
    ble_regs_push                            0x00032c0d   Thumb Code     0  rom_symdef.txt ABSOLUTE
    ble_regs_pop                             0x00032c65   Thumb Code     0  rom_symdef.txt ABSOLUTE
    rf_init                                  0x00032cbd   Thumb Code     0  rom_symdef.txt ABSOLUTE
    rf_reinit                                0x00032cc3   Thumb Code     0  rom_symdef.txt ABSOLUTE
    rwip_init                                0x00032ccb   Thumb Code     0  rom_symdef.txt ABSOLUTE
    rwip_reset                               0x00032d8d   Thumb Code     0  rom_symdef.txt ABSOLUTE
    rwip_version                             0x00032db9   Thumb Code     0  rom_symdef.txt ABSOLUTE
    rwip_prevent_sleep_get                   0x00032dc1   Thumb Code     0  rom_symdef.txt ABSOLUTE
    rwip_schedule                            0x00032dc9   Thumb Code     0  rom_symdef.txt ABSOLUTE
    rwip_prevent_sleep_set                   0x00032eb7   Thumb Code     0  rom_symdef.txt ABSOLUTE
    rwip_wakeup                              0x00032edb   Thumb Code     0  rom_symdef.txt ABSOLUTE
    rwip_prevent_sleep_clear                 0x00032eed   Thumb Code     0  rom_symdef.txt ABSOLUTE
    rwip_wakeup_end                          0x00032f11   Thumb Code     0  rom_symdef.txt ABSOLUTE
    rwip_wakeup_delay_set                    0x00032f2f   Thumb Code     0  rom_symdef.txt ABSOLUTE
    rwip_sleep_enable                        0x00032f3f   Thumb Code     0  rom_symdef.txt ABSOLUTE
    rwip_ext_wakeup_enable                   0x00032f47   Thumb Code     0  rom_symdef.txt ABSOLUTE
    rwble_init                               0x00032f71   Thumb Code     0  rom_symdef.txt ABSOLUTE
    rwble_reset                              0x00032fd5   Thumb Code     0  rom_symdef.txt ABSOLUTE
    rwble_version                            0x00033003   Thumb Code     0  rom_symdef.txt ABSOLUTE
    rwble_get_clock                          0x0003302d   Thumb Code     0  rom_symdef.txt ABSOLUTE
    BLE_FINETGTIM_Handler                    0x00033105   Thumb Code     0  rom_symdef.txt ABSOLUTE
    BLE_GROSSTGTIM_Handler                   0x0003310d   Thumb Code     0  rom_symdef.txt ABSOLUTE
    BLE_CSCNT_Handler                        0x00033115   Thumb Code     0  rom_symdef.txt ABSOLUTE
    BLE_ERROR_Handler                        0x0003318d   Thumb Code     0  rom_symdef.txt ABSOLUTE
    BLE_CRYPT_Handler                        0x000331ad   Thumb Code     0  rom_symdef.txt ABSOLUTE
    func_check_mem                           0x000331eb   Thumb Code     0  rom_symdef.txt ABSOLUTE
    test_rxdone                              0x0003323d   Thumb Code     0  rom_symdef.txt ABSOLUTE
    prf_create                               0x000339fd   Thumb Code     0  rom_symdef.txt ABSOLUTE
    prf_init                                 0x00033a23   Thumb Code     0  rom_symdef.txt ABSOLUTE
    prf_cleanup                              0x00033a2b   Thumb Code     0  rom_symdef.txt ABSOLUTE
    __aeabi_uidiv                            0x00033aa7   Thumb Code     0  rom_symdef.txt ABSOLUTE
    __aeabi_uidivmod                         0x00033aa7   Thumb Code     0  rom_symdef.txt ABSOLUTE
    __aeabi_idiv                             0x00033ad3   Thumb Code     0  rom_symdef.txt ABSOLUTE
    __aeabi_idivmod                          0x00033ad3   Thumb Code     0  rom_symdef.txt ABSOLUTE
    rand                                     0x00033afd   Thumb Code     0  rom_symdef.txt ABSOLUTE
    srand                                    0x00033b0f   Thumb Code     0  rom_symdef.txt ABSOLUTE
    __aeabi_memcpy                           0x00033b21   Thumb Code     0  rom_symdef.txt ABSOLUTE
    __aeabi_memcpy4                          0x00033b21   Thumb Code     0  rom_symdef.txt ABSOLUTE
    __aeabi_memcpy8                          0x00033b21   Thumb Code     0  rom_symdef.txt ABSOLUTE
    __aeabi_memset                           0x00033b45   Thumb Code     0  rom_symdef.txt ABSOLUTE
    __aeabi_memset4                          0x00033b45   Thumb Code     0  rom_symdef.txt ABSOLUTE
    __aeabi_memset8                          0x00033b45   Thumb Code     0  rom_symdef.txt ABSOLUTE
    __aeabi_memclr                           0x00033b53   Thumb Code     0  rom_symdef.txt ABSOLUTE
    __aeabi_memclr4                          0x00033b53   Thumb Code     0  rom_symdef.txt ABSOLUTE
    __aeabi_memclr8                          0x00033b53   Thumb Code     0  rom_symdef.txt ABSOLUTE
    _memset$wrapper                          0x00033b57   Thumb Code     0  rom_symdef.txt ABSOLUTE
    strlen                                   0x00033b69   Thumb Code     0  rom_symdef.txt ABSOLUTE
    memcmp                                   0x00033b77   Thumb Code     0  rom_symdef.txt ABSOLUTE
    __aeabi_dmul                             0x00033b91   Thumb Code     0  rom_symdef.txt ABSOLUTE
    __aeabi_i2d                              0x00033c61   Thumb Code     0  rom_symdef.txt ABSOLUTE
    __aeabi_ui2d                             0x00033c89   Thumb Code     0  rom_symdef.txt ABSOLUTE
    __aeabi_cdcmpeq                          0x00033ca5   Thumb Code     0  rom_symdef.txt ABSOLUTE
    __aeabi_cdcmple                          0x00033ca5   Thumb Code     0  rom_symdef.txt ABSOLUTE
    __I$use$fp                               0x00033ccd   Thumb Code     0  rom_symdef.txt ABSOLUTE
    _double_round                            0x00033ccd   Thumb Code     0  rom_symdef.txt ABSOLUTE
    _double_epilogue                         0x00033ce7   Thumb Code     0  rom_symdef.txt ABSOLUTE
    __aeabi_llsl                             0x00033d8d   Thumb Code     0  rom_symdef.txt ABSOLUTE
    _ll_shift_l                              0x00033d8d   Thumb Code     0  rom_symdef.txt ABSOLUTE
    __aeabi_llsr                             0x00033dad   Thumb Code     0  rom_symdef.txt ABSOLUTE
    _ll_ushift_r                             0x00033dad   Thumb Code     0  rom_symdef.txt ABSOLUTE
    __ARM_clz                                0x00033dcf   Thumb Code     0  rom_symdef.txt ABSOLUTE
    __ARM_common_switch8                     0x00033dfd   Thumb Code     0  rom_symdef.txt ABSOLUTE
    uart_api                                 0x00033e18   Data           0  rom_symdef.txt ABSOLUTE
    co_sca2ppm                               0x00033e28   Data           0  rom_symdef.txt ABSOLUTE
    co_null_bdaddr                           0x00033e38   Data           0  rom_symdef.txt ABSOLUTE
    co_default_bdaddr                        0x00033e3e   Data           0  rom_symdef.txt ABSOLUTE
    dbg_default_handler                      0x00033f14   Data           0  rom_symdef.txt ABSOLUTE
    llc_state_handler                        0x000340dc   Data           0  rom_symdef.txt ABSOLUTE
    llc_default_handler                      0x0003418c   Data           0  rom_symdef.txt ABSOLUTE
    llm_local_cmds                           0x000341bc   Data           0  rom_symdef.txt ABSOLUTE
    llm_local_le_feats                       0x000341fc   Data           0  rom_symdef.txt ABSOLUTE
    llm_local_le_states                      0x00034204   Data           0  rom_symdef.txt ABSOLUTE
    llm_state_handler                        0x00034354   Data           0  rom_symdef.txt ABSOLUTE
    llm_default_handler                      0x00034384   Data           0  rom_symdef.txt ABSOLUTE
    LLM_AA_CT1                               0x0003438c   Data           0  rom_symdef.txt ABSOLUTE
    LLM_AA_CT2                               0x0003438f   Data           0  rom_symdef.txt ABSOLUTE
    gtl_default_state                        0x000343a4   Data           0  rom_symdef.txt ABSOLUTE
    gtl_default_handler                      0x000343bc   Data           0  rom_symdef.txt ABSOLUTE
    attc_default_state                       0x000343d8   Data           0  rom_symdef.txt ABSOLUTE
    attc_state_handler                       0x000343f8   Data           0  rom_symdef.txt ABSOLUTE
    attc_default_handler                     0x00034410   Data           0  rom_symdef.txt ABSOLUTE
    attm_default_state                       0x00034428   Data           0  rom_symdef.txt ABSOLUTE
    attm_state_handler                       0x00034480   Data           0  rom_symdef.txt ABSOLUTE
    attm_default_handler                     0x00034488   Data           0  rom_symdef.txt ABSOLUTE
    atts_default_state                       0x000344a0   Data           0  rom_symdef.txt ABSOLUTE
    atts_state_handler                       0x000344d0   Data           0  rom_symdef.txt ABSOLUTE
    atts_default_handler                     0x000344f8   Data           0  rom_symdef.txt ABSOLUTE
    gattc_default_state                      0x00034510   Data           0  rom_symdef.txt ABSOLUTE
    gattc_state_handler                      0x00034598   Data           0  rom_symdef.txt ABSOLUTE
    gattc_default_handler                    0x000345b0   Data           0  rom_symdef.txt ABSOLUTE
    gattm_default_state                      0x00034604   Data           0  rom_symdef.txt ABSOLUTE
    gattm_state_handler                      0x00034614   Data           0  rom_symdef.txt ABSOLUTE
    gattm_default_handler                    0x00034624   Data           0  rom_symdef.txt ABSOLUTE
    l2cc_default_state                       0x0003463c   Data           0  rom_symdef.txt ABSOLUTE
    l2cc_state_handler                       0x00034654   Data           0  rom_symdef.txt ABSOLUTE
    l2cc_default_handler                     0x0003466c   Data           0  rom_symdef.txt ABSOLUTE
    l2cm_default_state                       0x00034684   Data           0  rom_symdef.txt ABSOLUTE
    l2cm_state_handler                       0x0003468c   Data           0  rom_symdef.txt ABSOLUTE
    l2cm_default_handler                     0x00034694   Data           0  rom_symdef.txt ABSOLUTE
    smpc_default_state                       0x000346c8   Data           0  rom_symdef.txt ABSOLUTE
    smpc_state_handler                       0x00034760   Data           0  rom_symdef.txt ABSOLUTE
    smpc_default_handler                     0x00034780   Data           0  rom_symdef.txt ABSOLUTE
    smpm_default_state                       0x00034798   Data           0  rom_symdef.txt ABSOLUTE
    smpm_state_handler                       0x000347d0   Data           0  rom_symdef.txt ABSOLUTE
    smpm_default_handler                     0x000347e0   Data           0  rom_symdef.txt ABSOLUTE
    gapc_default_state                       0x000347f8   Data           0  rom_symdef.txt ABSOLUTE
    gapc_state_handler                       0x00034910   Data           0  rom_symdef.txt ABSOLUTE
    gapc_default_handler                     0x00034928   Data           0  rom_symdef.txt ABSOLUTE
    gapm_default_state                       0x000349ec   Data           0  rom_symdef.txt ABSOLUTE
    gapm_state_handler                       0x00034b94   Data           0  rom_symdef.txt ABSOLUTE
    gapm_default_handler                     0x00034bbc   Data           0  rom_symdef.txt ABSOLUTE
    smpc_construct_pdu                       0x00034ce8   Data           0  rom_symdef.txt ABSOLUTE
    smpc_recv_pdu                            0x00034d18   Data           0  rom_symdef.txt ABSOLUTE
    dummy                                    0x00080000   Data           0  rom_symdef.txt ABSOLUTE
    sleep_env                                0x00080254   Data           0  rom_symdef.txt ABSOLUTE
    iq_trim_bias_ctrl1_reg                   0x00080256   Data           0  rom_symdef.txt ABSOLUTE
    co_buf_env                               0x00080258   Data           0  rom_symdef.txt ABSOLUTE
    dbg_state                                0x00080348   Data           0  rom_symdef.txt ABSOLUTE
    iq_trim_rf_mixer_ctrl1_reg               0x0008034a   Data           0  rom_symdef.txt ABSOLUTE
    llc_env                                  0x0008034c   Data           0  rom_symdef.txt ABSOLUTE
    llc_state                                0x00080364   Data           0  rom_symdef.txt ABSOLUTE
    ret_winsize_var                          0x0008036a   Data           0  rom_symdef.txt ABSOLUTE
    lld_evt_env                              0x0008036c   Data           0  rom_symdef.txt ABSOLUTE
    lld_sleep_env                            0x0008038c   Data           0  rom_symdef.txt ABSOLUTE
    llm_le_env                               0x00080390   Data           0  rom_symdef.txt ABSOLUTE
    llm_le_env_lpus                          0x000803e4   Data           0  rom_symdef.txt ABSOLUTE
    llm_bt_env                               0x0008042a   Data           0  rom_symdef.txt ABSOLUTE
    llm_state                                0x00080432   Data           0  rom_symdef.txt ABSOLUTE
    vcocal_ctrl_reg_val                      0x00080452   Data           0  rom_symdef.txt ABSOLUTE
    last_temp_count                          0x00080478   Data           0  rom_symdef.txt ABSOLUTE
    last_temp_time                           0x0008047c   Data           0  rom_symdef.txt ABSOLUTE
    gtl_env                                  0x00080480   Data           0  rom_symdef.txt ABSOLUTE
    gtl_state                                0x000804a4   Data           0  rom_symdef.txt ABSOLUTE
    attc_state                               0x000804a5   Data           0  rom_symdef.txt ABSOLUTE
    attm_env                                 0x000804ac   Data           0  rom_symdef.txt ABSOLUTE
    attm_state                               0x000804b4   Data           0  rom_symdef.txt ABSOLUTE
    atts_env                                 0x000804b8   Data           0  rom_symdef.txt ABSOLUTE
    atts_state                               0x000804d0   Data           0  rom_symdef.txt ABSOLUTE
    gattc_env                                0x000804d8   Data           0  rom_symdef.txt ABSOLUTE
    gattc_state                              0x000804f0   Data           0  rom_symdef.txt ABSOLUTE
    gattm_env                                0x000804f6   Data           0  rom_symdef.txt ABSOLUTE
    gattm_state                              0x000804fc   Data           0  rom_symdef.txt ABSOLUTE
    l2cc_env                                 0x00080500   Data           0  rom_symdef.txt ABSOLUTE
    l2cc_state                               0x00080518   Data           0  rom_symdef.txt ABSOLUTE
    l2cm_env                                 0x0008051e   Data           0  rom_symdef.txt ABSOLUTE
    l2cm_state                               0x00080524   Data           0  rom_symdef.txt ABSOLUTE
    smpc_env                                 0x00080528   Data           0  rom_symdef.txt ABSOLUTE
    smpc_state                               0x00080540   Data           0  rom_symdef.txt ABSOLUTE
    smpm_env                                 0x00080548   Data           0  rom_symdef.txt ABSOLUTE
    smpm_state                               0x00080550   Data           0  rom_symdef.txt ABSOLUTE
    gapc_env                                 0x00080554   Data           0  rom_symdef.txt ABSOLUTE
    gapc_state                               0x0008056c   Data           0  rom_symdef.txt ABSOLUTE
    gap_cfg_table                            0x00080574   Data           0  rom_symdef.txt ABSOLUTE
    gapm_env                                 0x00080578   Data           0  rom_symdef.txt ABSOLUTE
    gapm_state                               0x000805a4   Data           0  rom_symdef.txt ABSOLUTE
    ke_env                                   0x000805a8   Data           0  rom_symdef.txt ABSOLUTE
    ke_task_env                              0x00080604   Data           0  rom_symdef.txt ABSOLUTE
    nvds_data_ptr                            0x000806c0   Data           0  rom_symdef.txt ABSOLUTE
    func_check_mem_flag                      0x000806c4   Data           0  rom_symdef.txt ABSOLUTE
    ke_mem_heaps_used                        0x000806c5   Data           0  rom_symdef.txt ABSOLUTE
    rwip_env                                 0x000806c6   Data           0  rom_symdef.txt ABSOLUTE
    ble_reg_save                             0x000806cc   Data           0  rom_symdef.txt ABSOLUTE
    rwip_rf                                  0x0008071c   Data           0  rom_symdef.txt ABSOLUTE
    rwip_heap_db_ret                         0x00080768   Data        1036  jump_table.o(heap_db_area)
    rwip_heap_env_ret                        0x00080b74   Data         340  jump_table.o(heap_env_area)
    rwip_heap_msg_ret                        0x00080cc8   Data        1324  jump_table.o(heap_msg_area)
    descript                                 0x00082a20   Data        1502  arch_main.o(.ARM.__AT_0x00082A20)
    __Vectors                                0x20000000   Data           4  boot_vectors.o(RESET)
    __Vectors_End                            0x200000a0   Data           0  boot_vectors.o(RESET)
    jump_table_base                          0x20000160   Data         352  jump_table.o(jump_table_mem_area)
    gap_timeout_table                        0x200002c0   Data         100  gapm.o(timeout_table_area)
    nvds_data_storage                        0x20000340   Data         164  nvds.o(nvds_data_storage_area)
    __main                                   0x20000441   Thumb Code     0  entry.o(.ARM.Collect$$$$00000000)
    _main_stk                                0x20000441   Thumb Code     0  entry2.o(.ARM.Collect$$$$00000001)
    _main_scatterload                        0x20000445   Thumb Code     0  entry5.o(.ARM.Collect$$$$00000004)
    __main_after_scatterload                 0x20000449   Thumb Code     0  entry5.o(.ARM.Collect$$$$00000004)
    _main_clock                              0x20000449   Thumb Code     0  entry7b.o(.ARM.Collect$$$$00000008)
    _main_cpp_init                           0x20000449   Thumb Code     0  entry8b.o(.ARM.Collect$$$$0000000A)
    _main_init                               0x20000449   Thumb Code     0  entry9a.o(.ARM.Collect$$$$0000000B)
    __rt_final_cpp                           0x20000451   Thumb Code     0  entry10a.o(.ARM.Collect$$$$0000000D)
    __rt_final_exit                          0x20000451   Thumb Code     0  entry11a.o(.ARM.Collect$$$$0000000F)
    SystemInit                               0x20000455   Thumb Code    70  system_armcm0.o(.text)
    Reset_Handler                            0x200004a9   Thumb Code     8  boot_vectors.o(.text)
    PendSV_Handler                           0x200004f9   Thumb Code     2  boot_vectors.o(.text)
    SysTick_Handler                          0x200004fb   Thumb Code     2  boot_vectors.o(.text)
    GPIO3_Handler                            0x200004fd   Thumb Code     0  boot_vectors.o(.text)
    SWTIM_Handler                            0x200004fd   Thumb Code     0  boot_vectors.o(.text)
    UART2_Handler                            0x200004fd   Thumb Code     0  boot_vectors.o(.text)
    WKUP_QUADEC_Handler                      0x200004fd   Thumb Code     0  boot_vectors.o(.text)
    HardFault_HandlerC                       0x20000515   Thumb Code    84  hardfault_handler.o(.text)
    patch_gtl_task                           0x200005b5   Thumb Code    40  arch_main.o(.text)
    SVC_Handler_c                            0x200005f3   Thumb Code    22  arch_main.o(.text)
    patch_func                               0x20000609   Thumb Code    98  arch_main.o(.text)
    lld_sleep_init_func                      0x2000066b   Thumb Code    26  arch_main.o(.text)
    main_func                                0x20000685   Thumb Code   616  arch_main.o(.text)
    dummyf                                   0x20000999   Thumb Code     2  jump_table.o(.text)
    app_disable_sleep                        0x2000099d   Thumb Code    26  arch_sleep.o(.text)
    app_set_extended_sleep                   0x200009b7   Thumb Code    26  arch_sleep.o(.text)
    app_set_deep_sleep                       0x200009d1   Thumb Code    28  arch_sleep.o(.text)
    app_restore_sleep_mode                   0x200009ed   Thumb Code    68  arch_sleep.o(.text)
    app_force_active_mode                    0x20000a31   Thumb Code    30  arch_sleep.o(.text)
    app_ble_ext_wakeup_on                    0x20000a4f   Thumb Code     8  arch_sleep.o(.text)
    app_ble_ext_wakeup_off                   0x20000a57   Thumb Code     8  arch_sleep.o(.text)
    app_ble_ext_wakeup_get                   0x20000a5f   Thumb Code     6  arch_sleep.o(.text)
    app_last_rwble_evt_get                   0x20000a65   Thumb Code     6  arch_sleep.o(.text)
    NMI_HandlerC                             0x20000a7d   Thumb Code   124  nmi_handler.o(.text)
    GPIO_reservations                        0x20000b09   Thumb Code   152  periph_setup.o(.text)
    set_pad_functions                        0x20000ba1   Thumb Code    66  periph_setup.o(.text)
    periph_init                              0x20000be3   Thumb Code    54  periph_setup.o(.text)
    select_lp_clk                            0x20000c21   Thumb Code     8  arch_system.o(.text)
    init_pwr_and_clk_ble                     0x20000c29   Thumb Code   196  arch_system.o(.text)
    set_pxact_gpio                           0x20000ced   Thumb Code    24  arch_system.o(.text)
    calibrate_rcx20                          0x20000d05   Thumb Code    28  arch_system.o(.text)
    read_rcx_freq                            0x20000d21   Thumb Code   104  arch_system.o(.text)
    set_sleep_delay                          0x20000d89   Thumb Code    42  arch_system.o(.text)
    conditionally_run_radio_cals             0x20000db3   Thumb Code    82  arch_system.o(.text)
    lld_sleep_us_2_lpcycles_rcx_func         0x20000e05   Thumb Code    18  arch_system.o(.text)
    lld_sleep_lpcycles_2_us_rcx_func         0x20000e17   Thumb Code    14  arch_system.o(.text)
    lld_sleep_us_2_lpcycles_sel_func         0x20000e25   Thumb Code    24  arch_system.o(.text)
    lld_sleep_lpcycles_2_us_sel_func         0x20000e3d   Thumb Code    24  arch_system.o(.text)
    check_gtl_state                          0x20000e55   Thumb Code    32  arch_system.o(.text)
    uart_flow_off_func                       0x20000e75   Thumb Code    58  arch_system.o(.text)
    iq_trim_from_otp                         0x20000ef9   Thumb Code    54  rf_580.o(.text)
    rf_reg_rd                                0x20000f2f   Thumb Code     4  rf_580.o(.text)
    rf_reg_wr                                0x20000f33   Thumb Code     2  rf_580.o(.text)
    rf_reset                                 0x20000f35   Thumb Code     2  rf_580.o(.text)
    rf_force_agc_enable                      0x20000f37   Thumb Code     2  rf_580.o(.text)
    rf_txpwr_dbm_get                         0x20000f39   Thumb Code     4  rf_580.o(.text)
    rf_regs                                  0x20000f4d   Thumb Code   214  rf_580.o(.text)
    rf_init_func                             0x20001025   Thumb Code   138  rf_580.o(.text)
    rf_reinit_func                           0x200010af   Thumb Code   188  rf_580.o(.text)
    ke_task_init_func                        0x200012af   Thumb Code    20  ke_task.obj(.text)
    my_llc_con_update_req_ind                0x200012d5   Thumb Code   100  ch_map.obj(.text)
    my_llc_ch_map_req_ind                    0x20001339   Thumb Code    84  ch_map.obj(.text)
    l2cc_pdu_recv_ind_handler                0x20001399   Thumb Code   232  atts_task.obj(.text)
    smpc_send_pairing_req_ind                0x20001485   Thumb Code   190  smpc.obj(.text)
    smpc_check_pairing_feat                  0x20001543   Thumb Code    38  smpc.obj(.text)
    smpc_pairing_cfm_handler                 0x20001571   Thumb Code   518  smpc_task.obj(.text)
    patched_gapm_adv_op_sanity               0x2000177d   Thumb Code   208  gapm_util.obj(.text)
    custom_nvds_get_func                     0x200018fd   Thumb Code   548  nvds.o(.text)
    nvds_read_bdaddr_from_otp                0x20001b21   Thumb Code    50  nvds.o(.text)
    rwip_sleep                               0x20001b71   Thumb Code   330  rwip.o(.text)
    BLE_WAKEUP_LP_Handler                    0x20001ce9   Thumb Code   134  rwble.o(.text)
    lld_sleep_compensate_func_patched        0x20001d6f   Thumb Code    46  rwble.o(.text)
    BLE_SLP_Handler                          0x20001d9d   Thumb Code    74  rwble.o(.text)
    BLE_RX_Handler                           0x20001de7   Thumb Code     8  rwble.o(.text)
    BLE_EVENT_Handler                        0x20001def   Thumb Code    24  rwble.o(.text)
    BLE_RF_DIAG_Handler                      0x20001e07   Thumb Code    72  rwble.o(.text)
    diss_init                                0x20001e79   Thumb Code    28  diss.o(.text)
    diss_compute_cfg_flag                    0x20001e95   Thumb Code    38  diss.o(.text)
    diss_check_val_len                       0x20001ebb   Thumb Code    42  diss.o(.text)
    diss_disable                             0x20001ee5   Thumb Code    42  diss.o(.text)
    proxr_init                               0x20002019   Thumb Code    28  proxr.o(.text)
    proxr_alert_start                        0x20002035   Thumb Code    34  proxr.o(.text)
    proxr_disable                            0x20002057   Thumb Code    92  proxr.o(.text)
    prf_server_error_ind_send                0x20002275   Thumb Code    44  prf_utils.o(.text)
    prf_server_send_event                    0x200022a1   Thumb Code    42  prf_utils.o(.text)
    prf_pack_date_time                       0x200022cb   Thumb Code    32  prf_utils.o(.text)
    prf_unpack_date_time                     0x200022eb   Thumb Code    34  prf_utils.o(.text)
    prf_init_func                            0x2000230d   Thumb Code    12  prf_utils.o(.text)
    prf_cleanup_func                         0x20002319   Thumb Code    54  prf_utils.o(.text)
    __aeabi_fmul                             0x20002355   Thumb Code   122  fmul.o(.text)
    __aeabi_fdiv                             0x200023cf   Thumb Code   124  fdiv.o(.text)
    __ARM_scalbnf                            0x2000244b   Thumb Code    24  fscalb.o(.text)
    scalbnf                                  0x2000244b   Thumb Code     0  fscalb.o(.text)
    __aeabi_ui2f                             0x20002463   Thumb Code    14  ffltui.o(.text)
    __aeabi_f2uiz                            0x20002471   Thumb Code    40  ffixui.o(.text)
    __aeabi_f2d                              0x20002499   Thumb Code    40  f2d.o(.text)
    __aeabi_d2f                              0x200024c1   Thumb Code    56  d2f.o(.text)
    _float_round                             0x200024f9   Thumb Code    16  fepilogue.o(.text)
    _float_epilogue                          0x20002509   Thumb Code   116  fepilogue.o(.text)
    __scatterload                            0x2000257d   Thumb Code    28  init.o(.text)
    __scatterload_rt2                        0x2000257d   Thumb Code     0  init.o(.text)
    Long Thumb to Thumb Veneer to ke_state_get 0x200025a1   Thumb Code    12  anon$$obj.o(Veneer$$Code)
    Long Thumb to Thumb Veneer to co_list_push_back 0x200025ad   Thumb Code    12  anon$$obj.o(Veneer$$Code)
    Long Thumb to Thumb Veneer to gtl_send_msg 0x200025b9   Thumb Code    12  anon$$obj.o(Veneer$$Code)
    Long Thumb to Thumb Veneer to ke_state_set 0x200025c5   Thumb Code    12  anon$$obj.o(Veneer$$Code)
    Long Thumb to Thumb Veneer to set_system_clocks 0x200025d1   Thumb Code    12  anon$$obj.o(Veneer$$Code)
    Long Thumb to Thumb Veneer to srand      0x200025dd   Thumb Code    12  anon$$obj.o(Veneer$$Code)
    Long Thumb to Thumb Veneer to nvds_init  0x200025e9   Thumb Code    12  anon$$obj.o(Veneer$$Code)
    Long Thumb to Thumb Veneer to rwip_init  0x200025f5   Thumb Code    12  anon$$obj.o(Veneer$$Code)
    Long Thumb to Thumb Veneer to enable_rf_diag_irq 0x20002601   Thumb Code    12  anon$$obj.o(Veneer$$Code)
    Long Thumb to Thumb Veneer to app_get_sleep_mode 0x2000260d   Thumb Code    12  anon$$obj.o(Veneer$$Code)
    Long Thumb to Thumb Veneer to rwip_prevent_sleep_get 0x20002619   Thumb Code    12  anon$$obj.o(Veneer$$Code)
    Long Thumb to Thumb Veneer to ke_event_get 0x20002625   Thumb Code    12  anon$$obj.o(Veneer$$Code)
    Long Thumb to Thumb Veneer to rwip_schedule 0x20002631   Thumb Code    12  anon$$obj.o(Veneer$$Code)
    Long Thumb to Thumb Veneer to lld_sleep_check 0x2000263d   Thumb Code    12  anon$$obj.o(Veneer$$Code)
    Long Thumb to Thumb Veneer to func_check_mem 0x20002649   Thumb Code    12  anon$$obj.o(Veneer$$Code)
    Long Thumb to Thumb Veneer to test_rxdone 0x20002655   Thumb Code    12  anon$$obj.o(Veneer$$Code)
    Long Thumb to Thumb Veneer to ke_mem_is_empty 0x20002661   Thumb Code    12  anon$$obj.o(Veneer$$Code)
    Long Thumb to Thumb Veneer to uart_init  0x2000266d   Thumb Code    12  anon$$obj.o(Veneer$$Code)
    Long Thumb to Thumb Veneer to __aeabi_uidivmod 0x20002679   Thumb Code    12  anon$$obj.o(Veneer$$Code)
    Long Thumb to Thumb Veneer to __aeabi_dmul 0x20002685   Thumb Code    12  anon$$obj.o(Veneer$$Code)
    Long Thumb to Thumb Veneer to rwip_wakeup_delay_set 0x20002691   Thumb Code    12  anon$$obj.o(Veneer$$Code)
    Long Thumb to Thumb Veneer to get_rc16m_count 0x2000269d   Thumb Code    12  anon$$obj.o(Veneer$$Code)
    Long Thumb to Thumb Veneer to pll_vcocal_LUT_InitUpdate 0x200026a9   Thumb Code    12  anon$$obj.o(Veneer$$Code)
    Long Thumb to Thumb Veneer to rf_calibration 0x200026b5   Thumb Code    12  anon$$obj.o(Veneer$$Code)
    Long Thumb to Thumb Veneer to lld_sleep_us_2_lpcycles_func 0x200026c1   Thumb Code    12  anon$$obj.o(Veneer$$Code)
    Long Thumb to Thumb Veneer to lld_sleep_lpcycles_2_us_func 0x200026cd   Thumb Code    12  anon$$obj.o(Veneer$$Code)
    Long Thumb to Thumb Veneer to uart_flow_on 0x200026d9   Thumb Code    12  anon$$obj.o(Veneer$$Code)
    Long Thumb to Thumb Veneer to __aeabi_memcpy 0x200026e5   Thumb Code    12  anon$$obj.o(Veneer$$Code)
    Long Thumb to Thumb Veneer to co_list_pop_front 0x200026f1   Thumb Code    12  anon$$obj.o(Veneer$$Code)
    Long Thumb to Thumb Veneer to ke_task_handler_get 0x200026fd   Thumb Code    12  anon$$obj.o(Veneer$$Code)
    Long Thumb to Thumb Veneer to ke_msg_free 0x20002709   Thumb Code    12  anon$$obj.o(Veneer$$Code)
    Long Thumb to Thumb Veneer to ke_event_clear 0x20002715   Thumb Code    12  anon$$obj.o(Veneer$$Code)
    Long Thumb to Thumb Veneer to __aeabi_memclr4 0x20002721   Thumb Code    12  anon$$obj.o(Veneer$$Code)
    Long Thumb to Thumb Veneer to ke_event_callback_set 0x2000272d   Thumb Code    12  anon$$obj.o(Veneer$$Code)
    Long Thumb to Thumb Veneer to lld_con_update_ind 0x20002739   Thumb Code    12  anon$$obj.o(Veneer$$Code)
    Long Thumb to Thumb Veneer to llc_util_dicon_procedure 0x20002745   Thumb Code    12  anon$$obj.o(Veneer$$Code)
    Long Thumb to Thumb Veneer to lld_ch_map_ind 0x20002751   Thumb Code    12  anon$$obj.o(Veneer$$Code)
    Long Thumb to Thumb Veneer to __ARM_common_switch8 0x2000275d   Thumb Code    12  anon$$obj.o(Veneer$$Code)
    Long Thumb to Thumb Veneer to ke_timer_clear 0x20002769   Thumb Code    12  anon$$obj.o(Veneer$$Code)
    Long Thumb to Thumb Veneer to atts_send_cmd_cmp 0x20002775   Thumb Code    12  anon$$obj.o(Veneer$$Code)
    Long Thumb to Thumb Veneer to atts_mtu_exc_resp 0x20002781   Thumb Code    12  anon$$obj.o(Veneer$$Code)
    Long Thumb to Thumb Veneer to atts_find_info_resp 0x2000278d   Thumb Code    12  anon$$obj.o(Veneer$$Code)
    Long Thumb to Thumb Veneer to atts_find_by_type_resp 0x20002799   Thumb Code    12  anon$$obj.o(Veneer$$Code)
    Long Thumb to Thumb Veneer to atts_read_by_type_resp 0x200027a5   Thumb Code    12  anon$$obj.o(Veneer$$Code)
    Long Thumb to Thumb Veneer to atts_read_by_grp_type_resp 0x200027b1   Thumb Code    12  anon$$obj.o(Veneer$$Code)
    Long Thumb to Thumb Veneer to atts_read_resp 0x200027bd   Thumb Code    12  anon$$obj.o(Veneer$$Code)
    Long Thumb to Thumb Veneer to atts_read_blob_resp 0x200027c9   Thumb Code    12  anon$$obj.o(Veneer$$Code)
    Long Thumb to Thumb Veneer to atts_read_mult_resp 0x200027d5   Thumb Code    12  anon$$obj.o(Veneer$$Code)
    Long Thumb to Thumb Veneer to atts_write_no_resp 0x200027e1   Thumb Code    12  anon$$obj.o(Veneer$$Code)
    Long Thumb to Thumb Veneer to atts_write_resp 0x200027ed   Thumb Code    12  anon$$obj.o(Veneer$$Code)
    Long Thumb to Thumb Veneer to atts_signed_write_resp 0x200027f9   Thumb Code    12  anon$$obj.o(Veneer$$Code)
    Long Thumb to Thumb Veneer to atts_prepare_write_resp 0x20002805   Thumb Code    12  anon$$obj.o(Veneer$$Code)
    Long Thumb to Thumb Veneer to atts_execute_write_resp 0x20002811   Thumb Code    12  anon$$obj.o(Veneer$$Code)
    Long Thumb to Thumb Veneer to ke_msg_alloc 0x2000281d   Thumb Code    12  anon$$obj.o(Veneer$$Code)
    Long Thumb to Thumb Veneer to gapc_get_enc_keysize 0x20002829   Thumb Code    12  anon$$obj.o(Veneer$$Code)
    Long Thumb to Thumb Veneer to gapc_get_role 0x20002835   Thumb Code    12  anon$$obj.o(Veneer$$Code)
    Long Thumb to Thumb Veneer to ke_msg_send 0x20002841   Thumb Code    12  anon$$obj.o(Veneer$$Code)
    Long Thumb to Thumb Veneer to smpc_generate_rand 0x2000284d   Thumb Code    12  anon$$obj.o(Veneer$$Code)
    Long Thumb to Thumb Veneer to smpc_tkdp_send_continue 0x20002859   Thumb Code    12  anon$$obj.o(Veneer$$Code)
    Long Thumb to Thumb Veneer to smpc_pdu_send 0x20002865   Thumb Code    12  anon$$obj.o(Veneer$$Code)
    Long Thumb to Thumb Veneer to smpc_tkdp_rcp_start 0x20002871   Thumb Code    12  anon$$obj.o(Veneer$$Code)
    Long Thumb to Thumb Veneer to smpc_pairing_end 0x2000287d   Thumb Code    12  anon$$obj.o(Veneer$$Code)
    Long Thumb to Thumb Veneer to smpc_check_max_key_size 0x20002889   Thumb Code    12  anon$$obj.o(Veneer$$Code)
    Long Thumb to Thumb Veneer to smpc_check_key_distrib 0x20002895   Thumb Code    12  anon$$obj.o(Veneer$$Code)
    Long Thumb to Thumb Veneer to smpc_get_key_sec_prop 0x200028a1   Thumb Code    12  anon$$obj.o(Veneer$$Code)
    Long Thumb to Thumb Veneer to smpc_is_sec_mode_reached 0x200028ad   Thumb Code    12  anon$$obj.o(Veneer$$Code)
    Long Thumb to Thumb Veneer to gapm_get_privacy_flag 0x200028b9   Thumb Code    12  anon$$obj.o(Veneer$$Code)
    Long Thumb to Thumb Veneer to gapm_set_recon_addr 0x200028c5   Thumb Code    12  anon$$obj.o(Veneer$$Code)
    Long Thumb to Thumb Veneer to memcmp     0x200028d1   Thumb Code    12  anon$$obj.o(Veneer$$Code)
    Long Thumb to Thumb Veneer to ke_sleep_check 0x200028dd   Thumb Code    12  anon$$obj.o(Veneer$$Code)
    Long Thumb to Thumb Veneer to ke_timer_sleep_check 0x200028e9   Thumb Code    12  anon$$obj.o(Veneer$$Code)
    Long Thumb to Thumb Veneer to gtl_enter_sleep 0x200028f5   Thumb Code    12  anon$$obj.o(Veneer$$Code)
    Long Thumb to Thumb Veneer to lld_sleep_enter 0x20002901   Thumb Code    12  anon$$obj.o(Veneer$$Code)
    Long Thumb to Thumb Veneer to ble_regs_push 0x2000290d   Thumb Code    12  anon$$obj.o(Veneer$$Code)
    Long Thumb to Thumb Veneer to smpc_regs_push 0x20002919   Thumb Code    12  anon$$obj.o(Veneer$$Code)
    Long Thumb to Thumb Veneer to ble_regs_pop 0x20002925   Thumb Code    12  anon$$obj.o(Veneer$$Code)
    Long Thumb to Thumb Veneer to gtl_eif_init 0x20002931   Thumb Code    12  anon$$obj.o(Veneer$$Code)
    Long Thumb to Thumb Veneer to rwip_wakeup 0x2000293d   Thumb Code    12  anon$$obj.o(Veneer$$Code)
    Long Thumb to Thumb Veneer to rf_workaround_init 0x20002949   Thumb Code    12  anon$$obj.o(Veneer$$Code)
    Long Thumb to Thumb Veneer to rf_reinit  0x20002955   Thumb Code    12  anon$$obj.o(Veneer$$Code)
    Long Thumb to Thumb Veneer to lld_evt_rx_isr 0x20002961   Thumb Code    12  anon$$obj.o(Veneer$$Code)
    Long Thumb to Thumb Veneer to lld_evt_end_isr 0x2000296d   Thumb Code    12  anon$$obj.o(Veneer$$Code)
    Long Thumb to Thumb Veneer to set_rf_cal_cap 0x20002979   Thumb Code    12  anon$$obj.o(Veneer$$Code)
    Long Thumb to Thumb Veneer to set_gauss_modgain 0x20002985   Thumb Code    12  anon$$obj.o(Veneer$$Code)
    Long Thumb to Thumb Veneer to __aeabi_memclr 0x20002991   Thumb Code    12  anon$$obj.o(Veneer$$Code)
    Long Thumb to Thumb Veneer to ke_task_create 0x2000299d   Thumb Code    12  anon$$obj.o(Veneer$$Code)
    Long Thumb to Thumb Veneer to attmdb_svc_set_permission 0x200029a9   Thumb Code    12  anon$$obj.o(Veneer$$Code)
    Long Thumb to Thumb Veneer to attm_svc_create_db 0x200029b5   Thumb Code    12  anon$$obj.o(Veneer$$Code)
    Long Thumb to Thumb Veneer to attmdb_att_set_value 0x200029c1   Thumb Code    12  anon$$obj.o(Veneer$$Code)
    Long Thumb to Thumb Veneer to gapc_get_conidx 0x200029cd   Thumb Code    12  anon$$obj.o(Veneer$$Code)
    Long Thumb to Thumb Veneer to attmdb_att_get_value 0x200029d9   Thumb Code    12  anon$$obj.o(Veneer$$Code)
    Long Thumb to Thumb Veneer to gapc_get_conhdl 0x200029e5   Thumb Code    12  anon$$obj.o(Veneer$$Code)
    Long Thumb to Thumb Veneer to atts_write_rsp_send 0x200029f1   Thumb Code    12  anon$$obj.o(Veneer$$Code)
    Long Thumb to Thumb Veneer to gapc_send_disconect_ind 0x200029fd   Thumb Code    12  anon$$obj.o(Veneer$$Code)
    Long Thumb to Thumb Veneer to __aeabi_llsl 0x20002a09   Thumb Code    12  anon$$obj.o(Veneer$$Code)
    GPIO_ConfigurePin                        0x20002a15   Thumb Code    78  gpio.o(i.GPIO_ConfigurePin)
    GPIO_SetActive                           0x20002a69   Thumb Code    58  gpio.o(i.GPIO_SetActive)
    GPIO_SetInactive                         0x20002aad   Thumb Code    58  gpio.o(i.GPIO_SetInactive)
    GPIO_SetPinFunction                      0x20002af1   Thumb Code    64  gpio.o(i.GPIO_SetPinFunction)
    GPIO_init                                0x20002b39   Thumb Code   140  gpio.o(i.GPIO_init)
    __scatterload_copy                       0x20002bcd   Thumb Code    14  handlers.o(i.__scatterload_copy)
    __scatterload_null                       0x20002bdb   Thumb Code     2  handlers.o(i.__scatterload_null)
    __scatterload_zeroinit                   0x20002bdd   Thumb Code    14  handlers.o(i.__scatterload_zeroinit)
    my_gtl_default_state                     0x20002bec   Data          24  arch_main.o(.constdata)
    patch_table                              0x20002c04   Data          32  arch_main.o(.constdata)
    LUT_CFG                                  0x20002c24   Data          22  arch_main.o(.constdata)
    diss_att_db                              0x20002c44   Data         228  diss.o(.constdata)
    diss_dis_svc                             0x20002d28   Data           2  diss.o(.constdata)
    diss_manufacturer_name_char              0x20002d2a   Data           5  diss.o(.constdata)
    diss_model_nb_str_char                   0x20002d2f   Data           5  diss.o(.constdata)
    diss_serial_nb_str_char                  0x20002d34   Data           5  diss.o(.constdata)
    diss_hard_rev_str_char                   0x20002d39   Data           5  diss.o(.constdata)
    diss_firm_rev_str_char                   0x20002d3e   Data           5  diss.o(.constdata)
    diss_sw_rev_str_char                     0x20002d43   Data           5  diss.o(.constdata)
    diss_system_id_char                      0x20002d48   Data           5  diss.o(.constdata)
    diss_ieee_char                           0x20002d4d   Data           5  diss.o(.constdata)
    diss_pnp_id_char                         0x20002d52   Data           5  diss.o(.constdata)
    diss_disabled                            0x20002d68   Data           8  diss_task.o(.constdata)
    diss_idle                                0x20002d70   Data          16  diss_task.o(.constdata)
    diss_default_state                       0x20002d80   Data           8  diss_task.o(.constdata)
    diss_state_handler                       0x20002d88   Data          24  diss_task.o(.constdata)
    diss_default_handler                     0x20002da0   Data           8  diss_task.o(.constdata)
    proxr_lls_att_db                         0x20002da8   Data          36  proxr.o(.constdata)
    proxr_ias_att_db                         0x20002dcc   Data          36  proxr.o(.constdata)
    proxr_txps_att_db                        0x20002df0   Data          36  proxr.o(.constdata)
    proxr_lls_svc                            0x20002e14   Data           2  proxr.o(.constdata)
    proxr_lls_alert_lvl_char                 0x20002e16   Data           5  proxr.o(.constdata)
    proxr_ias_svc                            0x20002e1c   Data           2  proxr.o(.constdata)
    proxr_ias_alert_lvl_char                 0x20002e1e   Data           5  proxr.o(.constdata)
    proxr_txps_svc                           0x20002e24   Data           2  proxr.o(.constdata)
    proxr_txps_tx_power_lvl_char             0x20002e26   Data           5  proxr.o(.constdata)
    proxr_disabled                           0x20002e3c   Data           8  proxr_task.o(.constdata)
    proxr_idle                               0x20002e44   Data           8  proxr_task.o(.constdata)
    proxr_connected                          0x20002e4c   Data           8  proxr_task.o(.constdata)
    proxr_default_state                      0x20002e54   Data           8  proxr_task.o(.constdata)
    proxr_state_handler                      0x20002e5c   Data          24  proxr_task.o(.constdata)
    proxr_default_handler                    0x20002e74   Data           8  proxr_task.o(.constdata)
    Region$$Table$$Base                      0x20002e7c   Number         0  anon$$obj.o(Region$$Table)
    Region$$Table$$Limit                     0x20002eac   Number         0  anon$$obj.o(Region$$Table)
    my_gtl_default_handler                   0x20002eac   Data           8  arch_main.o(.data)
    TASK_DESC_GTL                            0x20002eb4   Data          16  arch_main.o(.data)
    sys_startup_flag                         0x20008000   Data           1  arch_main.o(retention_mem_area0)
    sleep_md                                 0x20008001   Data           1  arch_sleep.o(retention_mem_area0)
    sleep_pend                               0x20008002   Data           1  arch_sleep.o(retention_mem_area0)
    sleep_cnt                                0x20008003   Data           1  arch_sleep.o(retention_mem_area0)
    sleep_ext_force                          0x20008004   Data           1  arch_sleep.o(retention_mem_area0)
    cal_enable                               0x20008008   Data           1  arch_system.o(retention_mem_area0)
    lp_clk_sel                               0x2000800c   Data           4  arch_system.o(retention_mem_area0)
    rcx_freq                                 0x20008010   Data           4  arch_system.o(retention_mem_area0)
    rcx_period                               0x20008014   Data           4  arch_system.o(retention_mem_area0)
    rcx_slot_duration                        0x20008018   Data           4  arch_system.o(retention_mem_area0)
    dev_bdaddr                               0x2000801c   Data           6  nvds.o(retention_mem_area0)
    rwble_last_event                         0x20008022   Data           1  rwble.o(retention_mem_area0)
    diss_env                                 0x20008024   Data          18  diss.o(retention_mem_area0)
    diss_state                               0x20008036   Data           1  diss_task.o(retention_mem_area0)
    proxr_env                                0x20008038   Data          12  proxr.o(retention_mem_area0)
    proxr_state                              0x20008044   Data           1  proxr_task.o(retention_mem_area0)
    rwip_heap_non_ret                        0x20008bf4   Data        1036  jump_table.o(heap_mem_area_not_ret)
    SystemCoreClock                          0x20009000   Data           0  rom_symdef.txt ABSOLUTE
    error                                    0x20009004   Data           0  rom_symdef.txt ABSOLUTE
    GPIO_status                              0x20009020   Data           8  gpio.o(.bss)
    GPIO                                     0x20009028   Data         160  gpio.o(.bss)
    __initial_sp                             0x20009800   Data           0  boot_vectors.o(STACK)



==============================================================================

Memory Map of the image

  Image Entry point : 0x20000441

  Load Region LR_IROM1 (Base: 0x20000000, Size: 0x000000a0, Max: 0x00000160, ABSOLUTE)

    Execution Region ER_IROM1 (Base: 0x20000000, Size: 0x000000a0, Max: 0x00000160, ABSOLUTE)

    Base Addr    Size         Type   Attr      Idx    E Section Name        Object

    0x20000000   0x000000a0   Data   RO           52    RESET               boot_vectors.o



  Load Region LR_IROM2 (Base: 0x20000160, Size: 0x00000160, Max: 0x00000160, ABSOLUTE)

    Execution Region ER_IROM2 (Base: 0x20000160, Size: 0x00000160, Max: 0x00000160, ABSOLUTE)

    Base Addr    Size         Type   Attr      Idx    E Section Name        Object

    0x20000160   0x00000160   Data   RO          399    jump_table_mem_area  jump_table.o



  Load Region LR_IROM3 (Base: 0x200002c0, Size: 0x00000064, Max: 0x00000080, ABSOLUTE)

    Execution Region ER_IROM3 (Base: 0x200002c0, Size: 0x00000064, Max: 0x00000080, ABSOLUTE)

    Base Addr    Size         Type   Attr      Idx    E Section Name        Object

    0x200002c0   0x00000064   Data   RO          692    timeout_table_area  gapm.o



  Load Region LR_IROM4 (Base: 0x20000340, Size: 0x000000a4, Max: 0x00000100, ABSOLUTE)

    Execution Region ER_IROM4 (Base: 0x20000340, Size: 0x000000a4, Max: 0x00000100, ABSOLUTE)

    Base Addr    Size         Type   Attr      Idx    E Section Name        Object

    0x20000340   0x000000a4   Data   RO          948    nvds_data_storage_area  nvds.o



  Load Region LR_IROM5 (Base: 0x20000440, Size: 0x00002a84, Max: 0x000093c0, ABSOLUTE)

    Execution Region ER_IROM5 (Base: 0x20000440, Size: 0x00002a84, Max: 0x00007ac0, ABSOLUTE)

    Base Addr    Size         Type   Attr      Idx    E Section Name        Object

    0x20000440   0x00000000   Code   RO         1637  * .ARM.Collect$$$$00000000  mc_p.l(entry.o)
    0x20000440   0x00000004   Code   RO         1652    .ARM.Collect$$$$00000001  mc_p.l(entry2.o)
    0x20000444   0x00000004   Code   RO         1655    .ARM.Collect$$$$00000004  mc_p.l(entry5.o)
    0x20000448   0x00000000   Code   RO         1657    .ARM.Collect$$$$00000008  mc_p.l(entry7b.o)
    0x20000448   0x00000000   Code   RO         1659    .ARM.Collect$$$$0000000A  mc_p.l(entry8b.o)
    0x20000448   0x00000008   Code   RO         1660    .ARM.Collect$$$$0000000B  mc_p.l(entry9a.o)
    0x20000450   0x00000000   Code   RO         1662    .ARM.Collect$$$$0000000D  mc_p.l(entry10a.o)
    0x20000450   0x00000000   Code   RO         1664    .ARM.Collect$$$$0000000F  mc_p.l(entry11a.o)
    0x20000450   0x00000004   Code   RO         1653    .ARM.Collect$$$$00002712  mc_p.l(entry2.o)
    0x20000454   0x00000054   Code   RO            2    .text               system_armcm0.o
    0x200004a8   0x0000006c   Code   RO           53    .text               boot_vectors.o
    0x20000514   0x0000005c   Code   RO           58    .text               hardfault_handler.o
    0x20000570   0x00000428   Code   RO          111    .text               arch_main.o
    0x20000998   0x00000002   Code   RO          394    .text               jump_table.o
    0x2000099a   0x00000002   PAD
    0x2000099c   0x000000e0   Code   RO          515    .text               arch_sleep.o
    0x20000a7c   0x0000008c   Code   RO          531    .text               nmi_handler.o
    0x20000b08   0x00000118   Code   RO          546    .text               periph_setup.o
    0x20000c20   0x000002d8   Code   RO          565    .text               arch_system.o
    0x20000ef8   0x00000324   Code   RO          614    .text               rf_580.o
    0x2000121c   0x000000b8   Code   RO          688    .text               ke_task.obj
    0x200012d4   0x000000c4   Code   RO          690    .text               ch_map.obj
    0x20001398   0x000000ec   Code   RO          755    .text               atts_task.obj
    0x20001484   0x000000ec   Code   RO          759    .text               smpc.obj
    0x20001570   0x0000020c   Code   RO          761    .text               smpc_task.obj
    0x2000177c   0x00000180   Code   RO          763    .text               gapm_util.obj
    0x200018fc   0x00000274   Code   RO          947    .text               nvds.o
    0x20001b70   0x00000178   Code   RO          964    .text               rwip.o
    0x20001ce8   0x00000190   Code   RO          983    .text               rwble.o
    0x20001e78   0x000000a4   Code   RO         1106    .text               diss.o
    0x20001f1c   0x000000fc   Code   RO         1160    .text               diss_task.o
    0x20002018   0x000000a8   Code   RO         1294    .text               proxr.o
    0x200020c0   0x000001b4   Code   RO         1326    .text               proxr_task.o
    0x20002274   0x000000e0   Code   RO         1377    .text               prf_utils.o
    0x20002354   0x0000007a   Code   RO         1638    .text               mf_p.l(fmul.o)
    0x200023ce   0x0000007c   Code   RO         1640    .text               mf_p.l(fdiv.o)
    0x2000244a   0x00000018   Code   RO         1642    .text               mf_p.l(fscalb.o)
    0x20002462   0x0000000e   Code   RO         1644    .text               mf_p.l(ffltui.o)
    0x20002470   0x00000028   Code   RO         1646    .text               mf_p.l(ffixui.o)
    0x20002498   0x00000028   Code   RO         1648    .text               mf_p.l(f2d.o)
    0x200024c0   0x00000038   Code   RO         1650    .text               mf_p.l(d2f.o)
    0x200024f8   0x00000084   Code   RO         1666    .text               mf_p.l(fepilogue.o)
    0x2000257c   0x00000024   Code   RO         1668    .text               mc_p.l(init.o)
    0x200025a0   0x0000000c   Ven    RO         1678    Veneer$$Code        anon$$obj.o
    0x200025ac   0x0000000c   Ven    RO         1679    Veneer$$Code        anon$$obj.o
    0x200025b8   0x0000000c   Ven    RO         1680    Veneer$$Code        anon$$obj.o
    0x200025c4   0x0000000c   Ven    RO         1681    Veneer$$Code        anon$$obj.o
    0x200025d0   0x0000000c   Ven    RO         1682    Veneer$$Code        anon$$obj.o
    0x200025dc   0x0000000c   Ven    RO         1683    Veneer$$Code        anon$$obj.o
    0x200025e8   0x0000000c   Ven    RO         1684    Veneer$$Code        anon$$obj.o
    0x200025f4   0x0000000c   Ven    RO         1685    Veneer$$Code        anon$$obj.o
    0x20002600   0x0000000c   Ven    RO         1686    Veneer$$Code        anon$$obj.o
    0x2000260c   0x0000000c   Ven    RO         1687    Veneer$$Code        anon$$obj.o
    0x20002618   0x0000000c   Ven    RO         1688    Veneer$$Code        anon$$obj.o
    0x20002624   0x0000000c   Ven    RO         1689    Veneer$$Code        anon$$obj.o
    0x20002630   0x0000000c   Ven    RO         1690    Veneer$$Code        anon$$obj.o
    0x2000263c   0x0000000c   Ven    RO         1691    Veneer$$Code        anon$$obj.o
    0x20002648   0x0000000c   Ven    RO         1692    Veneer$$Code        anon$$obj.o
    0x20002654   0x0000000c   Ven    RO         1693    Veneer$$Code        anon$$obj.o
    0x20002660   0x0000000c   Ven    RO         1694    Veneer$$Code        anon$$obj.o
    0x2000266c   0x0000000c   Ven    RO         1695    Veneer$$Code        anon$$obj.o
    0x20002678   0x0000000c   Ven    RO         1696    Veneer$$Code        anon$$obj.o
    0x20002684   0x0000000c   Ven    RO         1697    Veneer$$Code        anon$$obj.o
    0x20002690   0x0000000c   Ven    RO         1698    Veneer$$Code        anon$$obj.o
    0x2000269c   0x0000000c   Ven    RO         1699    Veneer$$Code        anon$$obj.o
    0x200026a8   0x0000000c   Ven    RO         1700    Veneer$$Code        anon$$obj.o
    0x200026b4   0x0000000c   Ven    RO         1701    Veneer$$Code        anon$$obj.o
    0x200026c0   0x0000000c   Ven    RO         1702    Veneer$$Code        anon$$obj.o
    0x200026cc   0x0000000c   Ven    RO         1703    Veneer$$Code        anon$$obj.o
    0x200026d8   0x0000000c   Ven    RO         1704    Veneer$$Code        anon$$obj.o
    0x200026e4   0x0000000c   Ven    RO         1705    Veneer$$Code        anon$$obj.o
    0x200026f0   0x0000000c   Ven    RO         1706    Veneer$$Code        anon$$obj.o
    0x200026fc   0x0000000c   Ven    RO         1707    Veneer$$Code        anon$$obj.o
    0x20002708   0x0000000c   Ven    RO         1708    Veneer$$Code        anon$$obj.o
    0x20002714   0x0000000c   Ven    RO         1709    Veneer$$Code        anon$$obj.o
    0x20002720   0x0000000c   Ven    RO         1710    Veneer$$Code        anon$$obj.o
    0x2000272c   0x0000000c   Ven    RO         1711    Veneer$$Code        anon$$obj.o
    0x20002738   0x0000000c   Ven    RO         1712    Veneer$$Code        anon$$obj.o
    0x20002744   0x0000000c   Ven    RO         1713    Veneer$$Code        anon$$obj.o
    0x20002750   0x0000000c   Ven    RO         1714    Veneer$$Code        anon$$obj.o
    0x2000275c   0x0000000c   Ven    RO         1715    Veneer$$Code        anon$$obj.o
    0x20002768   0x0000000c   Ven    RO         1716    Veneer$$Code        anon$$obj.o
    0x20002774   0x0000000c   Ven    RO         1717    Veneer$$Code        anon$$obj.o
    0x20002780   0x0000000c   Ven    RO         1718    Veneer$$Code        anon$$obj.o
    0x2000278c   0x0000000c   Ven    RO         1719    Veneer$$Code        anon$$obj.o
    0x20002798   0x0000000c   Ven    RO         1720    Veneer$$Code        anon$$obj.o
    0x200027a4   0x0000000c   Ven    RO         1721    Veneer$$Code        anon$$obj.o
    0x200027b0   0x0000000c   Ven    RO         1722    Veneer$$Code        anon$$obj.o
    0x200027bc   0x0000000c   Ven    RO         1723    Veneer$$Code        anon$$obj.o
    0x200027c8   0x0000000c   Ven    RO         1724    Veneer$$Code        anon$$obj.o
    0x200027d4   0x0000000c   Ven    RO         1725    Veneer$$Code        anon$$obj.o
    0x200027e0   0x0000000c   Ven    RO         1726    Veneer$$Code        anon$$obj.o
    0x200027ec   0x0000000c   Ven    RO         1727    Veneer$$Code        anon$$obj.o
    0x200027f8   0x0000000c   Ven    RO         1728    Veneer$$Code        anon$$obj.o
    0x20002804   0x0000000c   Ven    RO         1729    Veneer$$Code        anon$$obj.o
    0x20002810   0x0000000c   Ven    RO         1730    Veneer$$Code        anon$$obj.o
    0x2000281c   0x0000000c   Ven    RO         1731    Veneer$$Code        anon$$obj.o
    0x20002828   0x0000000c   Ven    RO         1732    Veneer$$Code        anon$$obj.o
    0x20002834   0x0000000c   Ven    RO         1733    Veneer$$Code        anon$$obj.o
    0x20002840   0x0000000c   Ven    RO         1734    Veneer$$Code        anon$$obj.o
    0x2000284c   0x0000000c   Ven    RO         1735    Veneer$$Code        anon$$obj.o
    0x20002858   0x0000000c   Ven    RO         1736    Veneer$$Code        anon$$obj.o
    0x20002864   0x0000000c   Ven    RO         1737    Veneer$$Code        anon$$obj.o
    0x20002870   0x0000000c   Ven    RO         1738    Veneer$$Code        anon$$obj.o
    0x2000287c   0x0000000c   Ven    RO         1739    Veneer$$Code        anon$$obj.o
    0x20002888   0x0000000c   Ven    RO         1740    Veneer$$Code        anon$$obj.o
    0x20002894   0x0000000c   Ven    RO         1741    Veneer$$Code        anon$$obj.o
    0x200028a0   0x0000000c   Ven    RO         1742    Veneer$$Code        anon$$obj.o
    0x200028ac   0x0000000c   Ven    RO         1743    Veneer$$Code        anon$$obj.o
    0x200028b8   0x0000000c   Ven    RO         1744    Veneer$$Code        anon$$obj.o
    0x200028c4   0x0000000c   Ven    RO         1745    Veneer$$Code        anon$$obj.o
    0x200028d0   0x0000000c   Ven    RO         1746    Veneer$$Code        anon$$obj.o
    0x200028dc   0x0000000c   Ven    RO         1747    Veneer$$Code        anon$$obj.o
    0x200028e8   0x0000000c   Ven    RO         1748    Veneer$$Code        anon$$obj.o
    0x200028f4   0x0000000c   Ven    RO         1749    Veneer$$Code        anon$$obj.o
    0x20002900   0x0000000c   Ven    RO         1750    Veneer$$Code        anon$$obj.o
    0x2000290c   0x0000000c   Ven    RO         1751    Veneer$$Code        anon$$obj.o
    0x20002918   0x0000000c   Ven    RO         1752    Veneer$$Code        anon$$obj.o
    0x20002924   0x0000000c   Ven    RO         1753    Veneer$$Code        anon$$obj.o
    0x20002930   0x0000000c   Ven    RO         1754    Veneer$$Code        anon$$obj.o
    0x2000293c   0x0000000c   Ven    RO         1755    Veneer$$Code        anon$$obj.o
    0x20002948   0x0000000c   Ven    RO         1756    Veneer$$Code        anon$$obj.o
    0x20002954   0x0000000c   Ven    RO         1757    Veneer$$Code        anon$$obj.o
    0x20002960   0x0000000c   Ven    RO         1758    Veneer$$Code        anon$$obj.o
    0x2000296c   0x0000000c   Ven    RO         1759    Veneer$$Code        anon$$obj.o
    0x20002978   0x0000000c   Ven    RO         1760    Veneer$$Code        anon$$obj.o
    0x20002984   0x0000000c   Ven    RO         1761    Veneer$$Code        anon$$obj.o
    0x20002990   0x0000000c   Ven    RO         1762    Veneer$$Code        anon$$obj.o
    0x2000299c   0x0000000c   Ven    RO         1763    Veneer$$Code        anon$$obj.o
    0x200029a8   0x0000000c   Ven    RO         1764    Veneer$$Code        anon$$obj.o
    0x200029b4   0x0000000c   Ven    RO         1765    Veneer$$Code        anon$$obj.o
    0x200029c0   0x0000000c   Ven    RO         1766    Veneer$$Code        anon$$obj.o
    0x200029cc   0x0000000c   Ven    RO         1767    Veneer$$Code        anon$$obj.o
    0x200029d8   0x0000000c   Ven    RO         1768    Veneer$$Code        anon$$obj.o
    0x200029e4   0x0000000c   Ven    RO         1769    Veneer$$Code        anon$$obj.o
    0x200029f0   0x0000000c   Ven    RO         1770    Veneer$$Code        anon$$obj.o
    0x200029fc   0x0000000c   Ven    RO         1771    Veneer$$Code        anon$$obj.o
    0x20002a08   0x0000000c   Ven    RO         1772    Veneer$$Code        anon$$obj.o
    0x20002a14   0x00000054   Code   RO          670    i.GPIO_ConfigurePin  gpio.o
    0x20002a68   0x00000044   Code   RO          664    i.GPIO_SetActive    gpio.o
    0x20002aac   0x00000044   Code   RO          658    i.GPIO_SetInactive  gpio.o
    0x20002af0   0x00000048   Code   RO          652    i.GPIO_SetPinFunction  gpio.o
    0x20002b38   0x00000094   Code   RO          646    i.GPIO_init         gpio.o
    0x20002bcc   0x0000000e   Code   RO         1672    i.__scatterload_copy  mc_p.l(handlers.o)
    0x20002bda   0x00000002   Code   RO         1673    i.__scatterload_null  mc_p.l(handlers.o)
    0x20002bdc   0x0000000e   Code   RO         1674    i.__scatterload_zeroinit  mc_p.l(handlers.o)
    0x20002bea   0x00000002   PAD
    0x20002bec   0x00000018   Data   RO          113    .constdata          arch_main.o
    0x20002c04   0x00000020   Data   RO          114    .constdata          arch_main.o
    0x20002c24   0x00000016   Data   RO          115    .constdata          arch_main.o
    0x20002c3a   0x00000008   Data   RO          640    .constdata          gpio.o
    0x20002c42   0x00000002   PAD
    0x20002c44   0x000000e4   Data   RO         1107    .constdata          diss.o
    0x20002d28   0x00000002   Data   RO         1108    .constdata          diss.o
    0x20002d2a   0x00000005   Data   RO         1109    .constdata          diss.o
    0x20002d2f   0x00000005   Data   RO         1110    .constdata          diss.o
    0x20002d34   0x00000005   Data   RO         1111    .constdata          diss.o
    0x20002d39   0x00000005   Data   RO         1112    .constdata          diss.o
    0x20002d3e   0x00000005   Data   RO         1113    .constdata          diss.o
    0x20002d43   0x00000005   Data   RO         1114    .constdata          diss.o
    0x20002d48   0x00000005   Data   RO         1115    .constdata          diss.o
    0x20002d4d   0x00000005   Data   RO         1116    .constdata          diss.o
    0x20002d52   0x00000005   Data   RO         1117    .constdata          diss.o
    0x20002d57   0x00000001   PAD
    0x20002d58   0x00000010   Data   RO         1118    .constdata          diss.o
    0x20002d68   0x00000008   Data   RO         1161    .constdata          diss_task.o
    0x20002d70   0x00000010   Data   RO         1162    .constdata          diss_task.o
    0x20002d80   0x00000008   Data   RO         1163    .constdata          diss_task.o
    0x20002d88   0x00000018   Data   RO         1164    .constdata          diss_task.o
    0x20002da0   0x00000008   Data   RO         1165    .constdata          diss_task.o
    0x20002da8   0x00000024   Data   RO         1295    .constdata          proxr.o
    0x20002dcc   0x00000024   Data   RO         1296    .constdata          proxr.o
    0x20002df0   0x00000024   Data   RO         1297    .constdata          proxr.o
    0x20002e14   0x00000002   Data   RO         1298    .constdata          proxr.o
    0x20002e16   0x00000005   Data   RO         1299    .constdata          proxr.o
    0x20002e1b   0x00000001   PAD
    0x20002e1c   0x00000002   Data   RO         1300    .constdata          proxr.o
    0x20002e1e   0x00000005   Data   RO         1301    .constdata          proxr.o
    0x20002e23   0x00000001   PAD
    0x20002e24   0x00000002   Data   RO         1302    .constdata          proxr.o
    0x20002e26   0x00000005   Data   RO         1303    .constdata          proxr.o
    0x20002e2b   0x00000001   PAD
    0x20002e2c   0x00000010   Data   RO         1304    .constdata          proxr.o
    0x20002e3c   0x00000008   Data   RO         1327    .constdata          proxr_task.o
    0x20002e44   0x00000008   Data   RO         1328    .constdata          proxr_task.o
    0x20002e4c   0x00000008   Data   RO         1329    .constdata          proxr_task.o
    0x20002e54   0x00000008   Data   RO         1330    .constdata          proxr_task.o
    0x20002e5c   0x00000018   Data   RO         1331    .constdata          proxr_task.o
    0x20002e74   0x00000008   Data   RO         1332    .constdata          proxr_task.o
    0x20002e7c   0x00000030   Data   RO         1670    Region$$Table       anon$$obj.o
    0x20002eac   0x00000008   Data   RW          116    .data               arch_main.o
    0x20002eb4   0x00000010   Data   RW          117    .data               arch_main.o


    Execution Region RW_IRAM50 (Base: 0x20008000, Size: 0x00000048, Max: 0x00000bf4, ABSOLUTE)

    Base Addr    Size         Type   Attr      Idx    E Section Name        Object

    0x20008000   0x00000001   Zero   RW          118    retention_mem_area0  arch_main.o
    0x20008001   0x00000004   Zero   RW          516    retention_mem_area0  arch_sleep.o
    0x20008005   0x00000003   PAD
    0x20008008   0x00000014   Zero   RW          566    retention_mem_area0  arch_system.o
    0x2000801c   0x00000006   Zero   RW          949    retention_mem_area0  nvds.o
    0x20008022   0x00000001   Zero   RW          984    retention_mem_area0  rwble.o
    0x20008023   0x00000001   PAD
    0x20008024   0x00000012   Zero   RW         1119    retention_mem_area0  diss.o
    0x20008036   0x00000001   Zero   RW         1166    retention_mem_area0  diss_task.o
    0x20008037   0x00000001   PAD
    0x20008038   0x0000000c   Zero   RW         1305    retention_mem_area0  proxr.o
    0x20008044   0x00000001   Zero   RW         1333    retention_mem_area0  proxr_task.o


    Execution Region RW_IRAM51 (Base: 0x20008bf4, Size: 0x0000040c, Max: 0x0000040c, ABSOLUTE, UNINIT)

    Base Addr    Size         Type   Attr      Idx    E Section Name        Object

    0x20008bf4   0x0000040c   Zero   RW          397    heap_mem_area_not_ret  jump_table.o


    Execution Region RW_IRAM52 (Base: 0x20009000, Size: 0x00000020, Max: 0x00000020, ABSOLUTE, UNINIT)

    Base Addr    Size         Type   Attr      Idx    E Section Name        Object

    0x20009000   0x00000020   Zero   RW            1    RW_IRAM52.bss       anon$$obj.o


    Execution Region RW_IRAM53 (Base: 0x20009020, Size: 0x000000a8, Max: 0x000001e0, ABSOLUTE)

    Base Addr    Size         Type   Attr      Idx    E Section Name        Object

    0x20009020   0x000000a8   Zero   RW          639    .bss                gpio.o


    Execution Region RW_IRAM54 (Base: 0x20009200, Size: 0x00000600, Max: 0x00000600, ABSOLUTE, UNINIT)

    Base Addr    Size         Type   Attr      Idx    E Section Name        Object

    0x20009200   0x00000600   Zero   RW           50    STACK               boot_vectors.o



  Load Region LR_RETENTION_RAM2 (Base: 0x00080768, Size: 0x00000000, Max: 0x00002968, ABSOLUTE)

    Execution Region ZI_RET20 (Base: 0x00080768, Size: 0x00000a8c, Max: 0x00002968, ABSOLUTE, UNINIT)

    Base Addr    Size         Type   Attr      Idx    E Section Name        Object

    0x00080768   0x0000040c   Zero   RW          395    heap_db_area        jump_table.o
    0x00080b74   0x00000154   Zero   RW          396    heap_env_area       jump_table.o
    0x00080cc8   0x0000052c   Zero   RW          398    heap_msg_area       jump_table.o


    Execution Region ZI_RET21 (Base: 0x000811f4, Size: 0x00001e0c, Max: 0xffffffff, ABSOLUTE)

    Base Addr    Size         Type   Attr      Idx    E Section Name        Object

    0x000811f4   0x0000182c   PAD
    0x00082a20   0x000005de   Zero   RW          112    .ARM.__AT_0x00082A20  arch_main.o


==============================================================================

Image component sizes


      Code (inc. data)   RO Data    RW Data    ZI Data      Debug   Object Name

      1064        158         78         24       1503     142991   arch_main.o
       224         18          0          0          4       2867   arch_sleep.o
       728         74          0          0         20      81967   arch_system.o
       236         18          0          0          0         72   atts_task.obj
       108         22        160          0       1536        720   boot_vectors.o
       196         12          0          0          0        108   ch_map.obj
       164         14        291          0         18       5737   diss.o
       252         12         64          0          1       3724   diss_task.o
         0          0        100          0          0       7553   gapm.o
       384         38          0          0          0      57941   gapm_util.obj
       440         42          8          0        168       5525   gpio.o
        92          8          0          0          0      91503   hardfault_handler.o
         2          0        352          0       3736       9304   jump_table.o
       184         18          0          0          0         96   ke_task.obj
       140         16          0          0          0       6427   nmi_handler.o
       628         30        164          0          6       2395   nvds.o
       280          8          0          0          0       2984   periph_setup.o
       224          6          0          0          0       5847   prf_utils.o
       168         14        145          0         12       4611   proxr.o
       436         20         64          0          1       4146   proxr_task.o
       804        178          0          0          0      64716   rf_580.o
       400         42          0          0          1      63135   rwble.o
       376         46          0          0          0      62930   rwip.o
       236          8          0          0          0        136   smpc.obj
       524          6          0          0          0         84   smpc_task.obj
        84         14          0          0          0     100073   system_armcm0.o

    ----------------------------------------------------------------------
      9516       1202       1480         24      13236     727592   Object Totals
      1140        380         48          0         32          0   (incl. Generated)
         2          0          6          0       6198          0   (incl. Padding)

    ----------------------------------------------------------------------

      Code (inc. data)   RO Data    RW Data    ZI Data      Debug   Library Member Name

         0          0          0          0          0          0   entry.o
         0          0          0          0          0          0   entry10a.o
         0          0          0          0          0          0   entry11a.o
         8          4          0          0          0          0   entry2.o
         4          0          0          0          0          0   entry5.o
         0          0          0          0          0          0   entry7b.o
         0          0          0          0          0          0   entry8b.o
         8          4          0          0          0          0   entry9a.o
        30          0          0          0          0          0   handlers.o
        36          8          0          0          0         68   init.o
        56          0          0          0          0         68   d2f.o
        40          0          0          0          0         60   f2d.o
       124          0          0          0          0         72   fdiv.o
       132          0          0          0          0        144   fepilogue.o
        40          0          0          0          0         60   ffixui.o
        14          0          0          0          0         68   ffltui.o
       122          0          0          0          0         72   fmul.o
        24          0          0          0          0         60   fscalb.o

    ----------------------------------------------------------------------
       640         16          0          0          0        672   Library Totals
         2          0          0          0          0          0   (incl. Padding)

    ----------------------------------------------------------------------

      Code (inc. data)   RO Data    RW Data    ZI Data      Debug   Library Name

        86         16          0          0          0         68   mc_p.l
       552          0          0          0          0        604   mf_p.l

    ----------------------------------------------------------------------
       640         16          0          0          0        672   Library Totals

    ----------------------------------------------------------------------

==============================================================================


      Code (inc. data)   RO Data    RW Data    ZI Data      Debug   

     10156       1218       1480         24      13236     726100   Grand Totals
     10156       1218       1480         24      13236     726100   ELF Image Totals
     10156       1218       1480         24          0          0   ROM Totals

==============================================================================

    Total RO  Size (Code + RO Data)                11636 (  11.36kB)
    Total RW  Size (RW Data + ZI Data)             13260 (  12.95kB)
    Total ROM Size (Code + RO Data + RW Data)      11660 (  11.39kB)

==============================================================================

