<html>
<body>
<pre>
<h1>µVision Build Log</h1>
<h2>Project:</h2>
E:\HGroup\Work\Ref\dialog\dialog\DA14580_SDK_3.0.4.0\dk_apps\keil_projects\hps_test\hps_test_fh\hps_test_fh.uvproj
Project File Date:  11/17/2015

<h2>Output:</h2>
Build target 'hps_test_fh'
compiling hpss_task.c...
..\..\..\src\ip\ble\hl\src\profiles\hps\hpss\hpss_task.c(126): error:  #20: identifier "hrps_env" is undefined
..\..\..\src\ip\ble\hl\src\profiles\hps\hpss\hpss_task.c(317): warning:  #223-D: function "hpss_status_code_send_cfm_send" declared implicitly
Target not created
Build target 'hps_test_fh'
compiling hpss_task.c...
..\..\..\src\ip\ble\hl\src\profiles\hps\hpss\hpss_task.c(126): error:  #136: struct "hpss_env_tag" has no field "shdl"
..\..\..\src\ip\ble\hl\src\profiles\hps\hpss\hpss_task.c(317): warning:  #223-D: function "hpss_status_code_send_cfm_send" declared implicitly
Target not created
Build target 'hps_test_fh'
compiling hpss_task.c...
..\..\..\src\ip\ble\hl\src\profiles\hps\hpss\hpss_task.c(126): error:  #136: struct "hpss_env_tag" has no field "shdl"
..\..\..\src\ip\ble\hl\src\profiles\hps\hpss\hpss_task.c(317): warning:  #223-D: function "hpss_status_code_send_cfm_send" declared implicitly
Target not created
Build target 'hps_test_fh'
compiling hpss_task.c...
..\..\..\src\ip\ble\hl\src\profiles\hps\hpss\hpss_task.c(126): error:  #136: struct "hpss_env_tag" has no field "shdl"
..\..\..\src\ip\ble\hl\src\profiles\hps\hpss\hpss_task.c(317): warning:  #223-D: function "hpss_status_code_send_cfm_send" declared implicitly
Target not created
Build target 'hps_test_fh'
compiling hpss_task.c...
..\..\..\src\ip\ble\hl\src\profiles\hps\hpss\hpss_task.c(317): warning:  #223-D: function "hpss_status_code_send_cfm_send" declared implicitly
linking...
Program Size: Code=12132 RO-data=1280 RW-data=28 ZI-data=13240  
FromELF: creating hex file...
".\out\hps_test_fh.axf" - 0 Error(s), 1 Warning(s).
Build target 'hps_test_fh'
compiling prf_utils.c...
compiling hpss.c...
..\..\..\src\ip\ble\hl\src\profiles\hps\hpss\hpss.c(180): warning:  #223-D: function "gapc_get_conhdl" declared implicitly
compiling hpss_task.c...
..\..\..\src\ip\ble\hl\src\profiles\hps\hpss\hpss_task.c(203): error:  #20: identifier "HRPS_CFG_INDNTF_IND" is undefined
..\..\..\src\ip\ble\hl\src\profiles\hps\hpss\hpss_task.c(203): error:  #20: identifier "hrps_env" is undefined
..\..\..\src\ip\ble\hl\src\profiles\hps\hpss\hpss_task.c(203): error:  #70: incomplete type is not allowed
..\..\..\src\ip\ble\hl\src\profiles\hps\hpss\hpss_task.c(207): error:  #393: pointer to incomplete class type is not allowed
..\..\..\src\ip\ble\hl\src\profiles\hps\hpss\hpss_task.c(208): error:  #393: pointer to incomplete class type is not allowed
..\..\..\src\ip\ble\hl\src\profiles\hps\hpss\hpss_task.c(358): warning:  #223-D: function "hpss_status_code_send_cfm_send" declared implicitly
compiling app.c...
compiling app_task.c...
compiling app_hps_proj.c...
compiling app_hps.c...
compiling app_hps_task.c...
Target not created
Build target 'hps_test_fh'
compiling prf_utils.c...
compiling hpss.c...
..\..\..\src\ip\ble\hl\src\profiles\hps\hpss\hpss.c(180): warning:  #223-D: function "gapc_get_conhdl" declared implicitly
compiling hpss_task.c...
..\..\..\src\ip\ble\hl\src\profiles\hps\hpss\hpss_task.c(203): error:  #20: identifier "hrps_env" is undefined
..\..\..\src\ip\ble\hl\src\profiles\hps\hpss\hpss_task.c(358): warning:  #223-D: function "hpss_status_code_send_cfm_send" declared implicitly
compiling app.c...
compiling app_task.c...
compiling app_hps_proj.c...
compiling app_hps.c...
compiling app_hps_task.c...
Target not created
Build target 'hps_test_fh'
compiling hpss_task.c...
..\..\..\src\ip\ble\hl\src\profiles\hps\hpss\hpss_task.c(358): warning:  #223-D: function "hpss_status_code_send_cfm_send" declared implicitly
linking...
Program Size: Code=12188 RO-data=1280 RW-data=28 ZI-data=13240  
FromELF: creating hex file...
".\out\hps_test_fh.axf" - 0 Error(s), 1 Warning(s).
Build target 'hps_test_fh'
linking...
Program Size: Code=12188 RO-data=1280 RW-data=28 ZI-data=13240  
FromELF: creating hex file...
".\out\hps_test_fh.axf" - 0 Error(s), 0 Warning(s).
Build target 'hps_test_fh'
compiling system_ARMCM0.c...
compiling hardfault_handler.c...
..\..\..\src\plf\refip\src\arch\main\ble\hardfault_handler.c(121): warning:  #223-D: function "BKPT" declared implicitly
compiling arch_main.c...
..\..\..\src\plf\refip\src\arch\main\ble\arch_main.c(113): warning:  #1215-D: #warning directive: "==============================================================> DEVELOPMENT_DEBUG is set!"
compiling jump_table.c...
compiling arch_sleep.c...
compiling nmi_handler.c...
compiling periph_setup.c...
compiling arch_system.c...
compiling rf_580.c...
compiling gpio.c...
..\..\..\src\plf\refip\src\driver\gpio\gpio.c(57): warning:  #1215-D: #warning directive: "GPIO assignment checking is active! Deactivate before burning OTP..."
compiling uart2.c...
compiling gapm.c...
compiling nvds.c...
compiling rwip.c...
compiling rwble.c...
compiling accel.c...
compiling accel_task.c...
compiling basc.c...
compiling basc_task.c...
compiling bass.c...
compiling bass_task.c...
compiling blpc.c...
compiling blpc_task.c...
compiling blps.c...
compiling blps_task.c...
compiling disc.c...
compiling disc_task.c...
compiling diss.c...
compiling diss_task.c...
compiling findt.c...
compiling findt_task.c...
compiling hogpbh.c...
compiling hogpbh_task.c...
compiling hogpd.c...
compiling hogpd_task.c...
compiling hogprh.c...
compiling hogprh_task.c...
compiling hrpc.c...
compiling hrpc_task.c...
compiling hrps.c...
compiling hrps_task.c...
compiling htpc.c...
compiling htpc_task.c...
compiling htpt.c...
compiling htpt_task.c...
compiling proxm.c...
compiling proxm_task.c...
compiling proxr.c...
compiling proxr_task.c...
compiling scppc.c...
compiling scppc_task.c...
compiling scpps.c...
compiling scpps_task.c...
compiling prf_utils.c...
compiling anpc.c...
compiling anpc_task.c...
compiling anps.c...
compiling anps_task.c...
compiling cscpc.c...
compiling cscpc_task.c...
compiling cscps.c...
compiling cscps_task.c...
compiling glpc.c...
compiling glpc_task.c...
compiling glps.c...
compiling glps_task.c...
compiling paspc.c...
compiling paspc_task.c...
compiling pasps.c...
compiling pasps_task.c...
compiling rscpc.c...
compiling rscpc_task.c...
compiling rscps.c...
compiling rscps_task.c...
compiling tipc.c...
compiling tipc_task.c...
compiling tips.c...
compiling tips_task.c...
compiling findl.c...
compiling findl_task.c...
compiling cppc.c...
compiling cppc_task.c...
compiling cpps.c...
compiling cpps_task.c...
compiling lanc.c...
compiling lanc_task.c...
compiling lans.c...
compiling lans_task.c...
compiling hpss.c...
..\..\..\src\ip\ble\hl\src\profiles\hps\hpss\hpss.c(180): warning:  #223-D: function "gapc_get_conhdl" declared implicitly
compiling hpss_task.c...
..\..\..\src\ip\ble\hl\src\profiles\hps\hpss\hpss_task.c(358): warning:  #223-D: function "hpss_status_code_send_cfm_send" declared implicitly
compiling app.c...
compiling app_sec.c...
compiling app_sec_task.c...
compiling app_task.c...
compiling app_console.c...
compiling app_hps_proj.c...
compiling app_hps.c...
compiling app_hps_task.c...
linking...
Program Size: Code=15972 RO-data=1280 RW-data=28 ZI-data=13240  
FromELF: creating hex file...
".\out\hps_test_fh.axf" - 0 Error(s), 5 Warning(s).
Build target 'hps_test_fh'
compiling hpss_task.c...
..\..\..\src\ip\ble\hl\src\profiles\hps\hpss\hpss_task.c(182): error:  #20: identifier "PRF_APP_OK" is undefined
..\..\..\src\ip\ble\hl\src\profiles\hps\hpss\hpss_task.c(359): warning:  #223-D: function "hpss_status_code_send_cfm_send" declared implicitly
Target not created
Build target 'hps_test_fh'
compiling hpss_task.c...
..\..\..\src\ip\ble\hl\src\profiles\hps\hpss\hpss_task.c(359): warning:  #223-D: function "hpss_status_code_send_cfm_send" declared implicitly
linking...
Program Size: Code=15976 RO-data=1280 RW-data=28 ZI-data=13240  
FromELF: creating hex file...
".\out\hps_test_fh.axf" - 0 Error(s), 1 Warning(s).
Build target 'hps_test_fh'
compiling hpss_task.c...
..\..\..\src\ip\ble\hl\src\profiles\hps\hpss\hpss_task.c(361): warning:  #223-D: function "hpss_status_code_send_cfm_send" declared implicitly
linking...
Program Size: Code=15932 RO-data=1280 RW-data=28 ZI-data=13240  
FromELF: creating hex file...
".\out\hps_test_fh.axf" - 0 Error(s), 1 Warning(s).
Build target 'hps_test_fh'
compiling hpss_task.c...
..\..\..\src\ip\ble\hl\src\profiles\hps\hpss\hpss_task.c(367): warning:  #223-D: function "hpss_status_code_send_cfm_send" declared implicitly
linking...
Program Size: Code=15948 RO-data=1280 RW-data=28 ZI-data=13240  
FromELF: creating hex file...
".\out\hps_test_fh.axf" - 0 Error(s), 1 Warning(s).
Build target 'hps_test_fh'
compiling hpss.c...
..\..\..\src\ip\ble\hl\src\profiles\hps\hpss\hpss.c(180): warning:  #223-D: function "gapc_get_conhdl" declared implicitly
linking...
Program Size: Code=15948 RO-data=1284 RW-data=28 ZI-data=13240  
FromELF: creating hex file...
".\out\hps_test_fh.axf" - 0 Error(s), 1 Warning(s).
Build target 'hps_test_fh'
compiling prf_utils.c...
compiling hpss.c...
..\..\..\src\ip\ble\hl\src\profiles\hps\hpss\hpss.c(180): warning:  #223-D: function "gapc_get_conhdl" declared implicitly
compiling hpss_task.c...
..\..\..\src\ip\ble\hl\src\profiles\hps\hpss\hpss_task.c(367): warning:  #223-D: function "hpss_status_code_send_cfm_send" declared implicitly
compiling app.c...
compiling app_task.c...
.\..\..\..\src\modules\app\api\app_task_handlers.h(189): error:  #20: identifier "hpss_status_code_ntf_cfg_ind_handler" is undefined
.\..\..\..\src\modules\app\api\app_task_handlers.h(189): error:  #44: expression must have pointer type
compiling app_hps_proj.c...
compiling app_hps.c...
compiling app_hps_task.c...
Target not created
Build target 'hps_test_fh'
compiling app.c...
compiling app_task.c...
compiling app_hps_proj.c...
compiling app_hps.c...
compiling app_hps_task.c...
linking...
Program Size: Code=15956 RO-data=1292 RW-data=28 ZI-data=13240  
FromELF: creating hex file...
".\out\hps_test_fh.axf" - 0 Error(s), 0 Warning(s).
Build target 'hps_test_fh'
compiling hpss_task.c...
..\..\..\src\ip\ble\hl\src\profiles\hps\hpss\hpss_task.c(365): warning:  #223-D: function "hpss_status_code_send_cfm_send" declared implicitly
linking...
Program Size: Code=16000 RO-data=1292 RW-data=28 ZI-data=13240  
FromELF: creating hex file...
".\out\hps_test_fh.axf" - 0 Error(s), 1 Warning(s).
Build target 'hps_test_fh'
compiling hpss_task.c...
..\..\..\src\ip\ble\hl\src\profiles\hps\hpss\hpss_task.c(365): warning:  #223-D: function "hpss_status_code_send_cfm_send" declared implicitly
linking...
Program Size: Code=16016 RO-data=1292 RW-data=28 ZI-data=13240  
FromELF: creating hex file...
".\out\hps_test_fh.axf" - 0 Error(s), 1 Warning(s).
Build target 'hps_test_fh'
compiling hpss_task.c...
..\..\..\src\ip\ble\hl\src\profiles\hps\hpss\hpss_task.c(343): warning:  #550-D: variable "status_att" was set but never used
..\..\..\src\ip\ble\hl\src\profiles\hps\hpss\hpss_task.c(366): warning:  #223-D: function "hpss_status_code_send_cfm_send" declared implicitly
linking...
Program Size: Code=16020 RO-data=1292 RW-data=28 ZI-data=13240  
FromELF: creating hex file...
".\out\hps_test_fh.axf" - 0 Error(s), 2 Warning(s).
Build target 'hps_test_fh'
compiling app_hps_task.c...
linking...
Program Size: Code=16056 RO-data=1292 RW-data=28 ZI-data=13240  
FromELF: creating hex file...
".\out\hps_test_fh.axf" - 0 Error(s), 0 Warning(s).
Build target 'hps_test_fh'
compiling app_task.c...
.\..\..\..\src\modules\app\api\app_task_handlers.h(189): error:  #20: identifier "hpss_header_ind_handler" is undefined
.\..\..\..\src\modules\app\api\app_task_handlers.h(189): error:  #44: expression must have pointer type
.\..\..\..\src\modules\app\api\app_task_handlers.h(190): error:  #20: identifier "hpss_body_ind_handler" is undefined
.\..\..\..\src\modules\app\api\app_task_handlers.h(190): error:  #44: expression must have pointer type
.\..\..\..\src\modules\app\api\app_task_handlers.h(191): error:  #20: identifier "hpss_cntl_pt_ind_handler" is undefined
.\..\..\..\src\modules\app\api\app_task_handlers.h(191): error:  #44: expression must have pointer type
compiling app_hps_task.c...
Target not created
Build target 'hps_test_fh'
compiling app.c...
compiling app_task.c...
compiling app_hps_proj.c...
compiling app_hps.c...
compiling app_hps_task.c...
linking...
Program Size: Code=16192 RO-data=1316 RW-data=28 ZI-data=13240  
FromELF: creating hex file...
".\out\hps_test_fh.axf" - 0 Error(s), 0 Warning(s).
Build target 'hps_test_fh'
compiling hpss_task.c...
..\..\..\src\ip\ble\hl\src\profiles\hps\hpss\hpss_task.c(301): error:  #136: struct "hpss_body_ind" has no field "cntl_pt"
..\..\..\src\ip\ble\hl\src\profiles\hps\hpss\hpss_task.c(307): error:  #2706: case label value has already appeared in this switch at line 269
..\..\..\src\ip\ble\hl\src\profiles\hps\hpss\hpss_task.c(415): warning:  #550-D: variable "status_att" was set but never used
..\..\..\src\ip\ble\hl\src\profiles\hps\hpss\hpss_task.c(438): warning:  #223-D: function "hpss_status_code_send_cfm_send" declared implicitly
Target not created
Build target 'hps_test_fh'
compiling hpss_task.c...
..\..\..\src\ip\ble\hl\src\profiles\hps\hpss\hpss_task.c(415): warning:  #550-D: variable "status_att" was set but never used
..\..\..\src\ip\ble\hl\src\profiles\hps\hpss\hpss_task.c(438): warning:  #223-D: function "hpss_status_code_send_cfm_send" declared implicitly
linking...
Program Size: Code=16460 RO-data=1316 RW-data=28 ZI-data=13240  
FromELF: creating hex file...
".\out\hps_test_fh.axf" - 0 Error(s), 2 Warning(s).
Build target 'hps_test_fh'
compiling hpss_task.c...
..\..\..\src\ip\ble\hl\src\profiles\hps\hpss\hpss_task.c(437): warning:  #223-D: function "hpss_status_code_send_cfm_send" declared implicitly
linking...
Program Size: Code=16460 RO-data=1316 RW-data=28 ZI-data=13240  
FromELF: creating hex file...
".\out\hps_test_fh.axf" - 0 Error(s), 1 Warning(s).
Build target 'hps_test_fh'
compiling hpss_task.c...
..\..\..\src\ip\ble\hl\src\profiles\hps\hpss\hpss_task.c(374): warning:  #69-D: integer conversion resulted in truncation
..\..\..\src\ip\ble\hl\src\profiles\hps\hpss\hpss_task.c(475): warning:  #223-D: function "hpss_status_code_send_cfm_send" declared implicitly
linking...
Program Size: Code=16596 RO-data=1316 RW-data=28 ZI-data=13240  
FromELF: creating hex file...
".\out\hps_test_fh.axf" - 0 Error(s), 2 Warning(s).
Build target 'hps_test_fh'
compiling hpss.c...
..\..\..\src\ip\ble\hl\src\profiles\hps\hpss\hpss.c(180): warning:  #223-D: function "gapc_get_conhdl" declared implicitly
compiling hpss_task.c...
..\..\..\src\ip\ble\hl\src\profiles\hps\hpss\hpss_task.c(374): warning:  #69-D: integer conversion resulted in truncation
..\..\..\src\ip\ble\hl\src\profiles\hps\hpss\hpss_task.c(475): warning:  #223-D: function "hpss_status_code_send_cfm_send" declared implicitly
linking...
Program Size: Code=16596 RO-data=1312 RW-data=28 ZI-data=13240  
FromELF: creating hex file...
".\out\hps_test_fh.axf" - 0 Error(s), 3 Warning(s).
Build target 'hps_test_fh'
compiling hpss_task.c...
..\..\..\src\ip\ble\hl\src\profiles\hps\hpss\hpss_task.c(475): warning:  #223-D: function "hpss_status_code_send_cfm_send" declared implicitly
linking...
Program Size: Code=16596 RO-data=1312 RW-data=28 ZI-data=13240  
FromELF: creating hex file...
".\out\hps_test_fh.axf" - 0 Error(s), 1 Warning(s).
Build target 'hps_test_fh'
compiling hpss_task.c...
..\..\..\src\ip\ble\hl\src\profiles\hps\hpss\hpss_task.c(475): warning:  #223-D: function "hpss_status_code_send_cfm_send" declared implicitly
linking...
Program Size: Code=16596 RO-data=1312 RW-data=28 ZI-data=13240  
FromELF: creating hex file...
".\out\hps_test_fh.axf" - 0 Error(s), 1 Warning(s).
Build target 'hps_test_fh'
compiling hpss_task.c...
..\..\..\src\ip\ble\hl\src\profiles\hps\hpss\hpss_task.c(479): warning:  #223-D: function "hpss_status_code_send_cfm_send" declared implicitly
linking...
Program Size: Code=16616 RO-data=1312 RW-data=28 ZI-data=13240  
FromELF: creating hex file...
".\out\hps_test_fh.axf" - 0 Error(s), 1 Warning(s).
Build target 'hps_test_fh'
linking...
Program Size: Code=16616 RO-data=1312 RW-data=28 ZI-data=13240  
FromELF: creating hex file...
".\out\hps_test_fh.axf" - 0 Error(s), 0 Warning(s).
Build target 'hps_test_fh'
compiling hpss_task.c...
..\..\..\src\ip\ble\hl\src\profiles\hps\hpss\hpss_task.c(479): warning:  #223-D: function "hpss_status_code_send_cfm_send" declared implicitly
linking...
Program Size: Code=16616 RO-data=1312 RW-data=28 ZI-data=13240  
FromELF: creating hex file...
".\out\hps_test_fh.axf" - 0 Error(s), 1 Warning(s).
