ARM Linker, 4.1 [Build 791] [Standard]

==============================================================================

Section Cross References

    boot_vectors.o(RESET) refers to boot_vectors.o(STACK) for __initial_sp
    boot_vectors.o(RESET) refers to boot_vectors.o(.text) for Reset_Handler
    boot_vectors.o(RESET) refers to rwble.o(.text) for BLE_WAKEUP_LP_Handler
    boot_vectors.o(RESET) refers to uart2.o(.text) for UART2_Handler
    boot_vectors.o(.text) refers to system_armcm0.o(.text) for SystemInit
    boot_vectors.o(.text) refers to entry.o(.ARM.Collect$$$$00000000) for __main
    boot_vectors.o(.text) refers to nmi_handler.o(.text) for NMI_HandlerC
    boot_vectors.o(.text) refers to hardfault_handler.o(.text) for HardFault_HandlerC
    boot_vectors.o(.text) refers to arch_main.o(.text) for SVC_Handler_c
    hardfault_handler.o(.text) refers to nmi_handler.o(.emb_text) for BKPT
    arch_main.o(.text) refers to arch_system.o(.text) for set_sleep_delay
    arch_main.o(.text) refers to gpio.o(i.GPIO_init) for GPIO_init
    arch_main.o(.text) refers to periph_setup.o(.text) for periph_init
    arch_main.o(.text) refers to nvds.o(.text) for nvds_read_bdaddr_from_otp
    arch_main.o(.text) refers to rf_580.o(.text) for iq_trim_from_otp
    arch_main.o(.text) refers to arch_sleep.o(.text) for app_disable_sleep
    arch_main.o(.text) refers to app.o(.text) for app_init
    arch_main.o(.text) refers to rwip.o(.text) for rwip_sleep
    arch_main.o(.text) refers to arch_main.o(.constdata) for .constdata
    arch_main.o(.text) refers to arch_main.o(retention_mem_area0) for retention_mem_area0
    arch_main.o(.text) refers to arch_main.o(.ARM.__AT_0x00082A20) for .ARM.__AT_0x00082A20
    arch_main.o(.text) refers to arch_system.o(retention_mem_area0) for lp_clk_sel
    arch_main.o(.text) refers to jump_table.o(jump_table_mem_area) for jump_table_base
    arch_main.o(.constdata) refers to arch_main.o(.text) for cmp_abs_time
    arch_main.o(.constdata) refers to atts_task.obj(.text) for l2cc_pdu_recv_ind_handler
    arch_main.o(.constdata) refers to smpc.obj(.text) for smpc_send_pairing_req_ind
    arch_main.o(.constdata) refers to smpc_task.obj(.text) for smpc_pairing_cfm_handler
    arch_main.o(.constdata) refers to ch_map.obj(.text) for my_llc_con_update_req_ind
    arch_main.o(.constdata) refers to gapm_util.obj(.text) for patched_gapm_adv_op_sanity
    jump_table.o(jump_table_mem_area) refers to arch_main.o(.text) for main_func
    jump_table.o(jump_table_mem_area) refers to rf_580.o(.text) for rf_init_func
    jump_table.o(jump_table_mem_area) refers to jump_table.o(.text) for dummyf
    jump_table.o(jump_table_mem_area) refers to arch_system.o(.text) for uart_flow_off_func
    jump_table.o(jump_table_mem_area) refers to rwble.o(.text) for lld_sleep_compensate_func_patched
    jump_table.o(jump_table_mem_area) refers to jump_table.o(heap_mem_area_not_ret) for rwip_heap_non_ret
    jump_table.o(jump_table_mem_area) refers to jump_table.o(heap_env_area) for rwip_heap_env_ret
    jump_table.o(jump_table_mem_area) refers to jump_table.o(heap_db_area) for rwip_heap_db_ret
    jump_table.o(jump_table_mem_area) refers to jump_table.o(heap_msg_area) for rwip_heap_msg_ret
    jump_table.o(jump_table_mem_area) refers to ke_task.obj(.text) for ke_task_init_func
    jump_table.o(jump_table_mem_area) refers to nvds.o(.text) for custom_nvds_get_func
    jump_table.o(jump_table_mem_area) refers to arch_main.o(.constdata) for LUT_CFG
    arch_sleep.o(.text) refers to arch_sleep.o(retention_mem_area0) for retention_mem_area0
    arch_sleep.o(.text) refers to rwble.o(retention_mem_area0) for rwble_last_event
    nmi_handler.o(.text) refers to nmi_handler.o(.emb_text) for BKPT
    periph_setup.o(.text) refers to arch_main.o(.text) for patch_func
    arch_system.o(.text) refers to ffltui.o(.text) for __aeabi_ui2f
    arch_system.o(.text) refers to fdiv.o(.text) for __aeabi_fdiv
    arch_system.o(.text) refers to fscalb.o(.text) for __ARM_scalbnf
    arch_system.o(.text) refers to ffixui.o(.text) for __aeabi_f2uiz
    arch_system.o(.text) refers to f2d.o(.text) for __aeabi_f2d
    arch_system.o(.text) refers to d2f.o(.text) for __aeabi_d2f
    arch_system.o(.text) refers to arch_system.o(retention_mem_area0) for retention_mem_area0
    rf_580.o(.text) refers to arch_system.o(retention_mem_area0) for lp_clk_sel
    rf_580.o(.text) refers to jump_table.o(jump_table_mem_area) for jump_table_base
    uart2.o(.text) refers to uart2.o(exchange_mem_case1) for exchange_mem_case1
    smpc_task.obj(.text) refers to smpc.obj(.text) for smpc_send_pairing_req_ind
    nvds.o(.text) refers to nvds.o(retention_mem_area0) for retention_mem_area0
    rwip.o(.text) refers to arch_sleep.o(.text) for app_ble_ext_wakeup_get
    rwip.o(.text) refers to arch_system.o(.text) for lld_sleep_us_2_lpcycles_sel_func
    rwip.o(.text) refers to ffltui.o(.text) for __aeabi_ui2f
    rwip.o(.text) refers to fmul.o(.text) for __aeabi_fmul
[...]
    update_calcap_max_channel                0x00028537   Thumb Code     0  rom_symdef.txt ABSOLUTE
    update_calcap_max_channel_func           0x00028541   Thumb Code     0  rom_symdef.txt ABSOLUTE
    write_one_SW_LUT_entry                   0x000285d9   Thumb Code     0  rom_symdef.txt ABSOLUTE
    write_one_SW_LUT_entry_func              0x00028615   Thumb Code     0  rom_symdef.txt ABSOLUTE
    write_HW_LUT                             0x00028631   Thumb Code     0  rom_symdef.txt ABSOLUTE
    write_HW_LUT_func                        0x00028637   Thumb Code     0  rom_symdef.txt ABSOLUTE
    clear_HW_LUT                             0x00028659   Thumb Code     0  rom_symdef.txt ABSOLUTE
    clear_HW_LUT_func                        0x0002865f   Thumb Code     0  rom_symdef.txt ABSOLUTE
    update_LUT                               0x0002866f   Thumb Code     0  rom_symdef.txt ABSOLUTE
    update_LUT_func                          0x00028675   Thumb Code     0  rom_symdef.txt ABSOLUTE
    save_configure_restore                   0x000287f3   Thumb Code     0  rom_symdef.txt ABSOLUTE
    save_configure_restore_func              0x000287f9   Thumb Code     0  rom_symdef.txt ABSOLUTE
    update_calcap_ranges                     0x0002891f   Thumb Code     0  rom_symdef.txt ABSOLUTE
    update_calcap_ranges_func                0x00028925   Thumb Code     0  rom_symdef.txt ABSOLUTE
    find_initial_calcap_ranges               0x00028a57   Thumb Code     0  rom_symdef.txt ABSOLUTE
    find_initial_calcap_ranges_func          0x00028a5d   Thumb Code     0  rom_symdef.txt ABSOLUTE
    pll_vcocal_LUT_InitUpdate                0x00028ccd   Thumb Code     0  rom_symdef.txt ABSOLUTE
    pll_vcocal_LUT_InitUpdate_func           0x00028cd3   Thumb Code     0  rom_symdef.txt ABSOLUTE
    set_rf_cal_cap                           0x00028d03   Thumb Code     0  rom_symdef.txt ABSOLUTE
    set_rf_cal_cap_func                      0x00028d09   Thumb Code     0  rom_symdef.txt ABSOLUTE
    modulationGainCalibration                0x00028d3d   Thumb Code     0  rom_symdef.txt ABSOLUTE
    modulationGainCalibration_func           0x00028d43   Thumb Code     0  rom_symdef.txt ABSOLUTE
    DCoffsetCalibration                      0x00028e21   Thumb Code     0  rom_symdef.txt ABSOLUTE
    DCoffsetCalibration_func                 0x00028e27   Thumb Code     0  rom_symdef.txt ABSOLUTE
    IffCalibration                           0x00028ef3   Thumb Code     0  rom_symdef.txt ABSOLUTE
    IffCalibration_func                      0x00028ef9   Thumb Code     0  rom_symdef.txt ABSOLUTE
    rf_calibration                           0x00028f41   Thumb Code     0  rom_symdef.txt ABSOLUTE
    rf_calibration_func                      0x00028f47   Thumb Code     0  rom_symdef.txt ABSOLUTE
    get_rc16m_count                          0x00028f93   Thumb Code     0  rom_symdef.txt ABSOLUTE
    get_rc16m_count_func                     0x00028f99   Thumb Code     0  rom_symdef.txt ABSOLUTE
    set_gauss_modgain                        0x00028fcf   Thumb Code     0  rom_symdef.txt ABSOLUTE
    set_gauss_modgain_func                   0x00028fd5   Thumb Code     0  rom_symdef.txt ABSOLUTE
    enable_rf_diag_irq                       0x00029009   Thumb Code     0  rom_symdef.txt ABSOLUTE
    enable_rf_diag_irq_func                  0x0002900f   Thumb Code     0  rom_symdef.txt ABSOLUTE
    gtl_init                                 0x000290b1   Thumb Code     0  rom_symdef.txt ABSOLUTE
    gtl_enter_sleep                          0x000290d9   Thumb Code     0  rom_symdef.txt ABSOLUTE
    gtl_exit_sleep                           0x00029103   Thumb Code     0  rom_symdef.txt ABSOLUTE
    gtl_send_msg                             0x0002910b   Thumb Code     0  rom_symdef.txt ABSOLUTE
    gtl_hci_rx_header                        0x0002915d   Thumb Code     0  rom_symdef.txt ABSOLUTE
    gtl_hci_rx_header_func                   0x00029163   Thumb Code     0  rom_symdef.txt ABSOLUTE
    gtl_hci_rx_payload                       0x000291b1   Thumb Code     0  rom_symdef.txt ABSOLUTE
    gtl_hci_rx_payload_func                  0x000291b7   Thumb Code     0  rom_symdef.txt ABSOLUTE
    gtl_hci_tx_evt                           0x000291b9   Thumb Code     0  rom_symdef.txt ABSOLUTE
    gtl_hci_tx_evt_func                      0x000291bf   Thumb Code     0  rom_symdef.txt ABSOLUTE
    gtl_sleep_to_handler                     0x0002927d   Thumb Code     0  rom_symdef.txt ABSOLUTE
    gtl_polling_to_handler                   0x00029289   Thumb Code     0  rom_symdef.txt ABSOLUTE
    gtl_eif_init                             0x000293f7   Thumb Code     0  rom_symdef.txt ABSOLUTE
    gtl_eif_init_func                        0x000293fd   Thumb Code     0  rom_symdef.txt ABSOLUTE
    gtl_eif_write                            0x00029415   Thumb Code     0  rom_symdef.txt ABSOLUTE
    gtl_eif_start                            0x00029435   Thumb Code     0  rom_symdef.txt ABSOLUTE
    gtl_eif_stop                             0x0002943d   Thumb Code     0  rom_symdef.txt ABSOLUTE
    attc_cleanup                             0x000294f5   Thumb Code     0  rom_symdef.txt ABSOLUTE
    attc_init                                0x0002950d   Thumb Code     0  rom_symdef.txt ABSOLUTE
    attc_create                              0x00029533   Thumb Code     0  rom_symdef.txt ABSOLUTE
    attc_con_enable                          0x00029541   Thumb Code     0  rom_symdef.txt ABSOLUTE
    attm_init                                0x000296d5   Thumb Code     0  rom_symdef.txt ABSOLUTE
    attm_create                              0x000296f9   Thumb Code     0  rom_symdef.txt ABSOLUTE
    attm_con_enable                          0x00029709   Thumb Code     0  rom_symdef.txt ABSOLUTE
    attm_cleanup                             0x00029719   Thumb Code     0  rom_symdef.txt ABSOLUTE
    attm_convert_16to128                     0x00029729   Thumb Code     0  rom_symdef.txt ABSOLUTE
    attm_convert_32to128                     0x00029747   Thumb Code     0  rom_symdef.txt ABSOLUTE
    attm_bt_uuid_match                       0x00029767   Thumb Code     0  rom_symdef.txt ABSOLUTE
    attm_bt32_uuid_match                     0x0002978d   Thumb Code     0  rom_symdef.txt ABSOLUTE
    attm_convert_to128                       0x000297b9   Thumb Code     0  rom_symdef.txt ABSOLUTE
    attm_uuid_match                          0x000297e9   Thumb Code     0  rom_symdef.txt ABSOLUTE
    attm_uuid_match_16                       0x0002981d   Thumb Code     0  rom_symdef.txt ABSOLUTE
    attm_is_bt_uuid128                       0x00029829   Thumb Code     0  rom_symdef.txt ABSOLUTE
    attm_is_bt32_uuid128                     0x00029853   Thumb Code     0  rom_symdef.txt ABSOLUTE
    attmdb_add_service                       0x00029895   Thumb Code     0  rom_symdef.txt ABSOLUTE
    attmdb_get_service                       0x00029957   Thumb Code     0  rom_symdef.txt ABSOLUTE
    attmdb_add_attribute                     0x00029995   Thumb Code     0  rom_symdef.txt ABSOLUTE
    attmdb_destroy                           0x00029a6b   Thumb Code     0  rom_symdef.txt ABSOLUTE
    attmdb_get_attribute                     0x00029a85   Thumb Code     0  rom_symdef.txt ABSOLUTE
    attmdb_get_next_att                      0x00029aa1   Thumb Code     0  rom_symdef.txt ABSOLUTE
    attmdb_att_update_value                  0x00029b2b   Thumb Code     0  rom_symdef.txt ABSOLUTE
    attmdb_att_set_value                     0x00029b6d   Thumb Code     0  rom_symdef.txt ABSOLUTE
    attmdb_att_partial_value_update          0x00029b73   Thumb Code     0  rom_symdef.txt ABSOLUTE
    attmdb_att_get_value                     0x00029ba5   Thumb Code     0  rom_symdef.txt ABSOLUTE
    attmdb_att_get_uuid                      0x00029bc5   Thumb Code     0  rom_symdef.txt ABSOLUTE
    attmdb_att_set_permission                0x00029c29   Thumb Code     0  rom_symdef.txt ABSOLUTE
    attmdb_att_get_permission                0x00029c41   Thumb Code     0  rom_symdef.txt ABSOLUTE
    attmdb_att_update_perm                   0x00029c5b   Thumb Code     0  rom_symdef.txt ABSOLUTE
    attmdb_svc_set_permission                0x00029c7b   Thumb Code     0  rom_symdef.txt ABSOLUTE
    attmdb_svc_get_permission                0x00029c99   Thumb Code     0  rom_symdef.txt ABSOLUTE
    attmdb_init                              0x00029cb3   Thumb Code     0  rom_symdef.txt ABSOLUTE
    attm_svc_create_db                       0x00029f45   Thumb Code     0  rom_symdef.txt ABSOLUTE
    atts_clear_prep_data                     0x0002a03d   Thumb Code     0  rom_symdef.txt ABSOLUTE
    atts_cleanup                             0x0002a05b   Thumb Code     0  rom_symdef.txt ABSOLUTE
    atts_init                                0x0002a08f   Thumb Code     0  rom_symdef.txt ABSOLUTE
    atts_create                              0x0002a0cb   Thumb Code     0  rom_symdef.txt ABSOLUTE
    atts_con_enable                          0x0002a0ed   Thumb Code     0  rom_symdef.txt ABSOLUTE
    atts_update_elmt                         0x0002a0fb   Thumb Code     0  rom_symdef.txt ABSOLUTE
    atts_store_prep_data                     0x0002a149   Thumb Code     0  rom_symdef.txt ABSOLUTE
    atts_send_pdu                            0x0002a575   Thumb Code     0  rom_symdef.txt ABSOLUTE
    atts_allocate_pdu                        0x0002a57f   Thumb Code     0  rom_symdef.txt ABSOLUTE
    atts_mtu_exc_resp                        0x0002a5a1   Thumb Code     0  rom_symdef.txt ABSOLUTE
    atts_send_error                          0x0002a5d7   Thumb Code     0  rom_symdef.txt ABSOLUTE
    atts_find_info_resp                      0x0002a5e3   Thumb Code     0  rom_symdef.txt ABSOLUTE
    atts_get_att_chk_perm                    0x0002a719   Thumb Code     0  rom_symdef.txt ABSOLUTE
    atts_find_by_type_resp                   0x0002a887   Thumb Code     0  rom_symdef.txt ABSOLUTE
    atts_read_by_type_resp                   0x0002a9a7   Thumb Code     0  rom_symdef.txt ABSOLUTE
    atts_read_by_grp_type_resp               0x0002aa93   Thumb Code     0  rom_symdef.txt ABSOLUTE
    atts_read_resp                           0x0002ab95   Thumb Code     0  rom_symdef.txt ABSOLUTE
    atts_read_blob_resp                      0x0002abf9   Thumb Code     0  rom_symdef.txt ABSOLUTE
    atts_read_mult_resp                      0x0002ac69   Thumb Code     0  rom_symdef.txt ABSOLUTE
    atts_write_no_resp                       0x0002ad17   Thumb Code     0  rom_symdef.txt ABSOLUTE
    atts_write_resp                          0x0002ad77   Thumb Code     0  rom_symdef.txt ABSOLUTE
    atts_signed_write_resp                   0x0002adf1   Thumb Code     0  rom_symdef.txt ABSOLUTE
    atts_prepare_write_resp                  0x0002ae85   Thumb Code     0  rom_symdef.txt ABSOLUTE
    atts_execute_write_resp                  0x0002af11   Thumb Code     0  rom_symdef.txt ABSOLUTE
    atts_send_cmd_cmp                        0x0002afd5   Thumb Code     0  rom_symdef.txt ABSOLUTE
    atts_write_rsp_send                      0x0002aff3   Thumb Code     0  rom_symdef.txt ABSOLUTE
    gattc_cleanup                            0x0002b0a3   Thumb Code     0  rom_symdef.txt ABSOLUTE
    gattc_init                               0x0002b0cd   Thumb Code     0  rom_symdef.txt ABSOLUTE
    gattc_create                             0x0002b109   Thumb Code     0  rom_symdef.txt ABSOLUTE
    gattc_send_att_req                       0x0002b13b   Thumb Code     0  rom_symdef.txt ABSOLUTE
    gattc_allocate_att_req                   0x0002b145   Thumb Code     0  rom_symdef.txt ABSOLUTE
    gattc_send_execute                       0x0002b165   Thumb Code     0  rom_symdef.txt ABSOLUTE
    gattc_get_event_dest                     0x0002b179   Thumb Code     0  rom_symdef.txt ABSOLUTE
    gattc_init_operation                     0x0002b1b7   Thumb Code     0  rom_symdef.txt ABSOLUTE
    gattc_get_operation                      0x0002b1d1   Thumb Code     0  rom_symdef.txt ABSOLUTE
    gattc_send_complete_evt                  0x0002b1e5   Thumb Code     0  rom_symdef.txt ABSOLUTE
    gattc_get_mtu                            0x0002b2d3   Thumb Code     0  rom_symdef.txt ABSOLUTE
    gattc_set_mtu                            0x0002b2dd   Thumb Code     0  rom_symdef.txt ABSOLUTE
    gattm_svc_get_start_hdl                  0x0002c2e9   Thumb Code     0  rom_symdef.txt ABSOLUTE
    gattm_init                               0x0002c2ef   Thumb Code     0  rom_symdef.txt ABSOLUTE
    gattm_create                             0x0002c317   Thumb Code     0  rom_symdef.txt ABSOLUTE
    gattm_cleanup                            0x0002c31f   Thumb Code     0  rom_symdef.txt ABSOLUTE
    gattm_get_max_mtu                        0x0002c327   Thumb Code     0  rom_symdef.txt ABSOLUTE
    gattm_set_max_mtu                        0x0002c32d   Thumb Code     0  rom_symdef.txt ABSOLUTE
    l2cc_cleanup                             0x0002c479   Thumb Code     0  rom_symdef.txt ABSOLUTE
    l2cc_init                                0x0002c4a9   Thumb Code     0  rom_symdef.txt ABSOLUTE
    l2cc_create                              0x0002c4e5   Thumb Code     0  rom_symdef.txt ABSOLUTE
    l2cc_update_state                        0x0002c515   Thumb Code     0  rom_symdef.txt ABSOLUTE
    l2cm_init                                0x0002c759   Thumb Code     0  rom_symdef.txt ABSOLUTE
    l2cm_create                              0x0002c781   Thumb Code     0  rom_symdef.txt ABSOLUTE
    l2cm_cleanup                             0x0002c789   Thumb Code     0  rom_symdef.txt ABSOLUTE
    l2cm_set_link_layer_buff_size            0x0002c7a9   Thumb Code     0  rom_symdef.txt ABSOLUTE
    smpc_regs_push                           0x0002c7b9   Thumb Code     0  rom_symdef.txt ABSOLUTE
    smpc_regs_pop                            0x0002c7bb   Thumb Code     0  rom_symdef.txt ABSOLUTE
    smpc_clear_timeout_timer                 0x0002c7bd   Thumb Code     0  rom_symdef.txt ABSOLUTE
    smpc_cleanup                             0x0002c7e1   Thumb Code     0  rom_symdef.txt ABSOLUTE
    smpc_init                                0x0002c841   Thumb Code     0  rom_symdef.txt ABSOLUTE
    smpc_create                              0x0002c87d   Thumb Code     0  rom_symdef.txt ABSOLUTE
    smpc_init_operation                      0x0002c8ab   Thumb Code     0  rom_symdef.txt ABSOLUTE
    smpc_send_cmp_evt                        0x0002c8c1   Thumb Code     0  rom_symdef.txt ABSOLUTE
    smpc_send_use_enc_block_cmd              0x0002c935   Thumb Code     0  rom_symdef.txt ABSOLUTE
    smpc_send_start_enc_cmd                  0x0002c96d   Thumb Code     0  rom_symdef.txt ABSOLUTE
    smpc_send_ltk_req_rsp                    0x0002c9cb   Thumb Code     0  rom_symdef.txt ABSOLUTE
    smpc_send_pairing_ind                    0x0002cadb   Thumb Code     0  rom_symdef.txt ABSOLUTE
    smpc_launch_rep_att_timer                0x0002cb6f   Thumb Code     0  rom_symdef.txt ABSOLUTE
    smpc_check_repeated_attempts             0x0002cbbd   Thumb Code     0  rom_symdef.txt ABSOLUTE
    smpc_check_max_key_size                  0x0002cc01   Thumb Code     0  rom_symdef.txt ABSOLUTE
    smpc_check_key_distrib                   0x0002cc29   Thumb Code     0  rom_symdef.txt ABSOLUTE
    smpc_xor                                 0x0002cc7d   Thumb Code     0  rom_symdef.txt ABSOLUTE
    smpc_generate_l                          0x0002cc93   Thumb Code     0  rom_symdef.txt ABSOLUTE
    smpc_generate_ci                         0x0002ccdf   Thumb Code     0  rom_symdef.txt ABSOLUTE
    smpc_generate_rand                       0x0002cd4b   Thumb Code     0  rom_symdef.txt ABSOLUTE
    smpc_generate_e1                         0x0002cd6f   Thumb Code     0  rom_symdef.txt ABSOLUTE
    smpc_generate_cfm                        0x0002ce25   Thumb Code     0  rom_symdef.txt ABSOLUTE
    smpc_generate_stk                        0x0002cead   Thumb Code     0  rom_symdef.txt ABSOLUTE
    smpc_calc_subkeys                        0x0002cf01   Thumb Code     0  rom_symdef.txt ABSOLUTE
    smpc_pairing_end                         0x0002cf77   Thumb Code     0  rom_symdef.txt ABSOLUTE
    smpc_tkdp_rcp_continue                   0x0002d00b   Thumb Code     0  rom_symdef.txt ABSOLUTE
    smpc_tkdp_rcp_start                      0x0002d069   Thumb Code     0  rom_symdef.txt ABSOLUTE
    smpc_pdu_send                            0x0002d0ab   Thumb Code     0  rom_symdef.txt ABSOLUTE
    smpc_tkdp_send_start                     0x0002d11b   Thumb Code     0  rom_symdef.txt ABSOLUTE
    smpc_tkdp_send_continue                  0x0002d199   Thumb Code     0  rom_symdef.txt ABSOLUTE
    smpc_get_key_sec_prop                    0x0002d215   Thumb Code     0  rom_symdef.txt ABSOLUTE
    smpc_is_sec_mode_reached                 0x0002d28d   Thumb Code     0  rom_symdef.txt ABSOLUTE
    smpc_handle_enc_change_evt               0x0002d2b7   Thumb Code     0  rom_symdef.txt ABSOLUTE
    smpc_pdu_recv                            0x0002d35d   Thumb Code     0  rom_symdef.txt ABSOLUTE
    smpm_init                                0x0002de21   Thumb Code     0  rom_symdef.txt ABSOLUTE
    smpm_create                              0x0002de5b   Thumb Code     0  rom_symdef.txt ABSOLUTE
    smpm_cleanup                             0x0002de63   Thumb Code     0  rom_symdef.txt ABSOLUTE
    smpm_send_cmp_evt                        0x0002de6b   Thumb Code     0  rom_symdef.txt ABSOLUTE
    smpm_send_encrypt_req                    0x0002dea3   Thumb Code     0  rom_symdef.txt ABSOLUTE
    smpm_send_gen_rand_nb_req                0x0002ded1   Thumb Code     0  rom_symdef.txt ABSOLUTE
    smpm_check_addr_type                     0x0002dedf   Thumb Code     0  rom_symdef.txt ABSOLUTE
    gapc_init                                0x0002e269   Thumb Code     0  rom_symdef.txt ABSOLUTE
    gapc_con_create                          0x0002e2a5   Thumb Code     0  rom_symdef.txt ABSOLUTE
    gapc_con_cleanup                         0x0002e385   Thumb Code     0  rom_symdef.txt ABSOLUTE
    gapc_send_disconect_ind                  0x0002e395   Thumb Code     0  rom_symdef.txt ABSOLUTE
    gapc_get_conidx                          0x0002e3b7   Thumb Code     0  rom_symdef.txt ABSOLUTE
    gapc_get_conhdl                          0x0002e3e3   Thumb Code     0  rom_symdef.txt ABSOLUTE
    gapc_get_role                            0x0002e3f9   Thumb Code     0  rom_symdef.txt ABSOLUTE
    gapc_get_bdaddr                          0x0002e415   Thumb Code     0  rom_symdef.txt ABSOLUTE
    gapc_get_csrk                            0x0002e435   Thumb Code     0  rom_symdef.txt ABSOLUTE
    gapc_get_sign_counter                    0x0002e453   Thumb Code     0  rom_symdef.txt ABSOLUTE
    gapc_send_complete_evt                   0x0002e471   Thumb Code     0  rom_symdef.txt ABSOLUTE
    gapc_send_error_evt                      0x0002e4bd   Thumb Code     0  rom_symdef.txt ABSOLUTE
    gapc_is_sec_set                          0x0002e4df   Thumb Code     0  rom_symdef.txt ABSOLUTE
    gapc_get_enc_keysize                     0x0002e549   Thumb Code     0  rom_symdef.txt ABSOLUTE
    gapc_set_enc_keysize                     0x0002e561   Thumb Code     0  rom_symdef.txt ABSOLUTE
    gapc_link_encrypted                      0x0002e575   Thumb Code     0  rom_symdef.txt ABSOLUTE
    gapc_auth_set                            0x0002e58f   Thumb Code     0  rom_symdef.txt ABSOLUTE
    gapc_param_updata_sanity                 0x0002e67b   Thumb Code     0  rom_symdef.txt ABSOLUTE
    gapm_init                                0x0002f4f3   Thumb Code     0  rom_symdef.txt ABSOLUTE
    gapm_host_init                           0x0002f547   Thumb Code     0  rom_symdef.txt ABSOLUTE
    gapm_get_operation                       0x0002f56d   Thumb Code     0  rom_symdef.txt ABSOLUTE
    gapm_send_complete_evt                   0x0002f57f   Thumb Code     0  rom_symdef.txt ABSOLUTE
    gapm_send_error_evt                      0x0002f5b5   Thumb Code     0  rom_symdef.txt ABSOLUTE
    gapm_con_create                          0x0002f5d3   Thumb Code     0  rom_symdef.txt ABSOLUTE
    gapm_con_enable                          0x0002f631   Thumb Code     0  rom_symdef.txt ABSOLUTE
    gapm_con_cleanup                         0x0002f63d   Thumb Code     0  rom_symdef.txt ABSOLUTE
    gapm_get_privacy_flag                    0x00030c7f   Thumb Code     0  rom_symdef.txt ABSOLUTE
    gapm_set_recon_addr                      0x00030cab   Thumb Code     0  rom_symdef.txt ABSOLUTE
    gapm_adv_op_sanity                       0x00030cef   Thumb Code     0  rom_symdef.txt ABSOLUTE
    gapm_set_adv_mode                        0x00030e75   Thumb Code     0  rom_symdef.txt ABSOLUTE
    gapm_execute_adv_op                      0x00030e8d   Thumb Code     0  rom_symdef.txt ABSOLUTE
    gapm_scan_op_sanity                      0x00030fdd   Thumb Code     0  rom_symdef.txt ABSOLUTE
    gapm_set_scan_mode                       0x000310b5   Thumb Code     0  rom_symdef.txt ABSOLUTE
    gapm_execute_scan_op                     0x000310d1   Thumb Code     0  rom_symdef.txt ABSOLUTE
    gapm_connect_op_sanity                   0x00031175   Thumb Code     0  rom_symdef.txt ABSOLUTE
    gapm_execute_connect_op                  0x000312b9   Thumb Code     0  rom_symdef.txt ABSOLUTE
    gapm_get_role                            0x0003142d   Thumb Code     0  rom_symdef.txt ABSOLUTE
    gapm_get_recon_addr                      0x00031433   Thumb Code     0  rom_symdef.txt ABSOLUTE
    gapm_set_privacy_flag                    0x00031473   Thumb Code     0  rom_symdef.txt ABSOLUTE
    gapm_get_ad_type_flag                    0x0003149f   Thumb Code     0  rom_symdef.txt ABSOLUTE
    gapm_add_to_filter                       0x000314c5   Thumb Code     0  rom_symdef.txt ABSOLUTE
    gapm_is_filtered                         0x00031529   Thumb Code     0  rom_symdef.txt ABSOLUTE
    gapm_update_air_op_state                 0x0003157f   Thumb Code     0  rom_symdef.txt ABSOLUTE
    gapm_get_irk                             0x00031635   Thumb Code     0  rom_symdef.txt ABSOLUTE
    gapm_get_bdaddr                          0x0003163b   Thumb Code     0  rom_symdef.txt ABSOLUTE
    l2cc_pdu_pack                            0x0003164d   Thumb Code     0  rom_symdef.txt ABSOLUTE
    l2cc_pdu_unpack                          0x000318f3   Thumb Code     0  rom_symdef.txt ABSOLUTE
    l2cc_detect_dest                         0x00031b2d   Thumb Code     0  rom_symdef.txt ABSOLUTE
    smpc_check_param                         0x00031b95   Thumb Code     0  rom_symdef.txt ABSOLUTE
    ke_init                                  0x0003200d   Thumb Code     0  rom_symdef.txt ABSOLUTE
    ke_flush                                 0x00032039   Thumb Code     0  rom_symdef.txt ABSOLUTE
    ke_sleep_check                           0x00032079   Thumb Code     0  rom_symdef.txt ABSOLUTE
    ke_event_init                            0x00032091   Thumb Code     0  rom_symdef.txt ABSOLUTE
    ke_event_callback_set                    0x0003209d   Thumb Code     0  rom_symdef.txt ABSOLUTE
    ke_event_set                             0x000320b1   Thumb Code     0  rom_symdef.txt ABSOLUTE
    ke_event_clear                           0x000320dd   Thumb Code     0  rom_symdef.txt ABSOLUTE
    ke_event_get                             0x00032109   Thumb Code     0  rom_symdef.txt ABSOLUTE
    ke_event_get_all                         0x0003212f   Thumb Code     0  rom_symdef.txt ABSOLUTE
    ke_event_flush                           0x00032135   Thumb Code     0  rom_symdef.txt ABSOLUTE
    ke_event_schedule                        0x0003213d   Thumb Code     0  rom_symdef.txt ABSOLUTE
    ke_mem_init                              0x0003218d   Thumb Code     0  rom_symdef.txt ABSOLUTE
    ke_mem_is_empty                          0x000321d7   Thumb Code     0  rom_symdef.txt ABSOLUTE
    ke_malloc                                0x00032215   Thumb Code     0  rom_symdef.txt ABSOLUTE
    ke_free                                  0x000322d7   Thumb Code     0  rom_symdef.txt ABSOLUTE
    ke_msg_alloc                             0x000323b1   Thumb Code     0  rom_symdef.txt ABSOLUTE
    ke_msg_send                              0x000323e1   Thumb Code     0  rom_symdef.txt ABSOLUTE
    ke_msg_send_basic                        0x0003240d   Thumb Code     0  rom_symdef.txt ABSOLUTE
    ke_msg_forward                           0x0003241b   Thumb Code     0  rom_symdef.txt ABSOLUTE
    ke_msg_forward_new_id                    0x00032425   Thumb Code     0  rom_symdef.txt ABSOLUTE
    ke_msg_free                              0x00032435   Thumb Code     0  rom_symdef.txt ABSOLUTE
    ke_queue_extract                         0x00032441   Thumb Code     0  rom_symdef.txt ABSOLUTE
    ke_queue_insert                          0x0003247f   Thumb Code     0  rom_symdef.txt ABSOLUTE
    ke_task_init                             0x0003256d   Thumb Code     0  rom_symdef.txt ABSOLUTE
    ke_task_create                           0x00032587   Thumb Code     0  rom_symdef.txt ABSOLUTE
    ke_task_delete                           0x000325e1   Thumb Code     0  rom_symdef.txt ABSOLUTE
    ke_state_set                             0x00032631   Thumb Code     0  rom_symdef.txt ABSOLUTE
    ke_state_get                             0x000326b3   Thumb Code     0  rom_symdef.txt ABSOLUTE
    ke_msg_discard                           0x000326e3   Thumb Code     0  rom_symdef.txt ABSOLUTE
    ke_msg_save                              0x000326e7   Thumb Code     0  rom_symdef.txt ABSOLUTE
    ke_task_handler_get                      0x000326eb   Thumb Code     0  rom_symdef.txt ABSOLUTE
    ke_timer_init                            0x00032813   Thumb Code     0  rom_symdef.txt ABSOLUTE
    ke_timer_init_func                       0x00032819   Thumb Code     0  rom_symdef.txt ABSOLUTE
    ke_timer_set                             0x00032825   Thumb Code     0  rom_symdef.txt ABSOLUTE
    ke_timer_clear                           0x000328a5   Thumb Code     0  rom_symdef.txt ABSOLUTE
    ke_timer_active                          0x000328fb   Thumb Code     0  rom_symdef.txt ABSOLUTE
    ke_timer_sleep_check                     0x00032921   Thumb Code     0  rom_symdef.txt ABSOLUTE
    ke_time                                  0x0003297d   Thumb Code     0  rom_symdef.txt ABSOLUTE
    nvds_get                                 0x000329d1   Thumb Code     0  rom_symdef.txt ABSOLUTE
    nvds_get_func                            0x000329d7   Thumb Code     0  rom_symdef.txt ABSOLUTE
    nvds_init                                0x00032bcf   Thumb Code     0  rom_symdef.txt ABSOLUTE
    rwble_hl_init                            0x00032be5   Thumb Code     0  rom_symdef.txt ABSOLUTE
    rwble_hl_send_message                    0x00032c0b   Thumb Code     0  rom_symdef.txt ABSOLUTE
    ble_regs_push                            0x00032c0d   Thumb Code     0  rom_symdef.txt ABSOLUTE
    ble_regs_pop                             0x00032c65   Thumb Code     0  rom_symdef.txt ABSOLUTE
    rf_init                                  0x00032cbd   Thumb Code     0  rom_symdef.txt ABSOLUTE
    rf_reinit                                0x00032cc3   Thumb Code     0  rom_symdef.txt ABSOLUTE
    rwip_init                                0x00032ccb   Thumb Code     0  rom_symdef.txt ABSOLUTE
    rwip_reset                               0x00032d8d   Thumb Code     0  rom_symdef.txt ABSOLUTE
    rwip_version                             0x00032db9   Thumb Code     0  rom_symdef.txt ABSOLUTE
    rwip_prevent_sleep_get                   0x00032dc1   Thumb Code     0  rom_symdef.txt ABSOLUTE
    rwip_schedule                            0x00032dc9   Thumb Code     0  rom_symdef.txt ABSOLUTE
    rwip_prevent_sleep_set                   0x00032eb7   Thumb Code     0  rom_symdef.txt ABSOLUTE
    rwip_wakeup                              0x00032edb   Thumb Code     0  rom_symdef.txt ABSOLUTE
    rwip_prevent_sleep_clear                 0x00032eed   Thumb Code     0  rom_symdef.txt ABSOLUTE
    rwip_wakeup_end                          0x00032f11   Thumb Code     0  rom_symdef.txt ABSOLUTE
    rwip_wakeup_delay_set                    0x00032f2f   Thumb Code     0  rom_symdef.txt ABSOLUTE
    rwip_sleep_enable                        0x00032f3f   Thumb Code     0  rom_symdef.txt ABSOLUTE
    rwip_ext_wakeup_enable                   0x00032f47   Thumb Code     0  rom_symdef.txt ABSOLUTE
    rwble_init                               0x00032f71   Thumb Code     0  rom_symdef.txt ABSOLUTE
    rwble_reset                              0x00032fd5   Thumb Code     0  rom_symdef.txt ABSOLUTE
    rwble_version                            0x00033003   Thumb Code     0  rom_symdef.txt ABSOLUTE
    rwble_get_clock                          0x0003302d   Thumb Code     0  rom_symdef.txt ABSOLUTE
    BLE_FINETGTIM_Handler                    0x00033105   Thumb Code     0  rom_symdef.txt ABSOLUTE
    BLE_GROSSTGTIM_Handler                   0x0003310d   Thumb Code     0  rom_symdef.txt ABSOLUTE
    BLE_CSCNT_Handler                        0x00033115   Thumb Code     0  rom_symdef.txt ABSOLUTE
    BLE_ERROR_Handler                        0x0003318d   Thumb Code     0  rom_symdef.txt ABSOLUTE
    BLE_CRYPT_Handler                        0x000331ad   Thumb Code     0  rom_symdef.txt ABSOLUTE
    func_check_mem                           0x000331eb   Thumb Code     0  rom_symdef.txt ABSOLUTE
    test_rxdone                              0x0003323d   Thumb Code     0  rom_symdef.txt ABSOLUTE
    prf_create                               0x000339fd   Thumb Code     0  rom_symdef.txt ABSOLUTE
    prf_init                                 0x00033a23   Thumb Code     0  rom_symdef.txt ABSOLUTE
    prf_cleanup                              0x00033a2b   Thumb Code     0  rom_symdef.txt ABSOLUTE
    __aeabi_uidiv                            0x00033aa7   Thumb Code     0  rom_symdef.txt ABSOLUTE
    __aeabi_uidivmod                         0x00033aa7   Thumb Code     0  rom_symdef.txt ABSOLUTE
    __aeabi_idiv                             0x00033ad3   Thumb Code     0  rom_symdef.txt ABSOLUTE
    __aeabi_idivmod                          0x00033ad3   Thumb Code     0  rom_symdef.txt ABSOLUTE
    rand                                     0x00033afd   Thumb Code     0  rom_symdef.txt ABSOLUTE
    srand                                    0x00033b0f   Thumb Code     0  rom_symdef.txt ABSOLUTE
    __aeabi_memcpy                           0x00033b21   Thumb Code     0  rom_symdef.txt ABSOLUTE
    __aeabi_memcpy4                          0x00033b21   Thumb Code     0  rom_symdef.txt ABSOLUTE
    __aeabi_memcpy8                          0x00033b21   Thumb Code     0  rom_symdef.txt ABSOLUTE
    __aeabi_memset                           0x00033b45   Thumb Code     0  rom_symdef.txt ABSOLUTE
    __aeabi_memset4                          0x00033b45   Thumb Code     0  rom_symdef.txt ABSOLUTE
    __aeabi_memset8                          0x00033b45   Thumb Code     0  rom_symdef.txt ABSOLUTE
    __aeabi_memclr                           0x00033b53   Thumb Code     0  rom_symdef.txt ABSOLUTE
    __aeabi_memclr4                          0x00033b53   Thumb Code     0  rom_symdef.txt ABSOLUTE
    __aeabi_memclr8                          0x00033b53   Thumb Code     0  rom_symdef.txt ABSOLUTE
    _memset$wrapper                          0x00033b57   Thumb Code     0  rom_symdef.txt ABSOLUTE
    strlen                                   0x00033b69   Thumb Code     0  rom_symdef.txt ABSOLUTE
    memcmp                                   0x00033b77   Thumb Code     0  rom_symdef.txt ABSOLUTE
    __aeabi_dmul                             0x00033b91   Thumb Code     0  rom_symdef.txt ABSOLUTE
    __aeabi_i2d                              0x00033c61   Thumb Code     0  rom_symdef.txt ABSOLUTE
    __aeabi_ui2d                             0x00033c89   Thumb Code     0  rom_symdef.txt ABSOLUTE
    __aeabi_cdcmpeq                          0x00033ca5   Thumb Code     0  rom_symdef.txt ABSOLUTE
    __aeabi_cdcmple                          0x00033ca5   Thumb Code     0  rom_symdef.txt ABSOLUTE
    __I$use$fp                               0x00033ccd   Thumb Code     0  rom_symdef.txt ABSOLUTE
    _double_round                            0x00033ccd   Thumb Code     0  rom_symdef.txt ABSOLUTE
    _double_epilogue                         0x00033ce7   Thumb Code     0  rom_symdef.txt ABSOLUTE
    __aeabi_llsl                             0x00033d8d   Thumb Code     0  rom_symdef.txt ABSOLUTE
    _ll_shift_l                              0x00033d8d   Thumb Code     0  rom_symdef.txt ABSOLUTE
    __aeabi_llsr                             0x00033dad   Thumb Code     0  rom_symdef.txt ABSOLUTE
    _ll_ushift_r                             0x00033dad   Thumb Code     0  rom_symdef.txt ABSOLUTE
    __ARM_clz                                0x00033dcf   Thumb Code     0  rom_symdef.txt ABSOLUTE
    __ARM_common_switch8                     0x00033dfd   Thumb Code     0  rom_symdef.txt ABSOLUTE
    uart_api                                 0x00033e18   Data           0  rom_symdef.txt ABSOLUTE
    co_sca2ppm                               0x00033e28   Data           0  rom_symdef.txt ABSOLUTE
    co_null_bdaddr                           0x00033e38   Data           0  rom_symdef.txt ABSOLUTE
    co_default_bdaddr                        0x00033e3e   Data           0  rom_symdef.txt ABSOLUTE
    dbg_default_handler                      0x00033f14   Data           0  rom_symdef.txt ABSOLUTE
    llc_state_handler                        0x000340dc   Data           0  rom_symdef.txt ABSOLUTE
    llc_default_handler                      0x0003418c   Data           0  rom_symdef.txt ABSOLUTE
    llm_local_cmds                           0x000341bc   Data           0  rom_symdef.txt ABSOLUTE
    llm_local_le_feats                       0x000341fc   Data           0  rom_symdef.txt ABSOLUTE
    llm_local_le_states                      0x00034204   Data           0  rom_symdef.txt ABSOLUTE
    llm_state_handler                        0x00034354   Data           0  rom_symdef.txt ABSOLUTE
    llm_default_handler                      0x00034384   Data           0  rom_symdef.txt ABSOLUTE
    LLM_AA_CT1                               0x0003438c   Data           0  rom_symdef.txt ABSOLUTE
    LLM_AA_CT2                               0x0003438f   Data           0  rom_symdef.txt ABSOLUTE
    gtl_default_state                        0x000343a4   Data           0  rom_symdef.txt ABSOLUTE
    gtl_default_handler                      0x000343bc   Data           0  rom_symdef.txt ABSOLUTE
    attc_default_state                       0x000343d8   Data           0  rom_symdef.txt ABSOLUTE
    attc_state_handler                       0x000343f8   Data           0  rom_symdef.txt ABSOLUTE
    attc_default_handler                     0x00034410   Data           0  rom_symdef.txt ABSOLUTE
    attm_default_state                       0x00034428   Data           0  rom_symdef.txt ABSOLUTE
    attm_state_handler                       0x00034480   Data           0  rom_symdef.txt ABSOLUTE
    attm_default_handler                     0x00034488   Data           0  rom_symdef.txt ABSOLUTE
    atts_default_state                       0x000344a0   Data           0  rom_symdef.txt ABSOLUTE
    atts_state_handler                       0x000344d0   Data           0  rom_symdef.txt ABSOLUTE
    atts_default_handler                     0x000344f8   Data           0  rom_symdef.txt ABSOLUTE
    gattc_default_state                      0x00034510   Data           0  rom_symdef.txt ABSOLUTE
    gattc_state_handler                      0x00034598   Data           0  rom_symdef.txt ABSOLUTE
    gattc_default_handler                    0x000345b0   Data           0  rom_symdef.txt ABSOLUTE
    gattm_default_state                      0x00034604   Data           0  rom_symdef.txt ABSOLUTE
    gattm_state_handler                      0x00034614   Data           0  rom_symdef.txt ABSOLUTE
    gattm_default_handler                    0x00034624   Data           0  rom_symdef.txt ABSOLUTE
    l2cc_default_state                       0x0003463c   Data           0  rom_symdef.txt ABSOLUTE
    l2cc_state_handler                       0x00034654   Data           0  rom_symdef.txt ABSOLUTE
    l2cc_default_handler                     0x0003466c   Data           0  rom_symdef.txt ABSOLUTE
    l2cm_default_state                       0x00034684   Data           0  rom_symdef.txt ABSOLUTE
    l2cm_state_handler                       0x0003468c   Data           0  rom_symdef.txt ABSOLUTE
    l2cm_default_handler                     0x00034694   Data           0  rom_symdef.txt ABSOLUTE
    smpc_default_state                       0x000346c8   Data           0  rom_symdef.txt ABSOLUTE
    smpc_state_handler                       0x00034760   Data           0  rom_symdef.txt ABSOLUTE
    smpc_default_handler                     0x00034780   Data           0  rom_symdef.txt ABSOLUTE
    smpm_default_state                       0x00034798   Data           0  rom_symdef.txt ABSOLUTE
    smpm_state_handler                       0x000347d0   Data           0  rom_symdef.txt ABSOLUTE
    smpm_default_handler                     0x000347e0   Data           0  rom_symdef.txt ABSOLUTE
    gapc_default_state                       0x000347f8   Data           0  rom_symdef.txt ABSOLUTE
    gapc_state_handler                       0x00034910   Data           0  rom_symdef.txt ABSOLUTE
    gapc_default_handler                     0x00034928   Data           0  rom_symdef.txt ABSOLUTE
    gapm_default_state                       0x000349ec   Data           0  rom_symdef.txt ABSOLUTE
    gapm_state_handler                       0x00034b94   Data           0  rom_symdef.txt ABSOLUTE
    gapm_default_handler                     0x00034bbc   Data           0  rom_symdef.txt ABSOLUTE
    smpc_construct_pdu                       0x00034ce8   Data           0  rom_symdef.txt ABSOLUTE
    smpc_recv_pdu                            0x00034d18   Data           0  rom_symdef.txt ABSOLUTE
    dummy                                    0x00080000   Data           0  rom_symdef.txt ABSOLUTE
    sleep_env                                0x00080254   Data           0  rom_symdef.txt ABSOLUTE
    iq_trim_bias_ctrl1_reg                   0x00080256   Data           0  rom_symdef.txt ABSOLUTE
    co_buf_env                               0x00080258   Data           0  rom_symdef.txt ABSOLUTE
    dbg_state                                0x00080348   Data           0  rom_symdef.txt ABSOLUTE
    iq_trim_rf_mixer_ctrl1_reg               0x0008034a   Data           0  rom_symdef.txt ABSOLUTE
    llc_env                                  0x0008034c   Data           0  rom_symdef.txt ABSOLUTE
    llc_state                                0x00080364   Data           0  rom_symdef.txt ABSOLUTE
    ret_winsize_var                          0x0008036a   Data           0  rom_symdef.txt ABSOLUTE
    lld_evt_env                              0x0008036c   Data           0  rom_symdef.txt ABSOLUTE
    lld_sleep_env                            0x0008038c   Data           0  rom_symdef.txt ABSOLUTE
    llm_le_env                               0x00080390   Data           0  rom_symdef.txt ABSOLUTE
    llm_le_env_lpus                          0x000803e4   Data           0  rom_symdef.txt ABSOLUTE
    llm_bt_env                               0x0008042a   Data           0  rom_symdef.txt ABSOLUTE
    llm_state                                0x00080432   Data           0  rom_symdef.txt ABSOLUTE
    vcocal_ctrl_reg_val                      0x00080452   Data           0  rom_symdef.txt ABSOLUTE
    last_temp_count                          0x00080478   Data           0  rom_symdef.txt ABSOLUTE
    last_temp_time                           0x0008047c   Data           0  rom_symdef.txt ABSOLUTE
    gtl_env                                  0x00080480   Data           0  rom_symdef.txt ABSOLUTE
    gtl_state                                0x000804a4   Data           0  rom_symdef.txt ABSOLUTE
    attc_state                               0x000804a5   Data           0  rom_symdef.txt ABSOLUTE
    attm_env                                 0x000804ac   Data           0  rom_symdef.txt ABSOLUTE
    attm_state                               0x000804b4   Data           0  rom_symdef.txt ABSOLUTE
    atts_env                                 0x000804b8   Data           0  rom_symdef.txt ABSOLUTE
    atts_state                               0x000804d0   Data           0  rom_symdef.txt ABSOLUTE
    gattc_env                                0x000804d8   Data           0  rom_symdef.txt ABSOLUTE
    gattc_state                              0x000804f0   Data           0  rom_symdef.txt ABSOLUTE
    gattm_env                                0x000804f6   Data           0  rom_symdef.txt ABSOLUTE
    gattm_state                              0x000804fc   Data           0  rom_symdef.txt ABSOLUTE
    l2cc_env                                 0x00080500   Data           0  rom_symdef.txt ABSOLUTE
    l2cc_state                               0x00080518   Data           0  rom_symdef.txt ABSOLUTE
    l2cm_env                                 0x0008051e   Data           0  rom_symdef.txt ABSOLUTE
    l2cm_state                               0x00080524   Data           0  rom_symdef.txt ABSOLUTE
    smpc_env                                 0x00080528   Data           0  rom_symdef.txt ABSOLUTE
    smpc_state                               0x00080540   Data           0  rom_symdef.txt ABSOLUTE
    smpm_env                                 0x00080548   Data           0  rom_symdef.txt ABSOLUTE
    smpm_state                               0x00080550   Data           0  rom_symdef.txt ABSOLUTE
    gapc_env                                 0x00080554   Data           0  rom_symdef.txt ABSOLUTE
    gapc_state                               0x0008056c   Data           0  rom_symdef.txt ABSOLUTE
    gap_cfg_table                            0x00080574   Data           0  rom_symdef.txt ABSOLUTE
    gapm_env                                 0x00080578   Data           0  rom_symdef.txt ABSOLUTE
    gapm_state                               0x000805a4   Data           0  rom_symdef.txt ABSOLUTE
    ke_env                                   0x000805a8   Data           0  rom_symdef.txt ABSOLUTE
    ke_task_env                              0x00080604   Data           0  rom_symdef.txt ABSOLUTE
    nvds_data_ptr                            0x000806c0   Data           0  rom_symdef.txt ABSOLUTE
    func_check_mem_flag                      0x000806c4   Data           0  rom_symdef.txt ABSOLUTE
    ke_mem_heaps_used                        0x000806c5   Data           0  rom_symdef.txt ABSOLUTE
    rwip_env                                 0x000806c6   Data           0  rom_symdef.txt ABSOLUTE
    ble_reg_save                             0x000806cc   Data           0  rom_symdef.txt ABSOLUTE
    rwip_rf                                  0x0008071c   Data           0  rom_symdef.txt ABSOLUTE
    rwip_heap_db_ret                         0x00080768   Data        1036  jump_table.o(heap_db_area)
    rwip_heap_env_ret                        0x00080b74   Data         340  jump_table.o(heap_env_area)
    rwip_heap_msg_ret                        0x00080cc8   Data        1324  jump_table.o(heap_msg_area)
    descript                                 0x00082a20   Data        1502  arch_main.o(.ARM.__AT_0x00082A20)
    __Vectors                                0x20000000   Data           4  boot_vectors.o(RESET)
    __Vectors_End                            0x200000a0   Data           0  boot_vectors.o(RESET)
    jump_table_base                          0x20000160   Data         352  jump_table.o(jump_table_mem_area)
    gap_timeout_table                        0x200002c0   Data         100  gapm.o(timeout_table_area)
    nvds_data_storage                        0x20000340   Data         164  nvds.o(nvds_data_storage_area)
    __main                                   0x20000441   Thumb Code     0  entry.o(.ARM.Collect$$$$00000000)
    _main_stk                                0x20000441   Thumb Code     0  entry2.o(.ARM.Collect$$$$00000001)
    _main_scatterload                        0x20000445   Thumb Code     0  entry5.o(.ARM.Collect$$$$00000004)
    __main_after_scatterload                 0x20000449   Thumb Code     0  entry5.o(.ARM.Collect$$$$00000004)
    _main_clock                              0x20000449   Thumb Code     0  entry7b.o(.ARM.Collect$$$$00000008)
    _main_init                               0x20000449   Thumb Code     0  entry8.o(.ARM.Collect$$$$00000009)
    BKPT                                     0x20000455   Thumb Code     2  nmi_handler.o(.emb_text)
    SystemInit                               0x20000459   Thumb Code    70  system_armcm0.o(.text)
    Reset_Handler                            0x200004ad   Thumb Code     8  boot_vectors.o(.text)
    PendSV_Handler                           0x200004fd   Thumb Code     2  boot_vectors.o(.text)
    SysTick_Handler                          0x200004ff   Thumb Code     2  boot_vectors.o(.text)
    GPIO3_Handler                            0x20000501   Thumb Code     0  boot_vectors.o(.text)
    SWTIM_Handler                            0x20000501   Thumb Code     0  boot_vectors.o(.text)
    WKUP_QUADEC_Handler                      0x20000501   Thumb Code     0  boot_vectors.o(.text)
    HardFault_HandlerC                       0x20000519   Thumb Code    88  hardfault_handler.o(.text)
    SVC_Handler_c                            0x2000058f   Thumb Code    22  arch_main.o(.text)
    patch_func                               0x200005a5   Thumb Code    98  arch_main.o(.text)
    lld_sleep_init_func                      0x20000607   Thumb Code    26  arch_main.o(.text)
    main_func                                0x20000621   Thumb Code   624  arch_main.o(.text)
    dummyf                                   0x2000092d   Thumb Code     2  jump_table.o(.text)
    app_disable_sleep                        0x20000931   Thumb Code    26  arch_sleep.o(.text)
    app_set_extended_sleep                   0x2000094b   Thumb Code    26  arch_sleep.o(.text)
    app_set_deep_sleep                       0x20000965   Thumb Code    28  arch_sleep.o(.text)
    app_restore_sleep_mode                   0x20000981   Thumb Code    68  arch_sleep.o(.text)
    app_force_active_mode                    0x200009c5   Thumb Code    30  arch_sleep.o(.text)
    app_ble_ext_wakeup_on                    0x200009e3   Thumb Code     8  arch_sleep.o(.text)
    app_ble_ext_wakeup_off                   0x200009eb   Thumb Code     8  arch_sleep.o(.text)
    app_ble_ext_wakeup_get                   0x200009f3   Thumb Code     6  arch_sleep.o(.text)
    app_last_rwble_evt_get                   0x200009f9   Thumb Code     6  arch_sleep.o(.text)
    NMI_HandlerC                             0x20000a11   Thumb Code   128  nmi_handler.o(.text)
    GPIO_reservations                        0x20000aa1   Thumb Code     2  periph_setup.o(.text)
    set_pad_functions                        0x20000aa3   Thumb Code     2  periph_setup.o(.text)
    periph_init                              0x20000aa5   Thumb Code    34  periph_setup.o(.text)
    select_lp_clk                            0x20000ac9   Thumb Code     8  arch_system.o(.text)
    init_pwr_and_clk_ble                     0x20000ad1   Thumb Code   196  arch_system.o(.text)
    set_pxact_gpio                           0x20000b95   Thumb Code    24  arch_system.o(.text)
    calibrate_rcx20                          0x20000bad   Thumb Code    28  arch_system.o(.text)
    read_rcx_freq                            0x20000bc9   Thumb Code    88  arch_system.o(.text)
    set_sleep_delay                          0x20000c21   Thumb Code    42  arch_system.o(.text)
    conditionally_run_radio_cals             0x20000c4b   Thumb Code    82  arch_system.o(.text)
    lld_sleep_us_2_lpcycles_rcx_func         0x20000c9d   Thumb Code    16  arch_system.o(.text)
    lld_sleep_lpcycles_2_us_rcx_func         0x20000cad   Thumb Code    10  arch_system.o(.text)
    lld_sleep_us_2_lpcycles_sel_func         0x20000cb7   Thumb Code    22  arch_system.o(.text)
    lld_sleep_lpcycles_2_us_sel_func         0x20000ccd   Thumb Code    22  arch_system.o(.text)
    uart_flow_off_func                       0x20000ce3   Thumb Code    52  arch_system.o(.text)
    iq_trim_from_otp                         0x20000d5d   Thumb Code    54  rf_580.o(.text)
    rf_reg_rd                                0x20000d93   Thumb Code     4  rf_580.o(.text)
    rf_reg_wr                                0x20000d97   Thumb Code     2  rf_580.o(.text)
    rf_reset                                 0x20000d99   Thumb Code     2  rf_580.o(.text)
    rf_force_agc_enable                      0x20000d9b   Thumb Code     2  rf_580.o(.text)
    rf_txpwr_dbm_get                         0x20000d9d   Thumb Code     4  rf_580.o(.text)
    rf_regs                                  0x20000db1   Thumb Code   214  rf_580.o(.text)
    rf_init_func                             0x20000e89   Thumb Code   138  rf_580.o(.text)
    rf_reinit_func                           0x20000f13   Thumb Code   188  rf_580.o(.text)
    uart2_init_func                          0x200010c5   Thumb Code    86  uart2.o(.text)
    uart2_init                               0x2000111b   Thumb Code     2  uart2.o(.text)
    uart2_flow_on_func                       0x2000111d   Thumb Code     8  uart2.o(.text)
    uart2_flow_on                            0x20001125   Thumb Code     8  uart2.o(.text)
    uart2_flow_off_func                      0x2000112d   Thumb Code    50  uart2.o(.text)
    uart2_flow_off                           0x2000115f   Thumb Code     2  uart2.o(.text)
    uart2_finish_transfers_func              0x20001161   Thumb Code    24  uart2.o(.text)
    uart2_finish_transfers                   0x20001179   Thumb Code     2  uart2.o(.text)
    uart2_read_func                          0x2000117b   Thumb Code    22  uart2.o(.text)
    uart2_read                               0x20001191   Thumb Code     2  uart2.o(.text)
    uart2_write_func                         0x20001193   Thumb Code    34  uart2.o(.text)
    uart2_write                              0x200011b5   Thumb Code     2  uart2.o(.text)
    UART2_Handler_func                       0x200011b7   Thumb Code    82  uart2.o(.text)
    UART2_Handler                            0x20001209   Thumb Code     2  uart2.o(.text)
    ke_task_init_func                        0x200012eb   Thumb Code    20  ke_task.obj(.text)
    my_llc_con_update_req_ind                0x20001311   Thumb Code   100  ch_map.obj(.text)
    my_llc_ch_map_req_ind                    0x20001375   Thumb Code    84  ch_map.obj(.text)
    l2cc_pdu_recv_ind_handler                0x200013d5   Thumb Code   232  atts_task.obj(.text)
    smpc_send_pairing_req_ind                0x200014c1   Thumb Code   190  smpc.obj(.text)
    smpc_check_pairing_feat                  0x2000157f   Thumb Code    38  smpc.obj(.text)
    smpc_pairing_cfm_handler                 0x200015ad   Thumb Code   518  smpc_task.obj(.text)
    patched_gapm_adv_op_sanity               0x200017b9   Thumb Code   208  gapm_util.obj(.text)
    custom_nvds_get_func                     0x20001939   Thumb Code   548  nvds.o(.text)
    nvds_read_bdaddr_from_otp                0x20001b5d   Thumb Code    50  nvds.o(.text)
    rwip_sleep                               0x20001bad   Thumb Code   336  rwip.o(.text)
    BLE_WAKEUP_LP_Handler                    0x20001d29   Thumb Code   124  rwble.o(.text)
    lld_sleep_compensate_func_patched        0x20001da5   Thumb Code    46  rwble.o(.text)
    BLE_SLP_Handler                          0x20001dd3   Thumb Code    74  rwble.o(.text)
    BLE_RX_Handler                           0x20001e1d   Thumb Code     8  rwble.o(.text)
    BLE_EVENT_Handler                        0x20001e25   Thumb Code    24  rwble.o(.text)
    BLE_RF_DIAG_Handler                      0x20001e3d   Thumb Code    72  rwble.o(.text)
    app_init                                 0x20001ead   Thumb Code    62  app.o(.text)
    app_db_init                              0x20001eeb   Thumb Code     8  app.o(.text)
    app_disconnect                           0x20001ef3   Thumb Code    34  app.o(.text)
    app_connect_confirm                      0x20001f15   Thumb Code    42  app.o(.text)
    app_adv_start                            0x20001f3f   Thumb Code    36  app.o(.text)
    app_adv_stop                             0x20001f63   Thumb Code    26  app.o(.text)
    app_param_update_start                   0x20001f7d   Thumb Code     8  app.o(.text)
    app_timer_set                            0x20001f85   Thumb Code    24  app.o(.text)
    app_connect                              0x20001f9d   Thumb Code    62  app.o(.text)
    app_sec_gen_tk                           0x20001ff1   Thumb Code    18  app_sec.o(.text)
    app_sec_gen_ltk                          0x20002003   Thumb Code    74  app_sec.o(.text)
    app_sec_init                             0x2000204d   Thumb Code    16  app_sec.o(.text)
    app_security_start                       0x2000205d   Thumb Code    46  app_sec.o(.text)
    gapc_bond_req_ind_handler                0x200020a1   Thumb Code    82  app_sec_task.o(.text)
    gapc_bond_ind_handler                    0x200020f3   Thumb Code    66  app_sec_task.o(.text)
    gapc_encrypt_req_ind_handler             0x20002135   Thumb Code   118  app_sec_task.o(.text)
    gapc_encrypt_ind_handler                 0x200021ab   Thumb Code    10  app_sec_task.o(.text)
    gapm_device_ready_ind_handler            0x200021c1   Thumb Code    36  app_task.o(.text)
    gapm_cmp_evt_handler                     0x200021e5   Thumb Code   130  app_task.o(.text)
    gapc_connection_req_ind_handler          0x20002267   Thumb Code    32  app_task.o(.text)
    gapc_cmp_evt_handler                     0x20002287   Thumb Code    50  app_task.o(.text)
    gapc_disconnect_ind_handler              0x200022b9   Thumb Code    12  app_task.o(.text)
    app_module_init_cmp_evt_handler          0x200022c5   Thumb Code    36  app_task.o(.text)
    gapm_adv_report_ind_handler              0x200022e9   Thumb Code    12  app_task.o(.text)
    app_init_func                            0x200022fd   Thumb Code     2  app_hps_proj.o(.text)
    app_sec_init_func                        0x200022ff   Thumb Code     2  app_hps_proj.o(.text)
    app_connection_func                      0x20002301   Thumb Code    56  app_hps_proj.o(.text)
    app_adv_func                             0x20002339   Thumb Code   216  app_hps_proj.o(.text)
    app_disconnect_func                      0x20002411   Thumb Code    24  app_hps_proj.o(.text)
    app_db_init_func                         0x20002429   Thumb Code    24  app_hps_proj.o(.text)
    app_param_update_func                    0x20002441   Thumb Code     2  app_hps_proj.o(.text)
    app_configuration_func                   0x20002443   Thumb Code    40  app_hps_proj.o(.text)
    app_set_dev_config_complete_func         0x2000246b   Thumb Code    24  app_hps_proj.o(.text)
    app_update_params_rejected_func          0x20002483   Thumb Code     2  app_hps_proj.o(.text)
    app_update_params_complete_func          0x20002485   Thumb Code     2  app_hps_proj.o(.text)
    app_adv_undirect_complete                0x20002487   Thumb Code     2  app_hps_proj.o(.text)
    app_adv_direct_complete                  0x20002489   Thumb Code     2  app_hps_proj.o(.text)
    app_db_init_complete_func                0x2000248b   Thumb Code     8  app_hps_proj.o(.text)
    app_scanning_completed_func              0x20002493   Thumb Code     2  app_hps_proj.o(.text)
    app_connect_func                         0x20002495   Thumb Code     2  app_hps_proj.o(.text)
    app_adv_report_ind_func                  0x20002497   Thumb Code     2  app_hps_proj.o(.text)
    app_connect_failed_func                  0x20002499   Thumb Code     2  app_hps_proj.o(.text)
    app_send_pairing_rsp_func                0x2000249b   Thumb Code    52  app_hps_proj.o(.text)
    app_send_tk_exch_func                    0x200024cf   Thumb Code    60  app_hps_proj.o(.text)
    app_send_irk_exch_func                   0x2000250b   Thumb Code     2  app_hps_proj.o(.text)
    app_send_csrk_exch_func                  0x2000250d   Thumb Code     2  app_hps_proj.o(.text)
    app_send_ltk_exch_func                   0x2000250f   Thumb Code    76  app_hps_proj.o(.text)
    app_paired_func                          0x2000255b   Thumb Code     2  app_hps_proj.o(.text)
    app_validate_encrypt_req_func            0x2000255d   Thumb Code     4  app_hps_proj.o(.text)
    app_sec_encrypt_ind_func                 0x20002561   Thumb Code     2  app_hps_proj.o(.text)
    app_sec_encrypt_complete_func            0x20002563   Thumb Code     2  app_hps_proj.o(.text)
    app_mitm_passcode_entry_func             0x20002565   Thumb Code     2  app_hps_proj.o(.text)
    __aeabi_fmul                             0x200025a9   Thumb Code   122  fmul.o(.text)
    __aeabi_fdiv                             0x20002623   Thumb Code   128  fdiv.o(.text)
    __ARM_scalbnf                            0x200026a3   Thumb Code    24  fscalb.o(.text)
    scalbnf                                  0x200026a3   Thumb Code     0  fscalb.o(.text)
    __aeabi_ui2f                             0x200026bb   Thumb Code    14  ffltui.o(.text)
    __aeabi_f2uiz                            0x200026c9   Thumb Code    42  ffixui.o(.text)
    __aeabi_f2d                              0x200026f3   Thumb Code    46  f2d.o(.text)
    __aeabi_d2f                              0x20002721   Thumb Code    56  d2f.o(.text)
    _float_round                             0x20002759   Thumb Code    16  fepilogue.o(.text)
    _float_epilogue                          0x20002769   Thumb Code   116  fepilogue.o(.text)
    __scatterload                            0x200027dd   Thumb Code    28  init.o(.text)
    __scatterload_rt2                        0x200027dd   Thumb Code     0  init.o(.text)
    Long Thumb to Thumb Veneer to set_system_clocks 0x20002801   Thumb Code    12  anon$$obj.o(Veneer$$Code)
    Long Thumb to Thumb Veneer to srand      0x2000280d   Thumb Code    12  anon$$obj.o(Veneer$$Code)
    Long Thumb to Thumb Veneer to nvds_init  0x20002819   Thumb Code    12  anon$$obj.o(Veneer$$Code)
    Long Thumb to Thumb Veneer to rwip_init  0x20002825   Thumb Code    12  anon$$obj.o(Veneer$$Code)
    Long Thumb to Thumb Veneer to enable_rf_diag_irq 0x20002831   Thumb Code    12  anon$$obj.o(Veneer$$Code)
    Long Thumb to Thumb Veneer to app_get_sleep_mode 0x2000283d   Thumb Code    12  anon$$obj.o(Veneer$$Code)
    Long Thumb to Thumb Veneer to rwip_prevent_sleep_get 0x20002849   Thumb Code    12  anon$$obj.o(Veneer$$Code)
    Long Thumb to Thumb Veneer to ke_event_get 0x20002855   Thumb Code    12  anon$$obj.o(Veneer$$Code)
    Long Thumb to Thumb Veneer to rwip_schedule 0x20002861   Thumb Code    12  anon$$obj.o(Veneer$$Code)
    Long Thumb to Thumb Veneer to lld_sleep_check 0x2000286d   Thumb Code    12  anon$$obj.o(Veneer$$Code)
    Long Thumb to Thumb Veneer to func_check_mem 0x20002879   Thumb Code    12  anon$$obj.o(Veneer$$Code)
    Long Thumb to Thumb Veneer to test_rxdone 0x20002885   Thumb Code    12  anon$$obj.o(Veneer$$Code)
    Long Thumb to Thumb Veneer to ke_mem_is_empty 0x20002891   Thumb Code    12  anon$$obj.o(Veneer$$Code)
    Long Thumb to Thumb Veneer to __aeabi_uidivmod 0x2000289d   Thumb Code    12  anon$$obj.o(Veneer$$Code)
    Long Thumb to Thumb Veneer to __aeabi_dmul 0x200028a9   Thumb Code    12  anon$$obj.o(Veneer$$Code)
    Long Thumb to Thumb Veneer to rwip_wakeup_delay_set 0x200028b5   Thumb Code    12  anon$$obj.o(Veneer$$Code)
    Long Thumb to Thumb Veneer to get_rc16m_count 0x200028c1   Thumb Code    12  anon$$obj.o(Veneer$$Code)
    Long Thumb to Thumb Veneer to pll_vcocal_LUT_InitUpdate 0x200028cd   Thumb Code    12  anon$$obj.o(Veneer$$Code)
    Long Thumb to Thumb Veneer to rf_calibration 0x200028d9   Thumb Code    12  anon$$obj.o(Veneer$$Code)
    Long Thumb to Thumb Veneer to lld_sleep_us_2_lpcycles_func 0x200028e5   Thumb Code    12  anon$$obj.o(Veneer$$Code)
    Long Thumb to Thumb Veneer to lld_sleep_lpcycles_2_us_func 0x200028f1   Thumb Code    12  anon$$obj.o(Veneer$$Code)
    Long Thumb to Thumb Veneer to uart_flow_on 0x200028fd   Thumb Code    12  anon$$obj.o(Veneer$$Code)
    Long Thumb to Thumb Veneer to __aeabi_memcpy 0x20002909   Thumb Code    12  anon$$obj.o(Veneer$$Code)
    Long Thumb to Thumb Veneer to co_list_pop_front 0x20002915   Thumb Code    12  anon$$obj.o(Veneer$$Code)
    Long Thumb to Thumb Veneer to ke_task_handler_get 0x20002921   Thumb Code    12  anon$$obj.o(Veneer$$Code)
    Long Thumb to Thumb Veneer to ke_msg_free 0x2000292d   Thumb Code    12  anon$$obj.o(Veneer$$Code)
    Long Thumb to Thumb Veneer to co_list_push_back 0x20002939   Thumb Code    12  anon$$obj.o(Veneer$$Code)
    Long Thumb to Thumb Veneer to ke_event_clear 0x20002945   Thumb Code    12  anon$$obj.o(Veneer$$Code)
    Long Thumb to Thumb Veneer to __aeabi_memclr4 0x20002951   Thumb Code    12  anon$$obj.o(Veneer$$Code)
    Long Thumb to Thumb Veneer to ke_event_callback_set 0x2000295d   Thumb Code    12  anon$$obj.o(Veneer$$Code)
    Long Thumb to Thumb Veneer to lld_con_update_ind 0x20002969   Thumb Code    12  anon$$obj.o(Veneer$$Code)
    Long Thumb to Thumb Veneer to ke_state_set 0x20002975   Thumb Code    12  anon$$obj.o(Veneer$$Code)
    Long Thumb to Thumb Veneer to llc_util_dicon_procedure 0x20002981   Thumb Code    12  anon$$obj.o(Veneer$$Code)
    Long Thumb to Thumb Veneer to lld_ch_map_ind 0x2000298d   Thumb Code    12  anon$$obj.o(Veneer$$Code)
    Long Thumb to Thumb Veneer to ke_state_get 0x20002999   Thumb Code    12  anon$$obj.o(Veneer$$Code)
    Long Thumb to Thumb Veneer to __ARM_common_switch8 0x200029a5   Thumb Code    12  anon$$obj.o(Veneer$$Code)
    Long Thumb to Thumb Veneer to ke_timer_clear 0x200029b1   Thumb Code    12  anon$$obj.o(Veneer$$Code)
    Long Thumb to Thumb Veneer to atts_send_cmd_cmp 0x200029bd   Thumb Code    12  anon$$obj.o(Veneer$$Code)
    Long Thumb to Thumb Veneer to atts_mtu_exc_resp 0x200029c9   Thumb Code    12  anon$$obj.o(Veneer$$Code)
    Long Thumb to Thumb Veneer to atts_find_info_resp 0x200029d5   Thumb Code    12  anon$$obj.o(Veneer$$Code)
    Long Thumb to Thumb Veneer to atts_find_by_type_resp 0x200029e1   Thumb Code    12  anon$$obj.o(Veneer$$Code)
    Long Thumb to Thumb Veneer to atts_read_by_type_resp 0x200029ed   Thumb Code    12  anon$$obj.o(Veneer$$Code)
    Long Thumb to Thumb Veneer to atts_read_by_grp_type_resp 0x200029f9   Thumb Code    12  anon$$obj.o(Veneer$$Code)
    Long Thumb to Thumb Veneer to atts_read_resp 0x20002a05   Thumb Code    12  anon$$obj.o(Veneer$$Code)
    Long Thumb to Thumb Veneer to atts_read_blob_resp 0x20002a11   Thumb Code    12  anon$$obj.o(Veneer$$Code)
    Long Thumb to Thumb Veneer to atts_read_mult_resp 0x20002a1d   Thumb Code    12  anon$$obj.o(Veneer$$Code)
    Long Thumb to Thumb Veneer to atts_write_no_resp 0x20002a29   Thumb Code    12  anon$$obj.o(Veneer$$Code)
    Long Thumb to Thumb Veneer to atts_write_resp 0x20002a35   Thumb Code    12  anon$$obj.o(Veneer$$Code)
    Long Thumb to Thumb Veneer to atts_signed_write_resp 0x20002a41   Thumb Code    12  anon$$obj.o(Veneer$$Code)
    Long Thumb to Thumb Veneer to atts_prepare_write_resp 0x20002a4d   Thumb Code    12  anon$$obj.o(Veneer$$Code)
    Long Thumb to Thumb Veneer to atts_execute_write_resp 0x20002a59   Thumb Code    12  anon$$obj.o(Veneer$$Code)
    Long Thumb to Thumb Veneer to ke_msg_alloc 0x20002a65   Thumb Code    12  anon$$obj.o(Veneer$$Code)
    Long Thumb to Thumb Veneer to gapc_get_enc_keysize 0x20002a71   Thumb Code    12  anon$$obj.o(Veneer$$Code)
    Long Thumb to Thumb Veneer to gapc_get_role 0x20002a7d   Thumb Code    12  anon$$obj.o(Veneer$$Code)
    Long Thumb to Thumb Veneer to ke_msg_send 0x20002a89   Thumb Code    12  anon$$obj.o(Veneer$$Code)
    Long Thumb to Thumb Veneer to smpc_generate_rand 0x20002a95   Thumb Code    12  anon$$obj.o(Veneer$$Code)
    Long Thumb to Thumb Veneer to smpc_tkdp_send_continue 0x20002aa1   Thumb Code    12  anon$$obj.o(Veneer$$Code)
    Long Thumb to Thumb Veneer to smpc_pdu_send 0x20002aad   Thumb Code    12  anon$$obj.o(Veneer$$Code)
    Long Thumb to Thumb Veneer to smpc_tkdp_rcp_start 0x20002ab9   Thumb Code    12  anon$$obj.o(Veneer$$Code)
    Long Thumb to Thumb Veneer to smpc_pairing_end 0x20002ac5   Thumb Code    12  anon$$obj.o(Veneer$$Code)
    Long Thumb to Thumb Veneer to smpc_check_max_key_size 0x20002ad1   Thumb Code    12  anon$$obj.o(Veneer$$Code)
    Long Thumb to Thumb Veneer to smpc_check_key_distrib 0x20002add   Thumb Code    12  anon$$obj.o(Veneer$$Code)
    Long Thumb to Thumb Veneer to smpc_get_key_sec_prop 0x20002ae9   Thumb Code    12  anon$$obj.o(Veneer$$Code)
    Long Thumb to Thumb Veneer to smpc_is_sec_mode_reached 0x20002af5   Thumb Code    12  anon$$obj.o(Veneer$$Code)
    Long Thumb to Thumb Veneer to gapm_get_privacy_flag 0x20002b01   Thumb Code    12  anon$$obj.o(Veneer$$Code)
    Long Thumb to Thumb Veneer to gapm_set_recon_addr 0x20002b0d   Thumb Code    12  anon$$obj.o(Veneer$$Code)
    Long Thumb to Thumb Veneer to memcmp     0x20002b19   Thumb Code    12  anon$$obj.o(Veneer$$Code)
    Long Thumb to Thumb Veneer to ke_sleep_check 0x20002b25   Thumb Code    12  anon$$obj.o(Veneer$$Code)
    Long Thumb to Thumb Veneer to ke_timer_sleep_check 0x20002b31   Thumb Code    12  anon$$obj.o(Veneer$$Code)
    Long Thumb to Thumb Veneer to gtl_enter_sleep 0x20002b3d   Thumb Code    12  anon$$obj.o(Veneer$$Code)
    Long Thumb to Thumb Veneer to lld_sleep_enter 0x20002b49   Thumb Code    12  anon$$obj.o(Veneer$$Code)
    Long Thumb to Thumb Veneer to ble_regs_push 0x20002b55   Thumb Code    12  anon$$obj.o(Veneer$$Code)
    Long Thumb to Thumb Veneer to smpc_regs_push 0x20002b61   Thumb Code    12  anon$$obj.o(Veneer$$Code)
    Long Thumb to Thumb Veneer to ble_regs_pop 0x20002b6d   Thumb Code    12  anon$$obj.o(Veneer$$Code)
    Long Thumb to Thumb Veneer to gtl_eif_init 0x20002b79   Thumb Code    12  anon$$obj.o(Veneer$$Code)
    Long Thumb to Thumb Veneer to rwip_wakeup 0x20002b85   Thumb Code    12  anon$$obj.o(Veneer$$Code)
    Long Thumb to Thumb Veneer to rf_workaround_init 0x20002b91   Thumb Code    12  anon$$obj.o(Veneer$$Code)
    Long Thumb to Thumb Veneer to rf_reinit  0x20002b9d   Thumb Code    12  anon$$obj.o(Veneer$$Code)
    Long Thumb to Thumb Veneer to lld_evt_rx_isr 0x20002ba9   Thumb Code    12  anon$$obj.o(Veneer$$Code)
    Long Thumb to Thumb Veneer to lld_evt_end_isr 0x20002bb5   Thumb Code    12  anon$$obj.o(Veneer$$Code)
    Long Thumb to Thumb Veneer to set_rf_cal_cap 0x20002bc1   Thumb Code    12  anon$$obj.o(Veneer$$Code)
    Long Thumb to Thumb Veneer to set_gauss_modgain 0x20002bcd   Thumb Code    12  anon$$obj.o(Veneer$$Code)
    Long Thumb to Thumb Veneer to __aeabi_memclr 0x20002bd9   Thumb Code    12  anon$$obj.o(Veneer$$Code)
    Long Thumb to Thumb Veneer to nvds_get   0x20002be5   Thumb Code    12  anon$$obj.o(Veneer$$Code)
    Long Thumb to Thumb Veneer to ke_task_create 0x20002bf1   Thumb Code    12  anon$$obj.o(Veneer$$Code)
    Long Thumb to Thumb Veneer to ke_timer_set 0x20002bfd   Thumb Code    12  anon$$obj.o(Veneer$$Code)
    Long Thumb to Thumb Veneer to rand       0x20002c09   Thumb Code    12  anon$$obj.o(Veneer$$Code)
    Long Thumb to Thumb Veneer to __aeabi_idivmod 0x20002c15   Thumb Code    12  anon$$obj.o(Veneer$$Code)
    Long Thumb to Thumb Veneer to __aeabi_memcpy4 0x20002c21   Thumb Code    12  anon$$obj.o(Veneer$$Code)
    Long Thumb to Thumb Veneer to __aeabi_llsl 0x20002c2d   Thumb Code    12  anon$$obj.o(Veneer$$Code)
    GPIO_init                                0x20002c39   Thumb Code   146  gpio.o(i.GPIO_init)
    __scatterload_copy                       0x20002cd5   Thumb Code    14  handlers.o(i.__scatterload_copy)
    __scatterload_null                       0x20002ce3   Thumb Code     2  handlers.o(i.__scatterload_null)
    __scatterload_zeroinit                   0x20002ce5   Thumb Code    14  handlers.o(i.__scatterload_zeroinit)
    patch_table                              0x20002cf4   Data          32  arch_main.o(.constdata)
    LUT_CFG                                  0x20002d14   Data          22  arch_main.o(.constdata)
    app_default_state                        0x20002d44   Data          88  app_task.o(.constdata)
    app_default_handler                      0x20002d9c   Data           8  app_task.o(.constdata)
    Region$$Table$$Base                      0x20002da4   Number         0  anon$$obj.o(Region$$Table)
    Region$$Table$$Limit                     0x20002dd4   Number         0  anon$$obj.o(Region$$Table)
    sys_startup_flag                         0x20008000   Data           1  arch_main.o(retention_mem_area0)
    sleep_md                                 0x20008001   Data           1  arch_sleep.o(retention_mem_area0)
    sleep_pend                               0x20008002   Data           1  arch_sleep.o(retention_mem_area0)
    sleep_cnt                                0x20008003   Data           1  arch_sleep.o(retention_mem_area0)
    sleep_ext_force                          0x20008004   Data           1  arch_sleep.o(retention_mem_area0)
    cal_enable                               0x20008008   Data           1  arch_system.o(retention_mem_area0)
    lp_clk_sel                               0x2000800c   Data           4  arch_system.o(retention_mem_area0)
    rcx_freq                                 0x20008010   Data           4  arch_system.o(retention_mem_area0)
    rcx_period                               0x20008014   Data           4  arch_system.o(retention_mem_area0)
    rcx_slot_duration                        0x20008018   Data           4  arch_system.o(retention_mem_area0)
    dev_bdaddr                               0x2000801c   Data           6  nvds.o(retention_mem_area0)
    rwble_last_event                         0x20008022   Data           1  rwble.o(retention_mem_area0)
    app_env                                  0x20008024   Data          12  app.o(retention_mem_area0)
    app_sec_env                              0x20008030   Data          36  app_sec.o(retention_mem_area0)
    app_state                                0x20008054   Data           1  app_task.o(retention_mem_area0)
    rwip_heap_non_ret                        0x20008bf4   Data        1036  jump_table.o(heap_mem_area_not_ret)
    SystemCoreClock                          0x20009000   Data           0  rom_symdef.txt ABSOLUTE
    error                                    0x20009004   Data           0  rom_symdef.txt ABSOLUTE
    GPIO_status                              0x20009020   Data           8  gpio.o(.bss)
    GPIO                                     0x20009028   Data         160  gpio.o(.bss)
    dbg                                      0x200090c8   Data           1  app_hps_proj.o(.bss)
    p_cfm                                    0x200090cc   Data           4  app_hps_proj.o(.bss)
    __initial_sp                             0x20009800   Data           0  boot_vectors.o(STACK)



==============================================================================

Memory Map of the image

  Image Entry point : 0x20000441

  Load Region LR_IROM1 (Base: 0x20000000, Size: 0x000000a0, Max: 0x00000160, ABSOLUTE)

    Execution Region ER_IROM1 (Base: 0x20000000, Size: 0x000000a0, Max: 0x00000160, ABSOLUTE)

    Base Addr    Size         Type   Attr      Idx    E Section Name        Object

    0x20000000   0x000000a0   Data   RO           52    RESET               boot_vectors.o



  Load Region LR_IROM2 (Base: 0x20000160, Size: 0x00000160, Max: 0x00000160, ABSOLUTE)

    Execution Region ER_IROM2 (Base: 0x20000160, Size: 0x00000160, Max: 0x00000160, ABSOLUTE)

    Base Addr    Size         Type   Attr      Idx    E Section Name        Object

    0x20000160   0x00000160   Data   RO          389    jump_table_mem_area  jump_table.o



  Load Region LR_IROM3 (Base: 0x200002c0, Size: 0x00000064, Max: 0x00000080, ABSOLUTE)

    Execution Region ER_IROM3 (Base: 0x200002c0, Size: 0x00000064, Max: 0x00000080, ABSOLUTE)

    Base Addr    Size         Type   Attr      Idx    E Section Name        Object

    0x200002c0   0x00000064   Data   RO          656    timeout_table_area  gapm.o



  Load Region LR_IROM4 (Base: 0x20000340, Size: 0x000000a4, Max: 0x00000100, ABSOLUTE)

    Execution Region ER_IROM4 (Base: 0x20000340, Size: 0x000000a4, Max: 0x00000100, ABSOLUTE)

    Base Addr    Size         Type   Attr      Idx    E Section Name        Object

    0x20000340   0x000000a4   Data   RO          895    nvds_data_storage_area  nvds.o



  Load Region LR_IROM5 (Base: 0x20000440, Size: 0x000029b0, Max: 0x000093c0, ABSOLUTE)

    Execution Region ER_IROM5 (Base: 0x20000440, Size: 0x000029b0, Max: 0x00007ac0, ABSOLUTE)

    Base Addr    Size         Type   Attr      Idx    E Section Name        Object

    0x20000440   0x00000000   Code   RO         1574  * .ARM.Collect$$$$00000000  mc_p.l(entry.o)
    0x20000440   0x00000004   Code   RO         1589    .ARM.Collect$$$$00000001  mc_p.l(entry2.o)
    0x20000444   0x00000004   Code   RO         1592    .ARM.Collect$$$$00000004  mc_p.l(entry5.o)
    0x20000448   0x00000000   Code   RO         1594    .ARM.Collect$$$$00000008  mc_p.l(entry7b.o)
    0x20000448   0x00000008   Code   RO         1595    .ARM.Collect$$$$00000009  mc_p.l(entry8.o)
    0x20000450   0x00000004   Code   RO         1590    .ARM.Collect$$$$00002712  mc_p.l(entry2.o)
    0x20000454   0x00000002   Code   RO          468    .emb_text           nmi_handler.o
    0x20000456   0x00000002   PAD
    0x20000458   0x00000054   Code   RO            2    .text               system_armcm0.o
    0x200004ac   0x0000006c   Code   RO           53    .text               boot_vectors.o
    0x20000518   0x00000060   Code   RO           58    .text               hardfault_handler.o
    0x20000578   0x000003b4   Code   RO          111    .text               arch_main.o
    0x2000092c   0x00000002   Code   RO          384    .text               jump_table.o
    0x2000092e   0x00000002   PAD
    0x20000930   0x000000e0   Code   RO          452    .text               arch_sleep.o
    0x20000a10   0x00000090   Code   RO          469    .text               nmi_handler.o
    0x20000aa0   0x00000026   Code   RO          491    .text               periph_setup.o
    0x20000ac6   0x00000002   PAD
    0x20000ac8   0x00000294   Code   RO          507    .text               arch_system.o
    0x20000d5c   0x00000324   Code   RO          548    .text               rf_580.o
    0x20001080   0x000001d8   Code   RO          622    .text               uart2.o
    0x20001258   0x000000b8   Code   RO          652    .text               ke_task.obj
    0x20001310   0x000000c4   Code   RO          654    .text               ch_map.obj
    0x200013d4   0x000000ec   Code   RO          702    .text               atts_task.obj
    0x200014c0   0x000000ec   Code   RO          706    .text               smpc.obj
    0x200015ac   0x0000020c   Code   RO          708    .text               smpc_task.obj
    0x200017b8   0x00000180   Code   RO          710    .text               gapm_util.obj
    0x20001938   0x00000274   Code   RO          894    .text               nvds.o
    0x20001bac   0x0000017c   Code   RO          911    .text               rwip.o
    0x20001d28   0x00000184   Code   RO          930    .text               rwble.o
    0x20001eac   0x00000144   Code   RO         1440    .text               app.o
    0x20001ff0   0x000000b0   Code   RO         1482    .text               app_sec.o
    0x200020a0   0x00000120   Code   RO         1503    .text               app_sec_task.o
    0x200021c0   0x0000013c   Code   RO         1515    .text               app_task.o
    0x200022fc   0x000002ac   Code   RO         1556    .text               app_hps_proj.o
    0x200025a8   0x0000007a   Code   RO         1575    .text               mf_p.l(fmul.o)
    0x20002622   0x00000080   Code   RO         1577    .text               mf_p.l(fdiv.o)
    0x200026a2   0x00000018   Code   RO         1579    .text               mf_p.l(fscalb.o)
    0x200026ba   0x0000000e   Code   RO         1581    .text               mf_p.l(ffltui.o)
    0x200026c8   0x0000002a   Code   RO         1583    .text               mf_p.l(ffixui.o)
    0x200026f2   0x0000002e   Code   RO         1585    .text               mf_p.l(f2d.o)
    0x20002720   0x00000038   Code   RO         1587    .text               mf_p.l(d2f.o)
    0x20002758   0x00000084   Code   RO         1596    .text               mf_p.l(fepilogue.o)
    0x200027dc   0x00000024   Code   RO         1598    .text               mc_p.l(init.o)
    0x20002800   0x0000000c   Ven    RO         1608    Veneer$$Code        anon$$obj.o
    0x2000280c   0x0000000c   Ven    RO         1609    Veneer$$Code        anon$$obj.o
    0x20002818   0x0000000c   Ven    RO         1610    Veneer$$Code        anon$$obj.o
    0x20002824   0x0000000c   Ven    RO         1611    Veneer$$Code        anon$$obj.o
    0x20002830   0x0000000c   Ven    RO         1612    Veneer$$Code        anon$$obj.o
    0x2000283c   0x0000000c   Ven    RO         1613    Veneer$$Code        anon$$obj.o
    0x20002848   0x0000000c   Ven    RO         1614    Veneer$$Code        anon$$obj.o
    0x20002854   0x0000000c   Ven    RO         1615    Veneer$$Code        anon$$obj.o
    0x20002860   0x0000000c   Ven    RO         1616    Veneer$$Code        anon$$obj.o
    0x2000286c   0x0000000c   Ven    RO         1617    Veneer$$Code        anon$$obj.o
    0x20002878   0x0000000c   Ven    RO         1618    Veneer$$Code        anon$$obj.o
    0x20002884   0x0000000c   Ven    RO         1619    Veneer$$Code        anon$$obj.o
    0x20002890   0x0000000c   Ven    RO         1620    Veneer$$Code        anon$$obj.o
    0x2000289c   0x0000000c   Ven    RO         1621    Veneer$$Code        anon$$obj.o
    0x200028a8   0x0000000c   Ven    RO         1622    Veneer$$Code        anon$$obj.o
    0x200028b4   0x0000000c   Ven    RO         1623    Veneer$$Code        anon$$obj.o
    0x200028c0   0x0000000c   Ven    RO         1624    Veneer$$Code        anon$$obj.o
    0x200028cc   0x0000000c   Ven    RO         1625    Veneer$$Code        anon$$obj.o
    0x200028d8   0x0000000c   Ven    RO         1626    Veneer$$Code        anon$$obj.o
    0x200028e4   0x0000000c   Ven    RO         1627    Veneer$$Code        anon$$obj.o
    0x200028f0   0x0000000c   Ven    RO         1628    Veneer$$Code        anon$$obj.o
    0x200028fc   0x0000000c   Ven    RO         1629    Veneer$$Code        anon$$obj.o
    0x20002908   0x0000000c   Ven    RO         1630    Veneer$$Code        anon$$obj.o
    0x20002914   0x0000000c   Ven    RO         1631    Veneer$$Code        anon$$obj.o
    0x20002920   0x0000000c   Ven    RO         1632    Veneer$$Code        anon$$obj.o
    0x2000292c   0x0000000c   Ven    RO         1633    Veneer$$Code        anon$$obj.o
    0x20002938   0x0000000c   Ven    RO         1634    Veneer$$Code        anon$$obj.o
    0x20002944   0x0000000c   Ven    RO         1635    Veneer$$Code        anon$$obj.o
    0x20002950   0x0000000c   Ven    RO         1636    Veneer$$Code        anon$$obj.o
    0x2000295c   0x0000000c   Ven    RO         1637    Veneer$$Code        anon$$obj.o
    0x20002968   0x0000000c   Ven    RO         1638    Veneer$$Code        anon$$obj.o
    0x20002974   0x0000000c   Ven    RO         1639    Veneer$$Code        anon$$obj.o
    0x20002980   0x0000000c   Ven    RO         1640    Veneer$$Code        anon$$obj.o
    0x2000298c   0x0000000c   Ven    RO         1641    Veneer$$Code        anon$$obj.o
    0x20002998   0x0000000c   Ven    RO         1642    Veneer$$Code        anon$$obj.o
    0x200029a4   0x0000000c   Ven    RO         1643    Veneer$$Code        anon$$obj.o
    0x200029b0   0x0000000c   Ven    RO         1644    Veneer$$Code        anon$$obj.o
    0x200029bc   0x0000000c   Ven    RO         1645    Veneer$$Code        anon$$obj.o
    0x200029c8   0x0000000c   Ven    RO         1646    Veneer$$Code        anon$$obj.o
    0x200029d4   0x0000000c   Ven    RO         1647    Veneer$$Code        anon$$obj.o
    0x200029e0   0x0000000c   Ven    RO         1648    Veneer$$Code        anon$$obj.o
    0x200029ec   0x0000000c   Ven    RO         1649    Veneer$$Code        anon$$obj.o
    0x200029f8   0x0000000c   Ven    RO         1650    Veneer$$Code        anon$$obj.o
    0x20002a04   0x0000000c   Ven    RO         1651    Veneer$$Code        anon$$obj.o
    0x20002a10   0x0000000c   Ven    RO         1652    Veneer$$Code        anon$$obj.o
    0x20002a1c   0x0000000c   Ven    RO         1653    Veneer$$Code        anon$$obj.o
    0x20002a28   0x0000000c   Ven    RO         1654    Veneer$$Code        anon$$obj.o
    0x20002a34   0x0000000c   Ven    RO         1655    Veneer$$Code        anon$$obj.o
    0x20002a40   0x0000000c   Ven    RO         1656    Veneer$$Code        anon$$obj.o
    0x20002a4c   0x0000000c   Ven    RO         1657    Veneer$$Code        anon$$obj.o
    0x20002a58   0x0000000c   Ven    RO         1658    Veneer$$Code        anon$$obj.o
    0x20002a64   0x0000000c   Ven    RO         1659    Veneer$$Code        anon$$obj.o
    0x20002a70   0x0000000c   Ven    RO         1660    Veneer$$Code        anon$$obj.o
    0x20002a7c   0x0000000c   Ven    RO         1661    Veneer$$Code        anon$$obj.o
    0x20002a88   0x0000000c   Ven    RO         1662    Veneer$$Code        anon$$obj.o
    0x20002a94   0x0000000c   Ven    RO         1663    Veneer$$Code        anon$$obj.o
    0x20002aa0   0x0000000c   Ven    RO         1664    Veneer$$Code        anon$$obj.o
    0x20002aac   0x0000000c   Ven    RO         1665    Veneer$$Code        anon$$obj.o
    0x20002ab8   0x0000000c   Ven    RO         1666    Veneer$$Code        anon$$obj.o
    0x20002ac4   0x0000000c   Ven    RO         1667    Veneer$$Code        anon$$obj.o
    0x20002ad0   0x0000000c   Ven    RO         1668    Veneer$$Code        anon$$obj.o
    0x20002adc   0x0000000c   Ven    RO         1669    Veneer$$Code        anon$$obj.o
    0x20002ae8   0x0000000c   Ven    RO         1670    Veneer$$Code        anon$$obj.o
    0x20002af4   0x0000000c   Ven    RO         1671    Veneer$$Code        anon$$obj.o
    0x20002b00   0x0000000c   Ven    RO         1672    Veneer$$Code        anon$$obj.o
    0x20002b0c   0x0000000c   Ven    RO         1673    Veneer$$Code        anon$$obj.o
    0x20002b18   0x0000000c   Ven    RO         1674    Veneer$$Code        anon$$obj.o
    0x20002b24   0x0000000c   Ven    RO         1675    Veneer$$Code        anon$$obj.o
    0x20002b30   0x0000000c   Ven    RO         1676    Veneer$$Code        anon$$obj.o
    0x20002b3c   0x0000000c   Ven    RO         1677    Veneer$$Code        anon$$obj.o
    0x20002b48   0x0000000c   Ven    RO         1678    Veneer$$Code        anon$$obj.o
    0x20002b54   0x0000000c   Ven    RO         1679    Veneer$$Code        anon$$obj.o
    0x20002b60   0x0000000c   Ven    RO         1680    Veneer$$Code        anon$$obj.o
    0x20002b6c   0x0000000c   Ven    RO         1681    Veneer$$Code        anon$$obj.o
    0x20002b78   0x0000000c   Ven    RO         1682    Veneer$$Code        anon$$obj.o
    0x20002b84   0x0000000c   Ven    RO         1683    Veneer$$Code        anon$$obj.o
    0x20002b90   0x0000000c   Ven    RO         1684    Veneer$$Code        anon$$obj.o
    0x20002b9c   0x0000000c   Ven    RO         1685    Veneer$$Code        anon$$obj.o
    0x20002ba8   0x0000000c   Ven    RO         1686    Veneer$$Code        anon$$obj.o
    0x20002bb4   0x0000000c   Ven    RO         1687    Veneer$$Code        anon$$obj.o
    0x20002bc0   0x0000000c   Ven    RO         1688    Veneer$$Code        anon$$obj.o
    0x20002bcc   0x0000000c   Ven    RO         1689    Veneer$$Code        anon$$obj.o
    0x20002bd8   0x0000000c   Ven    RO         1690    Veneer$$Code        anon$$obj.o
    0x20002be4   0x0000000c   Ven    RO         1691    Veneer$$Code        anon$$obj.o
    0x20002bf0   0x0000000c   Ven    RO         1692    Veneer$$Code        anon$$obj.o
    0x20002bfc   0x0000000c   Ven    RO         1693    Veneer$$Code        anon$$obj.o
    0x20002c08   0x0000000c   Ven    RO         1694    Veneer$$Code        anon$$obj.o
    0x20002c14   0x0000000c   Ven    RO         1695    Veneer$$Code        anon$$obj.o
    0x20002c20   0x0000000c   Ven    RO         1696    Veneer$$Code        anon$$obj.o
    0x20002c2c   0x0000000c   Ven    RO         1697    Veneer$$Code        anon$$obj.o
    0x20002c38   0x0000009c   Code   RO          580    i.GPIO_init         gpio.o
    0x20002cd4   0x0000000e   Code   RO         1602    i.__scatterload_copy  mc_p.l(handlers.o)
    0x20002ce2   0x00000002   Code   RO         1603    i.__scatterload_null  mc_p.l(handlers.o)
    0x20002ce4   0x0000000e   Code   RO         1604    i.__scatterload_zeroinit  mc_p.l(handlers.o)
    0x20002cf2   0x00000002   PAD
    0x20002cf4   0x00000020   Data   RO          113    .constdata          arch_main.o
    0x20002d14   0x00000016   Data   RO          114    .constdata          arch_main.o
    0x20002d2a   0x00000008   Data   RO          574    .constdata          gpio.o
    0x20002d32   0x00000002   PAD
    0x20002d34   0x00000010   Data   RO         1441    .constdata          app.o
    0x20002d44   0x00000058   Data   RO         1516    .constdata          app_task.o
    0x20002d9c   0x00000008   Data   RO         1517    .constdata          app_task.o
    0x20002da4   0x00000030   Data   RO         1600    Region$$Table       anon$$obj.o
    0x20002dd4   0x0000001c   Data   RW          623    exchange_mem_case1  uart2.o


    Execution Region RW_IRAM50 (Base: 0x20008000, Size: 0x00000058, Max: 0x00000bf4, ABSOLUTE)

    Base Addr    Size         Type   Attr      Idx    E Section Name        Object

    0x20008000   0x00000001   Zero   RW          115    retention_mem_area0  arch_main.o
    0x20008001   0x00000004   Zero   RW          453    retention_mem_area0  arch_sleep.o
    0x20008005   0x00000003   PAD
    0x20008008   0x00000014   Zero   RW          508    retention_mem_area0  arch_system.o
    0x2000801c   0x00000006   Zero   RW          896    retention_mem_area0  nvds.o
    0x20008022   0x00000001   Zero   RW          931    retention_mem_area0  rwble.o
    0x20008023   0x00000001   PAD
    0x20008024   0x0000000c   Zero   RW         1442    retention_mem_area0  app.o
    0x20008030   0x00000024   Zero   RW         1483    retention_mem_area0  app_sec.o
    0x20008054   0x00000001   Zero   RW         1518    retention_mem_area0  app_task.o


    Execution Region RW_IRAM51 (Base: 0x20008bf4, Size: 0x0000040c, Max: 0x0000040c, ABSOLUTE, UNINIT)

    Base Addr    Size         Type   Attr      Idx    E Section Name        Object

    0x20008bf4   0x0000040c   Zero   RW          387    heap_mem_area_not_ret  jump_table.o


    Execution Region RW_IRAM52 (Base: 0x20009000, Size: 0x00000020, Max: 0x00000020, ABSOLUTE, UNINIT)

    Base Addr    Size         Type   Attr      Idx    E Section Name        Object

    0x20009000   0x00000020   Zero   RW            1    RW_IRAM52.bss       anon$$obj.o


    Execution Region RW_IRAM53 (Base: 0x20009020, Size: 0x000000b0, Max: 0x000001e0, ABSOLUTE)

    Base Addr    Size         Type   Attr      Idx    E Section Name        Object

    0x20009020   0x000000a8   Zero   RW          573    .bss                gpio.o
    0x200090c8   0x00000008   Zero   RW         1557    .bss                app_hps_proj.o


    Execution Region RW_IRAM54 (Base: 0x20009200, Size: 0x00000600, Max: 0x00000600, ABSOLUTE, UNINIT)

    Base Addr    Size         Type   Attr      Idx    E Section Name        Object

    0x20009200   0x00000600   Zero   RW           50    STACK               boot_vectors.o



  Load Region LR_RETENTION_RAM2 (Base: 0x00080768, Size: 0x00000000, Max: 0x00002968, ABSOLUTE)

    Execution Region ZI_RET20 (Base: 0x00080768, Size: 0x00000a8c, Max: 0x00002968, ABSOLUTE, UNINIT)

    Base Addr    Size         Type   Attr      Idx    E Section Name        Object

    0x00080768   0x0000040c   Zero   RW          385    heap_db_area        jump_table.o
    0x00080b74   0x00000154   Zero   RW          386    heap_env_area       jump_table.o
    0x00080cc8   0x0000052c   Zero   RW          388    heap_msg_area       jump_table.o


    Execution Region ZI_RET21 (Base: 0x000811f4, Size: 0x00001e0c, Max: 0xffffffff, ABSOLUTE)

    Base Addr    Size         Type   Attr      Idx    E Section Name        Object

    0x000811f4   0x0000182c   PAD
    0x00082a20   0x000005de   Zero   RW          112    .ARM.__AT_0x00082A20  arch_main.o


==============================================================================

Image component sizes


      Code (inc. data)   RO Data    RW Data    ZI Data      Debug   Object Name

       324         22         16          0         12      10620   app.o
       684         66          0          0          8       6163   app_hps_proj.o
       176         22          0          0         36       3075   app_sec.o
       288         26          0          0          0       2448   app_sec_task.o
       316          8         96          0          1       5508   app_task.o
       948        142         54          0       1503     133932   arch_main.o
       224         18          0          0          4       2935   arch_sleep.o
       660         70          0          0         20      81891   arch_system.o
       236         18          0          0          0         72   atts_task.obj
       108         22        160          0       1536        724   boot_vectors.o
       196         12          0          0          0        108   ch_map.obj
         0          0        100          0          0       1224   gapm.o
       384         38          0          0          0      57941   gapm_util.obj
       156         10          8          0        168       1635   gpio.o
        96          8          0          0          0       2547   hardfault_handler.o
         2          0        352          0       3736       2876   jump_table.o
       184         18          0          0          0         96   ke_task.obj
       146         16          0          0          0       8845   nmi_handler.o
       628         30        164          0          6       2831   nvds.o
        38          0          0          0          0       1544   periph_setup.o
       804        178          0          0          0      64840   rf_580.o
       388         40          0          0          1      63247   rwble.o
       380         44          0          0          0      63138   rwip.o
       236          8          0          0          0        136   smpc.obj
       524          6          0          0          0         84   smpc_task.obj
        84         14          0          0          0      99969   system_armcm0.o
       472         20          0         28          0      19855   uart2.o

    ----------------------------------------------------------------------
      9768       1216       1000         28      13260     638284   Object Totals
      1080        360         48          0         32          0   (incl. Generated)
         6          0          2          0       6197          0   (incl. Padding)

    ----------------------------------------------------------------------

      Code (inc. data)   RO Data    RW Data    ZI Data      Debug   Library Member Name

         0          0          0          0          0          0   entry.o
         8          4          0          0          0          0   entry2.o
         4          0          0          0          0          0   entry5.o
         0          0          0          0          0          0   entry7b.o
         8          4          0          0          0          0   entry8.o
        30          0          0          0          0          0   handlers.o
        36          8          0          0          0         68   init.o
        56          0          0          0          0         68   d2f.o
        46          0          0          0          0         60   f2d.o
       128          0          0          0          0         72   fdiv.o
       132          0          0          0          0        144   fepilogue.o
        42          0          0          0          0         60   ffixui.o
        14          0          0          0          0         68   ffltui.o
       122          0          0          0          0         72   fmul.o
        24          0          0          0          0         60   fscalb.o

    ----------------------------------------------------------------------
       652         16          0          0          0        672   Library Totals
         2          0          0          0          0          0   (incl. Padding)

    ----------------------------------------------------------------------

      Code (inc. data)   RO Data    RW Data    ZI Data      Debug   Library Name

        86         16          0          0          0         68   mc_p.l
       564          0          0          0          0        604   mf_p.l

    ----------------------------------------------------------------------
       652         16          0          0          0        672   Library Totals

    ----------------------------------------------------------------------

==============================================================================


      Code (inc. data)   RO Data    RW Data    ZI Data      Debug   

     10420       1232       1000         28      13260     636740   Grand Totals
     10420       1232       1000         28      13260     636740   ELF Image Totals
     10420       1232       1000         28          0          0   ROM Totals

==============================================================================

    Total RO  Size (Code + RO Data)                11420 (  11.15kB)
    Total RW  Size (RW Data + ZI Data)             13288 (  12.98kB)
    Total ROM Size (Code + RO Data + RW Data)      11448 (  11.18kB)

==============================================================================

