ARM Linker, 4.1 [Build 791] [Standard]

==============================================================================

Section Cross References

    boot_vectors.o(RESET) refers to boot_vectors.o(STACK) for __initial_sp
    boot_vectors.o(RESET) refers to boot_vectors.o(.text) for Reset_Handler
    boot_vectors.o(RESET) refers to rwble.o(.text) for BLE_WAKEUP_LP_Handler
    boot_vectors.o(RESET) refers to uart2.o(.text) for UART2_Handler
    boot_vectors.o(.text) refers to system_armcm0.o(.text) for SystemInit
    boot_vectors.o(.text) refers to entry.o(.ARM.Collect$$$$00000000) for __main
    boot_vectors.o(.text) refers to nmi_handler.o(.text) for NMI_HandlerC
    boot_vectors.o(.text) refers to hardfault_handler.o(.text) for HardFault_HandlerC
    boot_vectors.o(.text) refers to arch_main.o(.text) for SVC_Handler_c
    hardfault_handler.o(.text) refers to nmi_handler.o(.emb_text) for BKPT
    arch_main.o(.text) refers to arch_system.o(.text) for set_sleep_delay
    arch_main.o(.text) refers to gpio.o(i.GPIO_init) for GPIO_init
    arch_main.o(.text) refers to periph_setup.o(.text) for periph_init
    arch_main.o(.text) refers to nvds.o(.text) for nvds_read_bdaddr_from_otp
    arch_main.o(.text) refers to rf_580.o(.text) for iq_trim_from_otp
    arch_main.o(.text) refers to arch_sleep.o(.text) for app_disable_sleep
    arch_main.o(.text) refers to app.o(.text) for app_init
    arch_main.o(.text) refers to app_console.o(.text) for arch_printf_process
    arch_main.o(.text) refers to rwip.o(.text) for rwip_sleep
    arch_main.o(.text) refers to arch_main.o(.constdata) for patch_table
    arch_main.o(.text) refers to arch_main.o(retention_mem_area0) for sys_startup_flag
    arch_main.o(.text) refers to arch_main.o(.ARM.__AT_0x00082A20) for descript
    arch_main.o(.text) refers to arch_system.o(retention_mem_area0) for lp_clk_sel
    arch_main.o(.text) refers to jump_table.o(jump_table_mem_area) for jump_table_base
    arch_main.o(.constdata) refers to arch_main.o(.text) for cmp_abs_time
    arch_main.o(.constdata) refers to atts_task.obj(.text) for l2cc_pdu_recv_ind_handler
    arch_main.o(.constdata) refers to smpc.obj(.text) for smpc_send_pairing_req_ind
    arch_main.o(.constdata) refers to smpc_task.obj(.text) for smpc_pairing_cfm_handler
    arch_main.o(.constdata) refers to ch_map.obj(.text) for my_llc_con_update_req_ind
    arch_main.o(.constdata) refers to gapm_util.obj(.text) for patched_gapm_adv_op_sanity
    jump_table.o(jump_table_mem_area) refers to arch_main.o(.text) for main_func
    jump_table.o(jump_table_mem_area) refers to rf_580.o(.text) for rf_init_func
    jump_table.o(jump_table_mem_area) refers to prf_utils.o(.text) for prf_init_func
    jump_table.o(jump_table_mem_area) refers to arch_system.o(.text) for uart_flow_off_func
    jump_table.o(jump_table_mem_area) refers to rwble.o(.text) for lld_sleep_compensate_func_patched
    jump_table.o(jump_table_mem_area) refers to jump_table.o(heap_mem_area_not_ret) for rwip_heap_non_ret
    jump_table.o(jump_table_mem_area) refers to jump_table.o(heap_env_area) for rwip_heap_env_ret
    jump_table.o(jump_table_mem_area) refers to jump_table.o(heap_db_area) for rwip_heap_db_ret
    jump_table.o(jump_table_mem_area) refers to jump_table.o(heap_msg_area) for rwip_heap_msg_ret
    jump_table.o(jump_table_mem_area) refers to ke_task.obj(.text) for ke_task_init_func
    jump_table.o(jump_table_mem_area) refers to nvds.o(.text) for custom_nvds_get_func
    jump_table.o(jump_table_mem_area) refers to arch_main.o(.constdata) for LUT_CFG
    arch_sleep.o(.text) refers to arch_sleep.o(retention_mem_area0) for sleep_md
    arch_sleep.o(.text) refers to rwble.o(retention_mem_area0) for rwble_last_event
    nmi_handler.o(.text) refers to nmi_handler.o(.emb_text) for BKPT
    periph_setup.o(.text) refers to gpio.o(i.GPIO_ConfigurePin) for GPIO_ConfigurePin
    periph_setup.o(.text) refers to arch_main.o(.text) for patch_func
    periph_setup.o(.text) refers to uart2.o(.text) for uart2_init
    periph_setup.o(.text) refers to gpio.o(.bss) for GPIO
    arch_system.o(.text) refers to ffltui.o(.text) for __aeabi_ui2f
    arch_system.o(.text) refers to fdiv.o(.text) for __aeabi_fdiv
    arch_system.o(.text) refers to fmul.o(.text) for __aeabi_fmul
    arch_system.o(.text) refers to ffixui.o(.text) for __aeabi_f2uiz
    arch_system.o(.text) refers to f2d.o(.text) for __aeabi_f2d
    arch_system.o(.text) refers to d2f.o(.text) for __aeabi_d2f
    arch_system.o(.text) refers to arch_system.o(retention_mem_area0) for lp_clk_sel
    rf_580.o(.text) refers to arch_system.o(retention_mem_area0) for lp_clk_sel
    rf_580.o(.text) refers to jump_table.o(jump_table_mem_area) for jump_table_base
    uart2.o(.text) refers to uart2.o(exchange_mem_case1) for uart2_env
    smpc_task.obj(.text) refers to smpc.obj(.text) for smpc_send_pairing_req_ind
    nvds.o(.text) refers to nvds.o(retention_mem_area0) for dev_bdaddr
[...]
    attm_convert_16to128                     0x00029729   Thumb Code     0  rom_symdef.txt ABSOLUTE
    attm_convert_32to128                     0x00029747   Thumb Code     0  rom_symdef.txt ABSOLUTE
    attm_bt_uuid_match                       0x00029767   Thumb Code     0  rom_symdef.txt ABSOLUTE
    attm_bt32_uuid_match                     0x0002978d   Thumb Code     0  rom_symdef.txt ABSOLUTE
    attm_convert_to128                       0x000297b9   Thumb Code     0  rom_symdef.txt ABSOLUTE
    attm_uuid_match                          0x000297e9   Thumb Code     0  rom_symdef.txt ABSOLUTE
    attm_uuid_match_16                       0x0002981d   Thumb Code     0  rom_symdef.txt ABSOLUTE
    attm_is_bt_uuid128                       0x00029829   Thumb Code     0  rom_symdef.txt ABSOLUTE
    attm_is_bt32_uuid128                     0x00029853   Thumb Code     0  rom_symdef.txt ABSOLUTE
    attmdb_add_service                       0x00029895   Thumb Code     0  rom_symdef.txt ABSOLUTE
    attmdb_get_service                       0x00029957   Thumb Code     0  rom_symdef.txt ABSOLUTE
    attmdb_add_attribute                     0x00029995   Thumb Code     0  rom_symdef.txt ABSOLUTE
    attmdb_destroy                           0x00029a6b   Thumb Code     0  rom_symdef.txt ABSOLUTE
    attmdb_get_attribute                     0x00029a85   Thumb Code     0  rom_symdef.txt ABSOLUTE
    attmdb_get_next_att                      0x00029aa1   Thumb Code     0  rom_symdef.txt ABSOLUTE
    attmdb_att_update_value                  0x00029b2b   Thumb Code     0  rom_symdef.txt ABSOLUTE
    attmdb_att_set_value                     0x00029b6d   Thumb Code     0  rom_symdef.txt ABSOLUTE
    attmdb_att_partial_value_update          0x00029b73   Thumb Code     0  rom_symdef.txt ABSOLUTE
    attmdb_att_get_value                     0x00029ba5   Thumb Code     0  rom_symdef.txt ABSOLUTE
    attmdb_att_get_uuid                      0x00029bc5   Thumb Code     0  rom_symdef.txt ABSOLUTE
    attmdb_att_set_permission                0x00029c29   Thumb Code     0  rom_symdef.txt ABSOLUTE
    attmdb_att_get_permission                0x00029c41   Thumb Code     0  rom_symdef.txt ABSOLUTE
    attmdb_att_update_perm                   0x00029c5b   Thumb Code     0  rom_symdef.txt ABSOLUTE
    attmdb_svc_set_permission                0x00029c7b   Thumb Code     0  rom_symdef.txt ABSOLUTE
    attmdb_svc_get_permission                0x00029c99   Thumb Code     0  rom_symdef.txt ABSOLUTE
    attmdb_init                              0x00029cb3   Thumb Code     0  rom_symdef.txt ABSOLUTE
    attm_svc_create_db                       0x00029f45   Thumb Code     0  rom_symdef.txt ABSOLUTE
    atts_clear_prep_data                     0x0002a03d   Thumb Code     0  rom_symdef.txt ABSOLUTE
    atts_cleanup                             0x0002a05b   Thumb Code     0  rom_symdef.txt ABSOLUTE
    atts_init                                0x0002a08f   Thumb Code     0  rom_symdef.txt ABSOLUTE
    atts_create                              0x0002a0cb   Thumb Code     0  rom_symdef.txt ABSOLUTE
    atts_con_enable                          0x0002a0ed   Thumb Code     0  rom_symdef.txt ABSOLUTE
    atts_update_elmt                         0x0002a0fb   Thumb Code     0  rom_symdef.txt ABSOLUTE
    atts_store_prep_data                     0x0002a149   Thumb Code     0  rom_symdef.txt ABSOLUTE
    atts_send_pdu                            0x0002a575   Thumb Code     0  rom_symdef.txt ABSOLUTE
    atts_allocate_pdu                        0x0002a57f   Thumb Code     0  rom_symdef.txt ABSOLUTE
    atts_mtu_exc_resp                        0x0002a5a1   Thumb Code     0  rom_symdef.txt ABSOLUTE
    atts_send_error                          0x0002a5d7   Thumb Code     0  rom_symdef.txt ABSOLUTE
    atts_find_info_resp                      0x0002a5e3   Thumb Code     0  rom_symdef.txt ABSOLUTE
    atts_get_att_chk_perm                    0x0002a719   Thumb Code     0  rom_symdef.txt ABSOLUTE
    atts_find_by_type_resp                   0x0002a887   Thumb Code     0  rom_symdef.txt ABSOLUTE
    atts_read_by_type_resp                   0x0002a9a7   Thumb Code     0  rom_symdef.txt ABSOLUTE
    atts_read_by_grp_type_resp               0x0002aa93   Thumb Code     0  rom_symdef.txt ABSOLUTE
    atts_read_resp                           0x0002ab95   Thumb Code     0  rom_symdef.txt ABSOLUTE
    atts_read_blob_resp                      0x0002abf9   Thumb Code     0  rom_symdef.txt ABSOLUTE
    atts_read_mult_resp                      0x0002ac69   Thumb Code     0  rom_symdef.txt ABSOLUTE
    atts_write_no_resp                       0x0002ad17   Thumb Code     0  rom_symdef.txt ABSOLUTE
    atts_write_resp                          0x0002ad77   Thumb Code     0  rom_symdef.txt ABSOLUTE
    atts_signed_write_resp                   0x0002adf1   Thumb Code     0  rom_symdef.txt ABSOLUTE
    atts_prepare_write_resp                  0x0002ae85   Thumb Code     0  rom_symdef.txt ABSOLUTE
    atts_execute_write_resp                  0x0002af11   Thumb Code     0  rom_symdef.txt ABSOLUTE
    atts_send_cmd_cmp                        0x0002afd5   Thumb Code     0  rom_symdef.txt ABSOLUTE
    atts_write_rsp_send                      0x0002aff3   Thumb Code     0  rom_symdef.txt ABSOLUTE
    gattc_cleanup                            0x0002b0a3   Thumb Code     0  rom_symdef.txt ABSOLUTE
    gattc_init                               0x0002b0cd   Thumb Code     0  rom_symdef.txt ABSOLUTE
    gattc_create                             0x0002b109   Thumb Code     0  rom_symdef.txt ABSOLUTE
    gattc_send_att_req                       0x0002b13b   Thumb Code     0  rom_symdef.txt ABSOLUTE
    gattc_allocate_att_req                   0x0002b145   Thumb Code     0  rom_symdef.txt ABSOLUTE
    gattc_send_execute                       0x0002b165   Thumb Code     0  rom_symdef.txt ABSOLUTE
    gattc_get_event_dest                     0x0002b179   Thumb Code     0  rom_symdef.txt ABSOLUTE
    gattc_init_operation                     0x0002b1b7   Thumb Code     0  rom_symdef.txt ABSOLUTE
    gattc_get_operation                      0x0002b1d1   Thumb Code     0  rom_symdef.txt ABSOLUTE
    gattc_send_complete_evt                  0x0002b1e5   Thumb Code     0  rom_symdef.txt ABSOLUTE
    gattc_get_mtu                            0x0002b2d3   Thumb Code     0  rom_symdef.txt ABSOLUTE
    gattc_set_mtu                            0x0002b2dd   Thumb Code     0  rom_symdef.txt ABSOLUTE
    gattm_svc_get_start_hdl                  0x0002c2e9   Thumb Code     0  rom_symdef.txt ABSOLUTE
    gattm_init                               0x0002c2ef   Thumb Code     0  rom_symdef.txt ABSOLUTE
    gattm_create                             0x0002c317   Thumb Code     0  rom_symdef.txt ABSOLUTE
    gattm_cleanup                            0x0002c31f   Thumb Code     0  rom_symdef.txt ABSOLUTE
    gattm_get_max_mtu                        0x0002c327   Thumb Code     0  rom_symdef.txt ABSOLUTE
    gattm_set_max_mtu                        0x0002c32d   Thumb Code     0  rom_symdef.txt ABSOLUTE
    l2cc_cleanup                             0x0002c479   Thumb Code     0  rom_symdef.txt ABSOLUTE
    l2cc_init                                0x0002c4a9   Thumb Code     0  rom_symdef.txt ABSOLUTE
    l2cc_create                              0x0002c4e5   Thumb Code     0  rom_symdef.txt ABSOLUTE
    l2cc_update_state                        0x0002c515   Thumb Code     0  rom_symdef.txt ABSOLUTE
    l2cm_init                                0x0002c759   Thumb Code     0  rom_symdef.txt ABSOLUTE
    l2cm_create                              0x0002c781   Thumb Code     0  rom_symdef.txt ABSOLUTE
    l2cm_cleanup                             0x0002c789   Thumb Code     0  rom_symdef.txt ABSOLUTE
    l2cm_set_link_layer_buff_size            0x0002c7a9   Thumb Code     0  rom_symdef.txt ABSOLUTE
    smpc_regs_push                           0x0002c7b9   Thumb Code     0  rom_symdef.txt ABSOLUTE
    smpc_regs_pop                            0x0002c7bb   Thumb Code     0  rom_symdef.txt ABSOLUTE
    smpc_clear_timeout_timer                 0x0002c7bd   Thumb Code     0  rom_symdef.txt ABSOLUTE
    smpc_cleanup                             0x0002c7e1   Thumb Code     0  rom_symdef.txt ABSOLUTE
    smpc_init                                0x0002c841   Thumb Code     0  rom_symdef.txt ABSOLUTE
    smpc_create                              0x0002c87d   Thumb Code     0  rom_symdef.txt ABSOLUTE
    smpc_init_operation                      0x0002c8ab   Thumb Code     0  rom_symdef.txt ABSOLUTE
    smpc_send_cmp_evt                        0x0002c8c1   Thumb Code     0  rom_symdef.txt ABSOLUTE
    smpc_send_use_enc_block_cmd              0x0002c935   Thumb Code     0  rom_symdef.txt ABSOLUTE
    smpc_send_start_enc_cmd                  0x0002c96d   Thumb Code     0  rom_symdef.txt ABSOLUTE
    smpc_send_ltk_req_rsp                    0x0002c9cb   Thumb Code     0  rom_symdef.txt ABSOLUTE
    smpc_send_pairing_ind                    0x0002cadb   Thumb Code     0  rom_symdef.txt ABSOLUTE
    smpc_launch_rep_att_timer                0x0002cb6f   Thumb Code     0  rom_symdef.txt ABSOLUTE
    smpc_check_repeated_attempts             0x0002cbbd   Thumb Code     0  rom_symdef.txt ABSOLUTE
    smpc_check_max_key_size                  0x0002cc01   Thumb Code     0  rom_symdef.txt ABSOLUTE
    smpc_check_key_distrib                   0x0002cc29   Thumb Code     0  rom_symdef.txt ABSOLUTE
    smpc_xor                                 0x0002cc7d   Thumb Code     0  rom_symdef.txt ABSOLUTE
    smpc_generate_l                          0x0002cc93   Thumb Code     0  rom_symdef.txt ABSOLUTE
    smpc_generate_ci                         0x0002ccdf   Thumb Code     0  rom_symdef.txt ABSOLUTE
    smpc_generate_rand                       0x0002cd4b   Thumb Code     0  rom_symdef.txt ABSOLUTE
    smpc_generate_e1                         0x0002cd6f   Thumb Code     0  rom_symdef.txt ABSOLUTE
    smpc_generate_cfm                        0x0002ce25   Thumb Code     0  rom_symdef.txt ABSOLUTE
    smpc_generate_stk                        0x0002cead   Thumb Code     0  rom_symdef.txt ABSOLUTE
    smpc_calc_subkeys                        0x0002cf01   Thumb Code     0  rom_symdef.txt ABSOLUTE
    smpc_pairing_end                         0x0002cf77   Thumb Code     0  rom_symdef.txt ABSOLUTE
    smpc_tkdp_rcp_continue                   0x0002d00b   Thumb Code     0  rom_symdef.txt ABSOLUTE
    smpc_tkdp_rcp_start                      0x0002d069   Thumb Code     0  rom_symdef.txt ABSOLUTE
    smpc_pdu_send                            0x0002d0ab   Thumb Code     0  rom_symdef.txt ABSOLUTE
    smpc_tkdp_send_start                     0x0002d11b   Thumb Code     0  rom_symdef.txt ABSOLUTE
    smpc_tkdp_send_continue                  0x0002d199   Thumb Code     0  rom_symdef.txt ABSOLUTE
    smpc_get_key_sec_prop                    0x0002d215   Thumb Code     0  rom_symdef.txt ABSOLUTE
    smpc_is_sec_mode_reached                 0x0002d28d   Thumb Code     0  rom_symdef.txt ABSOLUTE
    smpc_handle_enc_change_evt               0x0002d2b7   Thumb Code     0  rom_symdef.txt ABSOLUTE
    smpc_pdu_recv                            0x0002d35d   Thumb Code     0  rom_symdef.txt ABSOLUTE
    smpm_init                                0x0002de21   Thumb Code     0  rom_symdef.txt ABSOLUTE
    smpm_create                              0x0002de5b   Thumb Code     0  rom_symdef.txt ABSOLUTE
    smpm_cleanup                             0x0002de63   Thumb Code     0  rom_symdef.txt ABSOLUTE
    smpm_send_cmp_evt                        0x0002de6b   Thumb Code     0  rom_symdef.txt ABSOLUTE
    smpm_send_encrypt_req                    0x0002dea3   Thumb Code     0  rom_symdef.txt ABSOLUTE
    smpm_send_gen_rand_nb_req                0x0002ded1   Thumb Code     0  rom_symdef.txt ABSOLUTE
    smpm_check_addr_type                     0x0002dedf   Thumb Code     0  rom_symdef.txt ABSOLUTE
    gapc_init                                0x0002e269   Thumb Code     0  rom_symdef.txt ABSOLUTE
    gapc_con_create                          0x0002e2a5   Thumb Code     0  rom_symdef.txt ABSOLUTE
    gapc_con_cleanup                         0x0002e385   Thumb Code     0  rom_symdef.txt ABSOLUTE
    gapc_send_disconect_ind                  0x0002e395   Thumb Code     0  rom_symdef.txt ABSOLUTE
    gapc_get_conidx                          0x0002e3b7   Thumb Code     0  rom_symdef.txt ABSOLUTE
    gapc_get_conhdl                          0x0002e3e3   Thumb Code     0  rom_symdef.txt ABSOLUTE
    gapc_get_role                            0x0002e3f9   Thumb Code     0  rom_symdef.txt ABSOLUTE
    gapc_get_bdaddr                          0x0002e415   Thumb Code     0  rom_symdef.txt ABSOLUTE
    gapc_get_csrk                            0x0002e435   Thumb Code     0  rom_symdef.txt ABSOLUTE
    gapc_get_sign_counter                    0x0002e453   Thumb Code     0  rom_symdef.txt ABSOLUTE
    gapc_send_complete_evt                   0x0002e471   Thumb Code     0  rom_symdef.txt ABSOLUTE
    gapc_send_error_evt                      0x0002e4bd   Thumb Code     0  rom_symdef.txt ABSOLUTE
    gapc_is_sec_set                          0x0002e4df   Thumb Code     0  rom_symdef.txt ABSOLUTE
    gapc_get_enc_keysize                     0x0002e549   Thumb Code     0  rom_symdef.txt ABSOLUTE
    gapc_set_enc_keysize                     0x0002e561   Thumb Code     0  rom_symdef.txt ABSOLUTE
    gapc_link_encrypted                      0x0002e575   Thumb Code     0  rom_symdef.txt ABSOLUTE
    gapc_auth_set                            0x0002e58f   Thumb Code     0  rom_symdef.txt ABSOLUTE
    gapc_param_updata_sanity                 0x0002e67b   Thumb Code     0  rom_symdef.txt ABSOLUTE
    gapm_init                                0x0002f4f3   Thumb Code     0  rom_symdef.txt ABSOLUTE
    gapm_host_init                           0x0002f547   Thumb Code     0  rom_symdef.txt ABSOLUTE
    gapm_get_operation                       0x0002f56d   Thumb Code     0  rom_symdef.txt ABSOLUTE
    gapm_send_complete_evt                   0x0002f57f   Thumb Code     0  rom_symdef.txt ABSOLUTE
    gapm_send_error_evt                      0x0002f5b5   Thumb Code     0  rom_symdef.txt ABSOLUTE
    gapm_con_create                          0x0002f5d3   Thumb Code     0  rom_symdef.txt ABSOLUTE
    gapm_con_enable                          0x0002f631   Thumb Code     0  rom_symdef.txt ABSOLUTE
    gapm_con_cleanup                         0x0002f63d   Thumb Code     0  rom_symdef.txt ABSOLUTE
    gapm_get_privacy_flag                    0x00030c7f   Thumb Code     0  rom_symdef.txt ABSOLUTE
    gapm_set_recon_addr                      0x00030cab   Thumb Code     0  rom_symdef.txt ABSOLUTE
    gapm_adv_op_sanity                       0x00030cef   Thumb Code     0  rom_symdef.txt ABSOLUTE
    gapm_set_adv_mode                        0x00030e75   Thumb Code     0  rom_symdef.txt ABSOLUTE
    gapm_execute_adv_op                      0x00030e8d   Thumb Code     0  rom_symdef.txt ABSOLUTE
    gapm_scan_op_sanity                      0x00030fdd   Thumb Code     0  rom_symdef.txt ABSOLUTE
    gapm_set_scan_mode                       0x000310b5   Thumb Code     0  rom_symdef.txt ABSOLUTE
    gapm_execute_scan_op                     0x000310d1   Thumb Code     0  rom_symdef.txt ABSOLUTE
    gapm_connect_op_sanity                   0x00031175   Thumb Code     0  rom_symdef.txt ABSOLUTE
    gapm_execute_connect_op                  0x000312b9   Thumb Code     0  rom_symdef.txt ABSOLUTE
    gapm_get_role                            0x0003142d   Thumb Code     0  rom_symdef.txt ABSOLUTE
    gapm_get_recon_addr                      0x00031433   Thumb Code     0  rom_symdef.txt ABSOLUTE
    gapm_set_privacy_flag                    0x00031473   Thumb Code     0  rom_symdef.txt ABSOLUTE
    gapm_get_ad_type_flag                    0x0003149f   Thumb Code     0  rom_symdef.txt ABSOLUTE
    gapm_add_to_filter                       0x000314c5   Thumb Code     0  rom_symdef.txt ABSOLUTE
    gapm_is_filtered                         0x00031529   Thumb Code     0  rom_symdef.txt ABSOLUTE
    gapm_update_air_op_state                 0x0003157f   Thumb Code     0  rom_symdef.txt ABSOLUTE
    gapm_get_irk                             0x00031635   Thumb Code     0  rom_symdef.txt ABSOLUTE
    gapm_get_bdaddr                          0x0003163b   Thumb Code     0  rom_symdef.txt ABSOLUTE
    l2cc_pdu_pack                            0x0003164d   Thumb Code     0  rom_symdef.txt ABSOLUTE
    l2cc_pdu_unpack                          0x000318f3   Thumb Code     0  rom_symdef.txt ABSOLUTE
    l2cc_detect_dest                         0x00031b2d   Thumb Code     0  rom_symdef.txt ABSOLUTE
    smpc_check_param                         0x00031b95   Thumb Code     0  rom_symdef.txt ABSOLUTE
    ke_init                                  0x0003200d   Thumb Code     0  rom_symdef.txt ABSOLUTE
    ke_flush                                 0x00032039   Thumb Code     0  rom_symdef.txt ABSOLUTE
    ke_sleep_check                           0x00032079   Thumb Code     0  rom_symdef.txt ABSOLUTE
    ke_event_init                            0x00032091   Thumb Code     0  rom_symdef.txt ABSOLUTE
    ke_event_callback_set                    0x0003209d   Thumb Code     0  rom_symdef.txt ABSOLUTE
    ke_event_set                             0x000320b1   Thumb Code     0  rom_symdef.txt ABSOLUTE
    ke_event_clear                           0x000320dd   Thumb Code     0  rom_symdef.txt ABSOLUTE
    ke_event_get                             0x00032109   Thumb Code     0  rom_symdef.txt ABSOLUTE
    ke_event_get_all                         0x0003212f   Thumb Code     0  rom_symdef.txt ABSOLUTE
    ke_event_flush                           0x00032135   Thumb Code     0  rom_symdef.txt ABSOLUTE
    ke_event_schedule                        0x0003213d   Thumb Code     0  rom_symdef.txt ABSOLUTE
    ke_mem_init                              0x0003218d   Thumb Code     0  rom_symdef.txt ABSOLUTE
    ke_mem_is_empty                          0x000321d7   Thumb Code     0  rom_symdef.txt ABSOLUTE
    ke_malloc                                0x00032215   Thumb Code     0  rom_symdef.txt ABSOLUTE
    ke_free                                  0x000322d7   Thumb Code     0  rom_symdef.txt ABSOLUTE
    ke_msg_alloc                             0x000323b1   Thumb Code     0  rom_symdef.txt ABSOLUTE
    ke_msg_send                              0x000323e1   Thumb Code     0  rom_symdef.txt ABSOLUTE
    ke_msg_send_basic                        0x0003240d   Thumb Code     0  rom_symdef.txt ABSOLUTE
    ke_msg_forward                           0x0003241b   Thumb Code     0  rom_symdef.txt ABSOLUTE
    ke_msg_forward_new_id                    0x00032425   Thumb Code     0  rom_symdef.txt ABSOLUTE
    ke_msg_free                              0x00032435   Thumb Code     0  rom_symdef.txt ABSOLUTE
    ke_queue_extract                         0x00032441   Thumb Code     0  rom_symdef.txt ABSOLUTE
    ke_queue_insert                          0x0003247f   Thumb Code     0  rom_symdef.txt ABSOLUTE
    ke_task_init                             0x0003256d   Thumb Code     0  rom_symdef.txt ABSOLUTE
    ke_task_create                           0x00032587   Thumb Code     0  rom_symdef.txt ABSOLUTE
    ke_task_delete                           0x000325e1   Thumb Code     0  rom_symdef.txt ABSOLUTE
    ke_state_set                             0x00032631   Thumb Code     0  rom_symdef.txt ABSOLUTE
    ke_state_get                             0x000326b3   Thumb Code     0  rom_symdef.txt ABSOLUTE
    ke_msg_discard                           0x000326e3   Thumb Code     0  rom_symdef.txt ABSOLUTE
    ke_msg_save                              0x000326e7   Thumb Code     0  rom_symdef.txt ABSOLUTE
    ke_task_handler_get                      0x000326eb   Thumb Code     0  rom_symdef.txt ABSOLUTE
    ke_timer_init                            0x00032813   Thumb Code     0  rom_symdef.txt ABSOLUTE
    ke_timer_init_func                       0x00032819   Thumb Code     0  rom_symdef.txt ABSOLUTE
    ke_timer_set                             0x00032825   Thumb Code     0  rom_symdef.txt ABSOLUTE
    ke_timer_clear                           0x000328a5   Thumb Code     0  rom_symdef.txt ABSOLUTE
    ke_timer_active                          0x000328fb   Thumb Code     0  rom_symdef.txt ABSOLUTE
    ke_timer_sleep_check                     0x00032921   Thumb Code     0  rom_symdef.txt ABSOLUTE
    ke_time                                  0x0003297d   Thumb Code     0  rom_symdef.txt ABSOLUTE
    nvds_get                                 0x000329d1   Thumb Code     0  rom_symdef.txt ABSOLUTE
    nvds_get_func                            0x000329d7   Thumb Code     0  rom_symdef.txt ABSOLUTE
    nvds_init                                0x00032bcf   Thumb Code     0  rom_symdef.txt ABSOLUTE
    rwble_hl_init                            0x00032be5   Thumb Code     0  rom_symdef.txt ABSOLUTE
    rwble_hl_send_message                    0x00032c0b   Thumb Code     0  rom_symdef.txt ABSOLUTE
    ble_regs_push                            0x00032c0d   Thumb Code     0  rom_symdef.txt ABSOLUTE
    ble_regs_pop                             0x00032c65   Thumb Code     0  rom_symdef.txt ABSOLUTE
    rf_init                                  0x00032cbd   Thumb Code     0  rom_symdef.txt ABSOLUTE
    rf_reinit                                0x00032cc3   Thumb Code     0  rom_symdef.txt ABSOLUTE
    rwip_init                                0x00032ccb   Thumb Code     0  rom_symdef.txt ABSOLUTE
    rwip_reset                               0x00032d8d   Thumb Code     0  rom_symdef.txt ABSOLUTE
    rwip_version                             0x00032db9   Thumb Code     0  rom_symdef.txt ABSOLUTE
    rwip_prevent_sleep_get                   0x00032dc1   Thumb Code     0  rom_symdef.txt ABSOLUTE
    rwip_schedule                            0x00032dc9   Thumb Code     0  rom_symdef.txt ABSOLUTE
    rwip_prevent_sleep_set                   0x00032eb7   Thumb Code     0  rom_symdef.txt ABSOLUTE
    rwip_wakeup                              0x00032edb   Thumb Code     0  rom_symdef.txt ABSOLUTE
    rwip_prevent_sleep_clear                 0x00032eed   Thumb Code     0  rom_symdef.txt ABSOLUTE
    rwip_wakeup_end                          0x00032f11   Thumb Code     0  rom_symdef.txt ABSOLUTE
    rwip_wakeup_delay_set                    0x00032f2f   Thumb Code     0  rom_symdef.txt ABSOLUTE
    rwip_sleep_enable                        0x00032f3f   Thumb Code     0  rom_symdef.txt ABSOLUTE
    rwip_ext_wakeup_enable                   0x00032f47   Thumb Code     0  rom_symdef.txt ABSOLUTE
    rwble_init                               0x00032f71   Thumb Code     0  rom_symdef.txt ABSOLUTE
    rwble_reset                              0x00032fd5   Thumb Code     0  rom_symdef.txt ABSOLUTE
    rwble_version                            0x00033003   Thumb Code     0  rom_symdef.txt ABSOLUTE
    rwble_get_clock                          0x0003302d   Thumb Code     0  rom_symdef.txt ABSOLUTE
    BLE_FINETGTIM_Handler                    0x00033105   Thumb Code     0  rom_symdef.txt ABSOLUTE
    BLE_GROSSTGTIM_Handler                   0x0003310d   Thumb Code     0  rom_symdef.txt ABSOLUTE
    BLE_CSCNT_Handler                        0x00033115   Thumb Code     0  rom_symdef.txt ABSOLUTE
    BLE_ERROR_Handler                        0x0003318d   Thumb Code     0  rom_symdef.txt ABSOLUTE
    BLE_CRYPT_Handler                        0x000331ad   Thumb Code     0  rom_symdef.txt ABSOLUTE
    func_check_mem                           0x000331eb   Thumb Code     0  rom_symdef.txt ABSOLUTE
    test_rxdone                              0x0003323d   Thumb Code     0  rom_symdef.txt ABSOLUTE
    prf_create                               0x000339fd   Thumb Code     0  rom_symdef.txt ABSOLUTE
    prf_init                                 0x00033a23   Thumb Code     0  rom_symdef.txt ABSOLUTE
    prf_cleanup                              0x00033a2b   Thumb Code     0  rom_symdef.txt ABSOLUTE
    __aeabi_uidiv                            0x00033aa7   Thumb Code     0  rom_symdef.txt ABSOLUTE
    __aeabi_uidivmod                         0x00033aa7   Thumb Code     0  rom_symdef.txt ABSOLUTE
    __aeabi_idiv                             0x00033ad3   Thumb Code     0  rom_symdef.txt ABSOLUTE
    __aeabi_idivmod                          0x00033ad3   Thumb Code     0  rom_symdef.txt ABSOLUTE
    rand                                     0x00033afd   Thumb Code     0  rom_symdef.txt ABSOLUTE
    srand                                    0x00033b0f   Thumb Code     0  rom_symdef.txt ABSOLUTE
    __aeabi_memcpy                           0x00033b21   Thumb Code     0  rom_symdef.txt ABSOLUTE
    __aeabi_memcpy4                          0x00033b21   Thumb Code     0  rom_symdef.txt ABSOLUTE
    __aeabi_memcpy8                          0x00033b21   Thumb Code     0  rom_symdef.txt ABSOLUTE
    __aeabi_memset                           0x00033b45   Thumb Code     0  rom_symdef.txt ABSOLUTE
    __aeabi_memset4                          0x00033b45   Thumb Code     0  rom_symdef.txt ABSOLUTE
    __aeabi_memset8                          0x00033b45   Thumb Code     0  rom_symdef.txt ABSOLUTE
    __aeabi_memclr                           0x00033b53   Thumb Code     0  rom_symdef.txt ABSOLUTE
    __aeabi_memclr4                          0x00033b53   Thumb Code     0  rom_symdef.txt ABSOLUTE
    __aeabi_memclr8                          0x00033b53   Thumb Code     0  rom_symdef.txt ABSOLUTE
    _memset$wrapper                          0x00033b57   Thumb Code     0  rom_symdef.txt ABSOLUTE
    strlen                                   0x00033b69   Thumb Code     0  rom_symdef.txt ABSOLUTE
    memcmp                                   0x00033b77   Thumb Code     0  rom_symdef.txt ABSOLUTE
    __aeabi_dmul                             0x00033b91   Thumb Code     0  rom_symdef.txt ABSOLUTE
    __aeabi_i2d                              0x00033c61   Thumb Code     0  rom_symdef.txt ABSOLUTE
    __aeabi_ui2d                             0x00033c89   Thumb Code     0  rom_symdef.txt ABSOLUTE
    __aeabi_cdcmpeq                          0x00033ca5   Thumb Code     0  rom_symdef.txt ABSOLUTE
    __aeabi_cdcmple                          0x00033ca5   Thumb Code     0  rom_symdef.txt ABSOLUTE
    __I$use$fp                               0x00033ccd   Thumb Code     0  rom_symdef.txt ABSOLUTE
    _double_round                            0x00033ccd   Thumb Code     0  rom_symdef.txt ABSOLUTE
    _double_epilogue                         0x00033ce7   Thumb Code     0  rom_symdef.txt ABSOLUTE
    __aeabi_llsl                             0x00033d8d   Thumb Code     0  rom_symdef.txt ABSOLUTE
    _ll_shift_l                              0x00033d8d   Thumb Code     0  rom_symdef.txt ABSOLUTE
    __aeabi_llsr                             0x00033dad   Thumb Code     0  rom_symdef.txt ABSOLUTE
    _ll_ushift_r                             0x00033dad   Thumb Code     0  rom_symdef.txt ABSOLUTE
    __ARM_clz                                0x00033dcf   Thumb Code     0  rom_symdef.txt ABSOLUTE
    __ARM_common_switch8                     0x00033dfd   Thumb Code     0  rom_symdef.txt ABSOLUTE
    uart_api                                 0x00033e18   Data           0  rom_symdef.txt ABSOLUTE
    co_sca2ppm                               0x00033e28   Data           0  rom_symdef.txt ABSOLUTE
    co_null_bdaddr                           0x00033e38   Data           0  rom_symdef.txt ABSOLUTE
    co_default_bdaddr                        0x00033e3e   Data           0  rom_symdef.txt ABSOLUTE
    dbg_default_handler                      0x00033f14   Data           0  rom_symdef.txt ABSOLUTE
    llc_state_handler                        0x000340dc   Data           0  rom_symdef.txt ABSOLUTE
    llc_default_handler                      0x0003418c   Data           0  rom_symdef.txt ABSOLUTE
    llm_local_cmds                           0x000341bc   Data           0  rom_symdef.txt ABSOLUTE
    llm_local_le_feats                       0x000341fc   Data           0  rom_symdef.txt ABSOLUTE
    llm_local_le_states                      0x00034204   Data           0  rom_symdef.txt ABSOLUTE
    llm_state_handler                        0x00034354   Data           0  rom_symdef.txt ABSOLUTE
    llm_default_handler                      0x00034384   Data           0  rom_symdef.txt ABSOLUTE
    LLM_AA_CT1                               0x0003438c   Data           0  rom_symdef.txt ABSOLUTE
    LLM_AA_CT2                               0x0003438f   Data           0  rom_symdef.txt ABSOLUTE
    gtl_default_state                        0x000343a4   Data           0  rom_symdef.txt ABSOLUTE
    gtl_default_handler                      0x000343bc   Data           0  rom_symdef.txt ABSOLUTE
    attc_default_state                       0x000343d8   Data           0  rom_symdef.txt ABSOLUTE
    attc_state_handler                       0x000343f8   Data           0  rom_symdef.txt ABSOLUTE
    attc_default_handler                     0x00034410   Data           0  rom_symdef.txt ABSOLUTE
    attm_default_state                       0x00034428   Data           0  rom_symdef.txt ABSOLUTE
    attm_state_handler                       0x00034480   Data           0  rom_symdef.txt ABSOLUTE
    attm_default_handler                     0x00034488   Data           0  rom_symdef.txt ABSOLUTE
    atts_default_state                       0x000344a0   Data           0  rom_symdef.txt ABSOLUTE
    atts_state_handler                       0x000344d0   Data           0  rom_symdef.txt ABSOLUTE
    atts_default_handler                     0x000344f8   Data           0  rom_symdef.txt ABSOLUTE
    gattc_default_state                      0x00034510   Data           0  rom_symdef.txt ABSOLUTE
    gattc_state_handler                      0x00034598   Data           0  rom_symdef.txt ABSOLUTE
    gattc_default_handler                    0x000345b0   Data           0  rom_symdef.txt ABSOLUTE
    gattm_default_state                      0x00034604   Data           0  rom_symdef.txt ABSOLUTE
    gattm_state_handler                      0x00034614   Data           0  rom_symdef.txt ABSOLUTE
    gattm_default_handler                    0x00034624   Data           0  rom_symdef.txt ABSOLUTE
    l2cc_default_state                       0x0003463c   Data           0  rom_symdef.txt ABSOLUTE
    l2cc_state_handler                       0x00034654   Data           0  rom_symdef.txt ABSOLUTE
    l2cc_default_handler                     0x0003466c   Data           0  rom_symdef.txt ABSOLUTE
    l2cm_default_state                       0x00034684   Data           0  rom_symdef.txt ABSOLUTE
    l2cm_state_handler                       0x0003468c   Data           0  rom_symdef.txt ABSOLUTE
    l2cm_default_handler                     0x00034694   Data           0  rom_symdef.txt ABSOLUTE
    smpc_default_state                       0x000346c8   Data           0  rom_symdef.txt ABSOLUTE
    smpc_state_handler                       0x00034760   Data           0  rom_symdef.txt ABSOLUTE
    smpc_default_handler                     0x00034780   Data           0  rom_symdef.txt ABSOLUTE
    smpm_default_state                       0x00034798   Data           0  rom_symdef.txt ABSOLUTE
    smpm_state_handler                       0x000347d0   Data           0  rom_symdef.txt ABSOLUTE
    smpm_default_handler                     0x000347e0   Data           0  rom_symdef.txt ABSOLUTE
    gapc_default_state                       0x000347f8   Data           0  rom_symdef.txt ABSOLUTE
    gapc_state_handler                       0x00034910   Data           0  rom_symdef.txt ABSOLUTE
    gapc_default_handler                     0x00034928   Data           0  rom_symdef.txt ABSOLUTE
    gapm_default_state                       0x000349ec   Data           0  rom_symdef.txt ABSOLUTE
    gapm_state_handler                       0x00034b94   Data           0  rom_symdef.txt ABSOLUTE
    gapm_default_handler                     0x00034bbc   Data           0  rom_symdef.txt ABSOLUTE
    smpc_construct_pdu                       0x00034ce8   Data           0  rom_symdef.txt ABSOLUTE
    smpc_recv_pdu                            0x00034d18   Data           0  rom_symdef.txt ABSOLUTE
    dummy                                    0x00080000   Data           0  rom_symdef.txt ABSOLUTE
    sleep_env                                0x00080254   Data           0  rom_symdef.txt ABSOLUTE
    iq_trim_bias_ctrl1_reg                   0x00080256   Data           0  rom_symdef.txt ABSOLUTE
    co_buf_env                               0x00080258   Data           0  rom_symdef.txt ABSOLUTE
    dbg_state                                0x00080348   Data           0  rom_symdef.txt ABSOLUTE
    iq_trim_rf_mixer_ctrl1_reg               0x0008034a   Data           0  rom_symdef.txt ABSOLUTE
    llc_env                                  0x0008034c   Data           0  rom_symdef.txt ABSOLUTE
    llc_state                                0x00080364   Data           0  rom_symdef.txt ABSOLUTE
    ret_winsize_var                          0x0008036a   Data           0  rom_symdef.txt ABSOLUTE
    lld_evt_env                              0x0008036c   Data           0  rom_symdef.txt ABSOLUTE
    lld_sleep_env                            0x0008038c   Data           0  rom_symdef.txt ABSOLUTE
    llm_le_env                               0x00080390   Data           0  rom_symdef.txt ABSOLUTE
    llm_le_env_lpus                          0x000803e4   Data           0  rom_symdef.txt ABSOLUTE
    llm_bt_env                               0x0008042a   Data           0  rom_symdef.txt ABSOLUTE
    llm_state                                0x00080432   Data           0  rom_symdef.txt ABSOLUTE
    vcocal_ctrl_reg_val                      0x00080452   Data           0  rom_symdef.txt ABSOLUTE
    last_temp_count                          0x00080478   Data           0  rom_symdef.txt ABSOLUTE
    last_temp_time                           0x0008047c   Data           0  rom_symdef.txt ABSOLUTE
    gtl_env                                  0x00080480   Data           0  rom_symdef.txt ABSOLUTE
    gtl_state                                0x000804a4   Data           0  rom_symdef.txt ABSOLUTE
    attc_state                               0x000804a5   Data           0  rom_symdef.txt ABSOLUTE
    attm_env                                 0x000804ac   Data           0  rom_symdef.txt ABSOLUTE
    attm_state                               0x000804b4   Data           0  rom_symdef.txt ABSOLUTE
    atts_env                                 0x000804b8   Data           0  rom_symdef.txt ABSOLUTE
    atts_state                               0x000804d0   Data           0  rom_symdef.txt ABSOLUTE
    gattc_env                                0x000804d8   Data           0  rom_symdef.txt ABSOLUTE
    gattc_state                              0x000804f0   Data           0  rom_symdef.txt ABSOLUTE
    gattm_env                                0x000804f6   Data           0  rom_symdef.txt ABSOLUTE
    gattm_state                              0x000804fc   Data           0  rom_symdef.txt ABSOLUTE
    l2cc_env                                 0x00080500   Data           0  rom_symdef.txt ABSOLUTE
    l2cc_state                               0x00080518   Data           0  rom_symdef.txt ABSOLUTE
    l2cm_env                                 0x0008051e   Data           0  rom_symdef.txt ABSOLUTE
    l2cm_state                               0x00080524   Data           0  rom_symdef.txt ABSOLUTE
    smpc_env                                 0x00080528   Data           0  rom_symdef.txt ABSOLUTE
    smpc_state                               0x00080540   Data           0  rom_symdef.txt ABSOLUTE
    smpm_env                                 0x00080548   Data           0  rom_symdef.txt ABSOLUTE
    smpm_state                               0x00080550   Data           0  rom_symdef.txt ABSOLUTE
    gapc_env                                 0x00080554   Data           0  rom_symdef.txt ABSOLUTE
    gapc_state                               0x0008056c   Data           0  rom_symdef.txt ABSOLUTE
    gap_cfg_table                            0x00080574   Data           0  rom_symdef.txt ABSOLUTE
    gapm_env                                 0x00080578   Data           0  rom_symdef.txt ABSOLUTE
    gapm_state                               0x000805a4   Data           0  rom_symdef.txt ABSOLUTE
    ke_env                                   0x000805a8   Data           0  rom_symdef.txt ABSOLUTE
    ke_task_env                              0x00080604   Data           0  rom_symdef.txt ABSOLUTE
    nvds_data_ptr                            0x000806c0   Data           0  rom_symdef.txt ABSOLUTE
    func_check_mem_flag                      0x000806c4   Data           0  rom_symdef.txt ABSOLUTE
    ke_mem_heaps_used                        0x000806c5   Data           0  rom_symdef.txt ABSOLUTE
    rwip_env                                 0x000806c6   Data           0  rom_symdef.txt ABSOLUTE
    ble_reg_save                             0x000806cc   Data           0  rom_symdef.txt ABSOLUTE
    rwip_rf                                  0x0008071c   Data           0  rom_symdef.txt ABSOLUTE
    rwip_heap_db_ret                         0x00080768   Data        1036  jump_table.o(heap_db_area)
    rwip_heap_env_ret                        0x00080b74   Data         340  jump_table.o(heap_env_area)
    rwip_heap_msg_ret                        0x00080cc8   Data        1324  jump_table.o(heap_msg_area)
    descript                                 0x00082a20   Data        1502  arch_main.o(.ARM.__AT_0x00082A20)
    __Vectors                                0x20000000   Data           4  boot_vectors.o(RESET)
    __Vectors_End                            0x200000a0   Data           0  boot_vectors.o(RESET)
    jump_table_base                          0x20000160   Data         352  jump_table.o(jump_table_mem_area)
    gap_timeout_table                        0x200002c0   Data         100  gapm.o(timeout_table_area)
    nvds_data_storage                        0x20000340   Data         164  nvds.o(nvds_data_storage_area)
    __main                                   0x20000441   Thumb Code     0  entry.o(.ARM.Collect$$$$00000000)
    _main_stk                                0x20000441   Thumb Code     0  entry2.o(.ARM.Collect$$$$00000001)
    _main_scatterload                        0x20000445   Thumb Code     0  entry5.o(.ARM.Collect$$$$00000004)
    __main_after_scatterload                 0x20000449   Thumb Code     0  entry5.o(.ARM.Collect$$$$00000004)
    _main_clock                              0x20000449   Thumb Code     0  entry7b.o(.ARM.Collect$$$$00000008)
    _main_init                               0x20000449   Thumb Code     0  entry8.o(.ARM.Collect$$$$00000009)
    BKPT                                     0x20000455   Thumb Code     2  nmi_handler.o(.emb_text)
    BKPT1                                    0x20000459   Thumb Code     2  app_console.o(.emb_text)
    SystemInit                               0x2000045d   Thumb Code    78  system_armcm0.o(.text)
    Reset_Handler                            0x200004c5   Thumb Code     8  boot_vectors.o(.text)
    PendSV_Handler                           0x20000515   Thumb Code     2  boot_vectors.o(.text)
    SysTick_Handler                          0x20000517   Thumb Code     2  boot_vectors.o(.text)
    GPIO3_Handler                            0x20000519   Thumb Code     0  boot_vectors.o(.text)
    SWTIM_Handler                            0x20000519   Thumb Code     0  boot_vectors.o(.text)
    WKUP_QUADEC_Handler                      0x20000519   Thumb Code     0  boot_vectors.o(.text)
    HardFault_HandlerC                       0x20000531   Thumb Code   112  hardfault_handler.o(.text)
    SVC_Handler_c                            0x200005c7   Thumb Code    26  arch_main.o(.text)
    patch_func                               0x200005e1   Thumb Code   110  arch_main.o(.text)
    lld_sleep_init_func                      0x2000064f   Thumb Code    36  arch_main.o(.text)
    main_func                                0x20000673   Thumb Code  1014  arch_main.o(.text)
    dummyf                                   0x20000af1   Thumb Code     2  jump_table.o(.text)
    app_disable_sleep                        0x20000af5   Thumb Code    26  arch_sleep.o(.text)
    app_set_extended_sleep                   0x20000b0f   Thumb Code    28  arch_sleep.o(.text)
    app_set_deep_sleep                       0x20000b2b   Thumb Code    30  arch_sleep.o(.text)
    app_restore_sleep_mode                   0x20000b49   Thumb Code   122  arch_sleep.o(.text)
    app_force_active_mode                    0x20000bc3   Thumb Code    40  arch_sleep.o(.text)
    app_ble_ext_wakeup_on                    0x20000beb   Thumb Code     8  arch_sleep.o(.text)
    app_ble_ext_wakeup_off                   0x20000bf3   Thumb Code     8  arch_sleep.o(.text)
    app_ble_ext_wakeup_get                   0x20000bfb   Thumb Code     6  arch_sleep.o(.text)
    app_last_rwble_evt_get                   0x20000c01   Thumb Code     6  arch_sleep.o(.text)
    NMI_HandlerC                             0x20000c25   Thumb Code   174  nmi_handler.o(.text)
    GPIO_reservations                        0x20000ced   Thumb Code   100  periph_setup.o(.text)
    set_pad_functions                        0x20000d51   Thumb Code    34  periph_setup.o(.text)
    periph_init                              0x20000d73   Thumb Code    74  periph_setup.o(.text)
    select_lp_clk                            0x20000dcd   Thumb Code     8  arch_system.o(.text)
    init_pwr_and_clk_ble                     0x20000dd5   Thumb Code   430  arch_system.o(.text)
    set_pxact_gpio                           0x20000f83   Thumb Code    28  arch_system.o(.text)
    calibrate_rcx20                          0x20000f9f   Thumb Code    38  arch_system.o(.text)
    read_rcx_freq                            0x20000fc5   Thumb Code   146  arch_system.o(.text)
    set_sleep_delay                          0x20001057   Thumb Code    50  arch_system.o(.text)
    conditionally_run_radio_cals             0x20001089   Thumb Code   178  arch_system.o(.text)
    lld_sleep_us_2_lpcycles_rcx_func         0x2000113b   Thumb Code    24  arch_system.o(.text)
    lld_sleep_lpcycles_2_us_rcx_func         0x20001153   Thumb Code    12  arch_system.o(.text)
    lld_sleep_us_2_lpcycles_sel_func         0x2000115f   Thumb Code    34  arch_system.o(.text)
    lld_sleep_lpcycles_2_us_sel_func         0x20001181   Thumb Code    34  arch_system.o(.text)
    uart_flow_off_func                       0x2000122d   Thumb Code    84  arch_system.o(.text)
    iq_trim_from_otp                         0x20001285   Thumb Code    76  rf_580.o(.text)
    rf_reg_rd                                0x200012d1   Thumb Code     6  rf_580.o(.text)
    rf_reg_wr                                0x200012d7   Thumb Code     2  rf_580.o(.text)
    rf_reset                                 0x200012d9   Thumb Code     2  rf_580.o(.text)
    rf_force_agc_enable                      0x200012db   Thumb Code     2  rf_580.o(.text)
    rf_txpwr_dbm_get                         0x200012dd   Thumb Code     6  rf_580.o(.text)
    rf_regs                                  0x200012fd   Thumb Code   202  rf_580.o(.text)
    rf_init_func                             0x200013c9   Thumb Code   214  rf_580.o(.text)
    rf_reinit_func                           0x2000149f   Thumb Code   268  rf_580.o(.text)
    uart2_init_func                          0x200017df   Thumb Code   128  uart2.o(.text)
    uart2_init                               0x2000185f   Thumb Code    16  uart2.o(.text)
    uart2_flow_on_func                       0x2000186f   Thumb Code     8  uart2.o(.text)
    uart2_flow_on                            0x20001877   Thumb Code     8  uart2.o(.text)
    uart2_flow_off_func                      0x2000187f   Thumb Code    84  uart2.o(.text)
    uart2_flow_off                           0x200018d3   Thumb Code     8  uart2.o(.text)
    uart2_finish_transfers_func              0x200018db   Thumb Code    66  uart2.o(.text)
    uart2_finish_transfers                   0x2000191d   Thumb Code     8  uart2.o(.text)
    uart2_read_func                          0x20001925   Thumb Code    28  uart2.o(.text)
    uart2_read                               0x20001941   Thumb Code    20  uart2.o(.text)
    uart2_write_func                         0x20001955   Thumb Code    52  uart2.o(.text)
    uart2_write                              0x20001989   Thumb Code    20  uart2.o(.text)
    UART2_Handler_func                       0x2000199d   Thumb Code    74  uart2.o(.text)
    UART2_Handler                            0x200019e7   Thumb Code     8  uart2.o(.text)
    ke_task_init_func                        0x20001b07   Thumb Code    20  ke_task.obj(.text)
    my_llc_con_update_req_ind                0x20001b2d   Thumb Code   100  ch_map.obj(.text)
    my_llc_ch_map_req_ind                    0x20001b91   Thumb Code    84  ch_map.obj(.text)
    l2cc_pdu_recv_ind_handler                0x20001bf1   Thumb Code   232  atts_task.obj(.text)
    smpc_send_pairing_req_ind                0x20001cdd   Thumb Code   190  smpc.obj(.text)
    smpc_check_pairing_feat                  0x20001d9b   Thumb Code    38  smpc.obj(.text)
    smpc_pairing_cfm_handler                 0x20001dc9   Thumb Code   518  smpc_task.obj(.text)
    patched_gapm_adv_op_sanity               0x20001fd5   Thumb Code   208  gapm_util.obj(.text)
    custom_nvds_get_func                     0x20002155   Thumb Code   970  nvds.o(.text)
    nvds_read_bdaddr_from_otp                0x2000251f   Thumb Code    74  nvds.o(.text)
    rwip_sleep                               0x200025b9   Thumb Code   450  rwip.o(.text)
    BLE_WAKEUP_LP_Handler                    0x200027b9   Thumb Code   194  rwble.o(.text)
    lld_sleep_compensate_func_patched        0x2000287b   Thumb Code    84  rwble.o(.text)
    BLE_SLP_Handler                          0x200028cf   Thumb Code    80  rwble.o(.text)
    BLE_RX_Handler                           0x2000291f   Thumb Code     8  rwble.o(.text)
    BLE_EVENT_Handler                        0x20002927   Thumb Code    24  rwble.o(.text)
    BLE_RF_DIAG_Handler                      0x2000293f   Thumb Code    84  rwble.o(.text)
    prf_server_error_ind_send                0x200029c9   Thumb Code    48  prf_utils.o(.text)
    prf_server_send_event                    0x200029f9   Thumb Code    50  prf_utils.o(.text)
    prf_pack_date_time                       0x20002a2b   Thumb Code    50  prf_utils.o(.text)
    prf_unpack_date_time                     0x20002a5d   Thumb Code    44  prf_utils.o(.text)
    prf_init_func                            0x20002a89   Thumb Code     8  prf_utils.o(.text)
    prf_cleanup_func                         0x20002a91   Thumb Code    32  prf_utils.o(.text)
    hpss_init                                0x20002ab5   Thumb Code    28  hpss.o(.text)
    hpss_disable                             0x20002ad1   Thumb Code    48  hpss.o(.text)
    hpss_status_code_send_cfm_send           0x20002b01   Thumb Code    42  hpss.o(.text)
    app_init                                 0x20002fd1   Thumb Code    62  app.o(.text)
    app_db_init                              0x2000300f   Thumb Code    14  app.o(.text)
    app_disconnect                           0x2000301d   Thumb Code    40  app.o(.text)
    app_connect_confirm                      0x20003045   Thumb Code    46  app.o(.text)
    app_adv_start                            0x20003073   Thumb Code    38  app.o(.text)
    app_adv_stop                             0x20003099   Thumb Code    30  app.o(.text)
    app_param_update_start                   0x200030b7   Thumb Code     8  app.o(.text)
    app_timer_set                            0x200030bf   Thumb Code    36  app.o(.text)
    app_connect                              0x200030e3   Thumb Code    62  app.o(.text)
    gapm_device_ready_ind_handler            0x20003135   Thumb Code    48  app_task.o(.text)
    gapm_cmp_evt_handler                     0x20003165   Thumb Code   146  app_task.o(.text)
    gapc_connection_req_ind_handler          0x200031f7   Thumb Code    36  app_task.o(.text)
    gapc_cmp_evt_handler                     0x2000321b   Thumb Code    62  app_task.o(.text)
    gapc_disconnect_ind_handler              0x20003259   Thumb Code    22  app_task.o(.text)
    app_module_init_cmp_evt_handler          0x2000326f   Thumb Code    42  app_task.o(.text)
    gapm_adv_report_ind_handler              0x20003299   Thumb Code    20  app_task.o(.text)
    delete_msg                               0x20003329   Thumb Code    36  app_console.o(.text)
    arch_printf                              0x200036b5   Thumb Code   168  app_console.o(.text)
    arch_puts                                0x2000375d   Thumb Code    14  app_console.o(.text)
    arch_printf_process                      0x2000376b   Thumb Code    48  app_console.o(.text)
    app_init_func                            0x200037dd   Thumb Code     8  app_hps_proj.o(.text)
    app_sec_init_func                        0x200037e5   Thumb Code     2  app_hps_proj.o(.text)
    app_connection_func                      0x200037e7   Thumb Code    66  app_hps_proj.o(.text)
    app_adv_func                             0x20003829   Thumb Code   238  app_hps_proj.o(.text)
    app_disconnect_func                      0x20003917   Thumb Code    32  app_hps_proj.o(.text)
    app_db_init_func                         0x20003937   Thumb Code    54  app_hps_proj.o(.text)
    app_param_update_func                    0x2000396d   Thumb Code     2  app_hps_proj.o(.text)
    app_configuration_func                   0x2000396f   Thumb Code    44  app_hps_proj.o(.text)
    app_set_dev_config_complete_func         0x2000399b   Thumb Code    24  app_hps_proj.o(.text)
    app_update_params_rejected_func          0x200039b3   Thumb Code     2  app_hps_proj.o(.text)
    app_update_params_complete_func          0x200039b5   Thumb Code     2  app_hps_proj.o(.text)
    app_adv_undirect_complete                0x200039b7   Thumb Code     2  app_hps_proj.o(.text)
    app_adv_direct_complete                  0x200039b9   Thumb Code     2  app_hps_proj.o(.text)
    app_db_init_complete_func                0x200039bb   Thumb Code     8  app_hps_proj.o(.text)
    app_scanning_completed_func              0x200039c3   Thumb Code     2  app_hps_proj.o(.text)
    app_connect_func                         0x200039c5   Thumb Code     2  app_hps_proj.o(.text)
    app_adv_report_ind_func                  0x200039c7   Thumb Code     2  app_hps_proj.o(.text)
    app_connect_failed_func                  0x200039c9   Thumb Code     2  app_hps_proj.o(.text)
    app_hps_init                             0x200039f1   Thumb Code    10  app_hps.o(.text)
    app_hps_create_db_send                   0x200039fb   Thumb Code    28  app_hps.o(.text)
    app_hps_enable_prf                       0x20003a17   Thumb Code    32  app_hps.o(.text)
    app_hps_send_status_code                 0x20003a37   Thumb Code    38  app_hps.o(.text)
    hpss_create_db_cfm_handler               0x20003a6d   Thumb Code    48  app_hps_task.o(.text)
    hpss_disable_ind_handler                 0x20003a9d   Thumb Code     8  app_hps_task.o(.text)
    hpss_uri_ind_handler                     0x20003aa5   Thumb Code    44  app_hps_task.o(.text)
    hpss_header_ind_handler                  0x20003ad1   Thumb Code    44  app_hps_task.o(.text)
    hpss_body_ind_handler                    0x20003afd   Thumb Code    44  app_hps_task.o(.text)
    hpss_cntl_pt_ind_handler                 0x20003b29   Thumb Code    44  app_hps_task.o(.text)
    hpss_status_code_ntf_cfg_ind_handler     0x20003b55   Thumb Code    44  app_hps_task.o(.text)
    strcpy                                   0x20003b89   Thumb Code    18  strcpy.o(.text)
    __aeabi_fmul                             0x20003b9b   Thumb Code   122  fmul.o(.text)
    __aeabi_fdiv                             0x20003c15   Thumb Code   128  fdiv.o(.text)
    __aeabi_ui2f                             0x20003c95   Thumb Code    14  ffltui.o(.text)
    __aeabi_f2uiz                            0x20003ca3   Thumb Code    42  ffixui.o(.text)
    __aeabi_f2d                              0x20003ccd   Thumb Code    46  f2d.o(.text)
    __aeabi_d2f                              0x20003cfb   Thumb Code    56  d2f.o(.text)
    _float_round                             0x20003d33   Thumb Code    16  fepilogue.o(.text)
    _float_epilogue                          0x20003d43   Thumb Code   116  fepilogue.o(.text)
    __scatterload                            0x20003db9   Thumb Code    28  init.o(.text)
    __scatterload_rt2                        0x20003db9   Thumb Code     0  init.o(.text)
    Long Thumb to Thumb Veneer to set_system_clocks 0x20003ddd   Thumb Code    12  anon$$obj.o(Veneer$$Code)
    Long Thumb to Thumb Veneer to srand      0x20003de9   Thumb Code    12  anon$$obj.o(Veneer$$Code)
    Long Thumb to Thumb Veneer to nvds_init  0x20003df5   Thumb Code    12  anon$$obj.o(Veneer$$Code)
    Long Thumb to Thumb Veneer to rwip_init  0x20003e01   Thumb Code    12  anon$$obj.o(Veneer$$Code)
    Long Thumb to Thumb Veneer to enable_rf_diag_irq 0x20003e0d   Thumb Code    12  anon$$obj.o(Veneer$$Code)
    Long Thumb to Thumb Veneer to app_get_sleep_mode 0x20003e19   Thumb Code    12  anon$$obj.o(Veneer$$Code)
    Long Thumb to Thumb Veneer to rwip_prevent_sleep_get 0x20003e25   Thumb Code    12  anon$$obj.o(Veneer$$Code)
    Long Thumb to Thumb Veneer to ke_event_get 0x20003e31   Thumb Code    12  anon$$obj.o(Veneer$$Code)
    Long Thumb to Thumb Veneer to rwip_schedule 0x20003e3d   Thumb Code    12  anon$$obj.o(Veneer$$Code)
    Long Thumb to Thumb Veneer to lld_sleep_check 0x20003e49   Thumb Code    12  anon$$obj.o(Veneer$$Code)
    Long Thumb to Thumb Veneer to func_check_mem 0x20003e55   Thumb Code    12  anon$$obj.o(Veneer$$Code)
    Long Thumb to Thumb Veneer to test_rxdone 0x20003e61   Thumb Code    12  anon$$obj.o(Veneer$$Code)
    Long Thumb to Thumb Veneer to ke_mem_is_empty 0x20003e6d   Thumb Code    12  anon$$obj.o(Veneer$$Code)
    Long Thumb to Thumb Veneer to __aeabi_llsl 0x20003e79   Thumb Code    12  anon$$obj.o(Veneer$$Code)
    Long Thumb to Thumb Veneer to __aeabi_uidivmod 0x20003e85   Thumb Code    12  anon$$obj.o(Veneer$$Code)
    Long Thumb to Thumb Veneer to __aeabi_dmul 0x20003e91   Thumb Code    12  anon$$obj.o(Veneer$$Code)
    Long Thumb to Thumb Veneer to __aeabi_idivmod 0x20003e9d   Thumb Code    12  anon$$obj.o(Veneer$$Code)
    Long Thumb to Thumb Veneer to rwip_wakeup_delay_set 0x20003ea9   Thumb Code    12  anon$$obj.o(Veneer$$Code)
    Long Thumb to Thumb Veneer to get_rc16m_count 0x20003eb5   Thumb Code    12  anon$$obj.o(Veneer$$Code)
    Long Thumb to Thumb Veneer to pll_vcocal_LUT_InitUpdate 0x20003ec1   Thumb Code    12  anon$$obj.o(Veneer$$Code)
    Long Thumb to Thumb Veneer to rf_calibration 0x20003ecd   Thumb Code    12  anon$$obj.o(Veneer$$Code)
    Long Thumb to Thumb Veneer to lld_sleep_us_2_lpcycles_func 0x20003ed9   Thumb Code    12  anon$$obj.o(Veneer$$Code)
    Long Thumb to Thumb Veneer to lld_sleep_lpcycles_2_us_func 0x20003ee5   Thumb Code    12  anon$$obj.o(Veneer$$Code)
    Long Thumb to Thumb Veneer to uart_flow_on 0x20003ef1   Thumb Code    12  anon$$obj.o(Veneer$$Code)
    Long Thumb to Thumb Veneer to __aeabi_memcpy 0x20003efd   Thumb Code    12  anon$$obj.o(Veneer$$Code)
    Long Thumb to Thumb Veneer to co_list_pop_front 0x20003f09   Thumb Code    12  anon$$obj.o(Veneer$$Code)
    Long Thumb to Thumb Veneer to ke_task_handler_get 0x20003f15   Thumb Code    12  anon$$obj.o(Veneer$$Code)
    Long Thumb to Thumb Veneer to ke_msg_free 0x20003f21   Thumb Code    12  anon$$obj.o(Veneer$$Code)
    Long Thumb to Thumb Veneer to co_list_push_back 0x20003f2d   Thumb Code    12  anon$$obj.o(Veneer$$Code)
    Long Thumb to Thumb Veneer to ke_event_clear 0x20003f39   Thumb Code    12  anon$$obj.o(Veneer$$Code)
    Long Thumb to Thumb Veneer to __aeabi_memclr4 0x20003f45   Thumb Code    12  anon$$obj.o(Veneer$$Code)
    Long Thumb to Thumb Veneer to ke_event_callback_set 0x20003f51   Thumb Code    12  anon$$obj.o(Veneer$$Code)
    Long Thumb to Thumb Veneer to lld_con_update_ind 0x20003f5d   Thumb Code    12  anon$$obj.o(Veneer$$Code)
    Long Thumb to Thumb Veneer to ke_state_set 0x20003f69   Thumb Code    12  anon$$obj.o(Veneer$$Code)
    Long Thumb to Thumb Veneer to llc_util_dicon_procedure 0x20003f75   Thumb Code    12  anon$$obj.o(Veneer$$Code)
    Long Thumb to Thumb Veneer to lld_ch_map_ind 0x20003f81   Thumb Code    12  anon$$obj.o(Veneer$$Code)
    Long Thumb to Thumb Veneer to ke_state_get 0x20003f8d   Thumb Code    12  anon$$obj.o(Veneer$$Code)
    Long Thumb to Thumb Veneer to __ARM_common_switch8 0x20003f99   Thumb Code    12  anon$$obj.o(Veneer$$Code)
    Long Thumb to Thumb Veneer to ke_timer_clear 0x20003fa5   Thumb Code    12  anon$$obj.o(Veneer$$Code)
    Long Thumb to Thumb Veneer to atts_send_cmd_cmp 0x20003fb1   Thumb Code    12  anon$$obj.o(Veneer$$Code)
    Long Thumb to Thumb Veneer to atts_mtu_exc_resp 0x20003fbd   Thumb Code    12  anon$$obj.o(Veneer$$Code)
    Long Thumb to Thumb Veneer to atts_find_info_resp 0x20003fc9   Thumb Code    12  anon$$obj.o(Veneer$$Code)
    Long Thumb to Thumb Veneer to atts_find_by_type_resp 0x20003fd5   Thumb Code    12  anon$$obj.o(Veneer$$Code)
    Long Thumb to Thumb Veneer to atts_read_by_type_resp 0x20003fe1   Thumb Code    12  anon$$obj.o(Veneer$$Code)
    Long Thumb to Thumb Veneer to atts_read_by_grp_type_resp 0x20003fed   Thumb Code    12  anon$$obj.o(Veneer$$Code)
    Long Thumb to Thumb Veneer to atts_read_resp 0x20003ff9   Thumb Code    12  anon$$obj.o(Veneer$$Code)
    Long Thumb to Thumb Veneer to atts_read_blob_resp 0x20004005   Thumb Code    12  anon$$obj.o(Veneer$$Code)
    Long Thumb to Thumb Veneer to atts_read_mult_resp 0x20004011   Thumb Code    12  anon$$obj.o(Veneer$$Code)
    Long Thumb to Thumb Veneer to atts_write_no_resp 0x2000401d   Thumb Code    12  anon$$obj.o(Veneer$$Code)
    Long Thumb to Thumb Veneer to atts_write_resp 0x20004029   Thumb Code    12  anon$$obj.o(Veneer$$Code)
    Long Thumb to Thumb Veneer to atts_signed_write_resp 0x20004035   Thumb Code    12  anon$$obj.o(Veneer$$Code)
    Long Thumb to Thumb Veneer to atts_prepare_write_resp 0x20004041   Thumb Code    12  anon$$obj.o(Veneer$$Code)
    Long Thumb to Thumb Veneer to atts_execute_write_resp 0x2000404d   Thumb Code    12  anon$$obj.o(Veneer$$Code)
    Long Thumb to Thumb Veneer to ke_msg_alloc 0x20004059   Thumb Code    12  anon$$obj.o(Veneer$$Code)
    Long Thumb to Thumb Veneer to gapc_get_enc_keysize 0x20004065   Thumb Code    12  anon$$obj.o(Veneer$$Code)
    Long Thumb to Thumb Veneer to gapc_get_role 0x20004071   Thumb Code    12  anon$$obj.o(Veneer$$Code)
    Long Thumb to Thumb Veneer to ke_msg_send 0x2000407d   Thumb Code    12  anon$$obj.o(Veneer$$Code)
    Long Thumb to Thumb Veneer to smpc_generate_rand 0x20004089   Thumb Code    12  anon$$obj.o(Veneer$$Code)
    Long Thumb to Thumb Veneer to smpc_tkdp_send_continue 0x20004095   Thumb Code    12  anon$$obj.o(Veneer$$Code)
    Long Thumb to Thumb Veneer to smpc_pdu_send 0x200040a1   Thumb Code    12  anon$$obj.o(Veneer$$Code)
    Long Thumb to Thumb Veneer to smpc_tkdp_rcp_start 0x200040ad   Thumb Code    12  anon$$obj.o(Veneer$$Code)
    Long Thumb to Thumb Veneer to smpc_pairing_end 0x200040b9   Thumb Code    12  anon$$obj.o(Veneer$$Code)
    Long Thumb to Thumb Veneer to smpc_check_max_key_size 0x200040c5   Thumb Code    12  anon$$obj.o(Veneer$$Code)
    Long Thumb to Thumb Veneer to smpc_check_key_distrib 0x200040d1   Thumb Code    12  anon$$obj.o(Veneer$$Code)
    Long Thumb to Thumb Veneer to smpc_get_key_sec_prop 0x200040dd   Thumb Code    12  anon$$obj.o(Veneer$$Code)
    Long Thumb to Thumb Veneer to smpc_is_sec_mode_reached 0x200040e9   Thumb Code    12  anon$$obj.o(Veneer$$Code)
    Long Thumb to Thumb Veneer to gapm_get_privacy_flag 0x200040f5   Thumb Code    12  anon$$obj.o(Veneer$$Code)
    Long Thumb to Thumb Veneer to gapm_set_recon_addr 0x20004101   Thumb Code    12  anon$$obj.o(Veneer$$Code)
    Long Thumb to Thumb Veneer to memcmp     0x2000410d   Thumb Code    12  anon$$obj.o(Veneer$$Code)
    Long Thumb to Thumb Veneer to ke_sleep_check 0x20004119   Thumb Code    12  anon$$obj.o(Veneer$$Code)
    Long Thumb to Thumb Veneer to ke_timer_sleep_check 0x20004125   Thumb Code    12  anon$$obj.o(Veneer$$Code)
    Long Thumb to Thumb Veneer to gtl_enter_sleep 0x20004131   Thumb Code    12  anon$$obj.o(Veneer$$Code)
    Long Thumb to Thumb Veneer to lld_sleep_enter 0x2000413d   Thumb Code    12  anon$$obj.o(Veneer$$Code)
    Long Thumb to Thumb Veneer to ble_regs_push 0x20004149   Thumb Code    12  anon$$obj.o(Veneer$$Code)
    Long Thumb to Thumb Veneer to smpc_regs_push 0x20004155   Thumb Code    12  anon$$obj.o(Veneer$$Code)
    Long Thumb to Thumb Veneer to ble_regs_pop 0x20004161   Thumb Code    12  anon$$obj.o(Veneer$$Code)
    Long Thumb to Thumb Veneer to gtl_eif_init 0x2000416d   Thumb Code    12  anon$$obj.o(Veneer$$Code)
    Long Thumb to Thumb Veneer to rwip_wakeup 0x20004179   Thumb Code    12  anon$$obj.o(Veneer$$Code)
    Long Thumb to Thumb Veneer to rf_workaround_init 0x20004185   Thumb Code    12  anon$$obj.o(Veneer$$Code)
    Long Thumb to Thumb Veneer to rf_reinit  0x20004191   Thumb Code    12  anon$$obj.o(Veneer$$Code)
    Long Thumb to Thumb Veneer to lld_evt_rx_isr 0x2000419d   Thumb Code    12  anon$$obj.o(Veneer$$Code)
    Long Thumb to Thumb Veneer to lld_evt_end_isr 0x200041a9   Thumb Code    12  anon$$obj.o(Veneer$$Code)
    Long Thumb to Thumb Veneer to set_rf_cal_cap 0x200041b5   Thumb Code    12  anon$$obj.o(Veneer$$Code)
    Long Thumb to Thumb Veneer to set_gauss_modgain 0x200041c1   Thumb Code    12  anon$$obj.o(Veneer$$Code)
    Long Thumb to Thumb Veneer to gapc_get_conhdl 0x200041cd   Thumb Code    12  anon$$obj.o(Veneer$$Code)
    Long Thumb to Thumb Veneer to gapc_send_disconect_ind 0x200041d9   Thumb Code    12  anon$$obj.o(Veneer$$Code)
    Long Thumb to Thumb Veneer to __aeabi_memclr 0x200041e5   Thumb Code    12  anon$$obj.o(Veneer$$Code)
    Long Thumb to Thumb Veneer to ke_task_create 0x200041f1   Thumb Code    12  anon$$obj.o(Veneer$$Code)
    Long Thumb to Thumb Veneer to attmdb_svc_set_permission 0x200041fd   Thumb Code    12  anon$$obj.o(Veneer$$Code)
    Long Thumb to Thumb Veneer to attm_svc_create_db 0x20004209   Thumb Code    12  anon$$obj.o(Veneer$$Code)
    Long Thumb to Thumb Veneer to gapc_get_conidx 0x20004215   Thumb Code    12  anon$$obj.o(Veneer$$Code)
    Long Thumb to Thumb Veneer to attmdb_att_set_value 0x20004221   Thumb Code    12  anon$$obj.o(Veneer$$Code)
    Long Thumb to Thumb Veneer to atts_write_rsp_send 0x2000422d   Thumb Code    12  anon$$obj.o(Veneer$$Code)
    Long Thumb to Thumb Veneer to attmdb_att_update_value 0x20004239   Thumb Code    12  anon$$obj.o(Veneer$$Code)
    Long Thumb to Thumb Veneer to attmdb_att_get_value 0x20004245   Thumb Code    12  anon$$obj.o(Veneer$$Code)
    Long Thumb to Thumb Veneer to nvds_get   0x20004251   Thumb Code    12  anon$$obj.o(Veneer$$Code)
    Long Thumb to Thumb Veneer to ke_timer_set 0x2000425d   Thumb Code    12  anon$$obj.o(Veneer$$Code)
    Long Thumb to Thumb Veneer to ke_malloc  0x20004269   Thumb Code    12  anon$$obj.o(Veneer$$Code)
    Long Thumb to Thumb Veneer to ke_free    0x20004275   Thumb Code    12  anon$$obj.o(Veneer$$Code)
    Long Thumb to Thumb Veneer to __aeabi_memcpy4 0x20004281   Thumb Code    12  anon$$obj.o(Veneer$$Code)
    GPIO_ConfigurePin                        0x2000428d   Thumb Code    96  gpio.o(i.GPIO_ConfigurePin)
    GPIO_SetActive                           0x200042f1   Thumb Code    90  gpio.o(i.GPIO_SetActive)
    GPIO_SetInactive                         0x20004355   Thumb Code    90  gpio.o(i.GPIO_SetInactive)
    GPIO_SetPinFunction                      0x200043b9   Thumb Code    94  gpio.o(i.GPIO_SetPinFunction)
    GPIO_init                                0x20004421   Thumb Code   194  gpio.o(i.GPIO_init)
    __scatterload_copy                       0x200044f1   Thumb Code    14  handlers.o(i.__scatterload_copy)
    __scatterload_null                       0x200044ff   Thumb Code     2  handlers.o(i.__scatterload_null)
    __scatterload_zeroinit                   0x20004501   Thumb Code    14  handlers.o(i.__scatterload_zeroinit)
    patch_table                              0x20004510   Data          32  arch_main.o(.constdata)
    LUT_CFG                                  0x20004530   Data          22  arch_main.o(.constdata)
    hpss_att_db                              0x20004550   Data         168  hpss.o(.constdata)
    hps_svc                                  0x200045f8   Data           2  hpss.o(.constdata)
    hps_uri_char                             0x200045fa   Data           5  hpss.o(.constdata)
    hps_header_char                          0x200045ff   Data           5  hpss.o(.constdata)
    hps_body_char                            0x20004604   Data           5  hpss.o(.constdata)
    hps_cntl_pt_char                         0x20004609   Data           5  hpss.o(.constdata)
    hps_status_code_char                     0x2000460e   Data           5  hpss.o(.constdata)
    hps_security_char                        0x20004613   Data           5  hpss.o(.constdata)
    hpss_disabled                            0x20004628   Data           8  hpss_task.o(.constdata)
    hpss_idle                                0x20004630   Data           8  hpss_task.o(.constdata)
    hpss_connected                           0x20004638   Data          16  hpss_task.o(.constdata)
    hpss_default_state                       0x20004648   Data           8  hpss_task.o(.constdata)
    hpss_state_handler                       0x20004650   Data          24  hpss_task.o(.constdata)
    hpss_default_handler                     0x20004668   Data           8  hpss_task.o(.constdata)
    app_default_state                        0x20004680   Data         112  app_task.o(.constdata)
    app_default_handler                      0x200046f0   Data           8  app_task.o(.constdata)
    Region$$Table$$Base                      0x200046f8   Number         0  anon$$obj.o(Region$$Table)
    Region$$Table$$Limit                     0x20004728   Number         0  anon$$obj.o(Region$$Table)
    sys_startup_flag                         0x20008000   Data           1  arch_main.o(retention_mem_area0)
    sleep_md                                 0x20008001   Data           1  arch_sleep.o(retention_mem_area0)
    sleep_pend                               0x20008002   Data           1  arch_sleep.o(retention_mem_area0)
    sleep_cnt                                0x20008003   Data           1  arch_sleep.o(retention_mem_area0)
    sleep_ext_force                          0x20008004   Data           1  arch_sleep.o(retention_mem_area0)
    lp_clk_sel                               0x20008008   Data           4  arch_system.o(retention_mem_area0)
    rcx_freq                                 0x2000800c   Data           4  arch_system.o(retention_mem_area0)
    cal_enable                               0x20008010   Data           1  arch_system.o(retention_mem_area0)
    rcx_period                               0x20008014   Data           4  arch_system.o(retention_mem_area0)
    rcx_slot_duration                        0x20008018   Data           4  arch_system.o(retention_mem_area0)
    dev_bdaddr                               0x2000801c   Data           6  nvds.o(retention_mem_area0)
    rwble_last_event                         0x20008022   Data           1  rwble.o(retention_mem_area0)
    hpss_env                                 0x20008024   Data          10  hpss.o(retention_mem_area0)
    hpss_state                               0x2000802e   Data           1  hpss_task.o(retention_mem_area0)
    app_env                                  0x20008030   Data          12  app.o(retention_mem_area0)
    app_state                                0x2000803c   Data           1  app_task.o(retention_mem_area0)
    printf_msg_list                          0x20008040   Data           4  app_console.o(retention_mem_area0)
    defer_sending                            0x20008044   Data           1  app_console.o(retention_mem_area0)
    rwip_heap_non_ret                        0x20008bf4   Data        1036  jump_table.o(heap_mem_area_not_ret)
    SystemCoreClock                          0x20009000   Data           0  rom_symdef.txt ABSOLUTE
    error                                    0x20009004   Data           0  rom_symdef.txt ABSOLUTE
    GPIO                                     0x20009020   Data         160  gpio.o(.bss)
    GPIO_status                              0x200090c0   Data           8  gpio.o(.bss)
    dbg                                      0x200090c8   Data           1  app_hps_proj.o(.bss)
    __initial_sp                             0x20009800   Data           0  boot_vectors.o(STACK)



==============================================================================

Memory Map of the image

  Image Entry point : 0x20000441

  Load Region LR_IROM1 (Base: 0x20000000, Size: 0x000000a0, Max: 0x00000160, ABSOLUTE)

    Execution Region ER_IROM1 (Base: 0x20000000, Size: 0x000000a0, Max: 0x00000160, ABSOLUTE)

    Base Addr    Size         Type   Attr      Idx    E Section Name        Object

    0x20000000   0x000000a0   Data   RO           52    RESET               boot_vectors.o



  Load Region LR_IROM2 (Base: 0x20000160, Size: 0x00000160, Max: 0x00000160, ABSOLUTE)

    Execution Region ER_IROM2 (Base: 0x20000160, Size: 0x00000160, Max: 0x00000160, ABSOLUTE)

    Base Addr    Size         Type   Attr      Idx    E Section Name        Object

    0x20000160   0x00000160   Data   RO          394    jump_table_mem_area  jump_table.o



  Load Region LR_IROM3 (Base: 0x200002c0, Size: 0x00000064, Max: 0x00000080, ABSOLUTE)

    Execution Region ER_IROM3 (Base: 0x200002c0, Size: 0x00000064, Max: 0x00000080, ABSOLUTE)

    Base Addr    Size         Type   Attr      Idx    E Section Name        Object

    0x200002c0   0x00000064   Data   RO          663    timeout_table_area  gapm.o



  Load Region LR_IROM4 (Base: 0x20000340, Size: 0x000000a4, Max: 0x00000100, ABSOLUTE)

    Execution Region ER_IROM4 (Base: 0x20000340, Size: 0x000000a4, Max: 0x00000100, ABSOLUTE)

    Base Addr    Size         Type   Attr      Idx    E Section Name        Object

    0x20000340   0x000000a4   Data   RO          905    nvds_data_storage_area  nvds.o



  Load Region LR_IROM5 (Base: 0x20000440, Size: 0x00004304, Max: 0x000093c0, ABSOLUTE)

    Execution Region ER_IROM5 (Base: 0x20000440, Size: 0x00004304, Max: 0x00007ac0, ABSOLUTE)

    Base Addr    Size         Type   Attr      Idx    E Section Name        Object

    0x20000440   0x00000000   Code   RO         1717  * .ARM.Collect$$$$00000000  mc_p.l(entry.o)
    0x20000440   0x00000004   Code   RO         1732    .ARM.Collect$$$$00000001  mc_p.l(entry2.o)
    0x20000444   0x00000004   Code   RO         1735    .ARM.Collect$$$$00000004  mc_p.l(entry5.o)
    0x20000448   0x00000000   Code   RO         1737    .ARM.Collect$$$$00000008  mc_p.l(entry7b.o)
    0x20000448   0x00000008   Code   RO         1738    .ARM.Collect$$$$00000009  mc_p.l(entry8.o)
    0x20000450   0x00000004   Code   RO         1733    .ARM.Collect$$$$00002712  mc_p.l(entry2.o)
    0x20000454   0x00000002   Code   RO          477    .emb_text           nmi_handler.o
    0x20000456   0x00000002   PAD
    0x20000458   0x00000002   Code   RO         1631    .emb_text           app_console.o
    0x2000045a   0x00000002   PAD
    0x2000045c   0x00000068   Code   RO            2    .text               system_armcm0.o
    0x200004c4   0x0000006c   Code   RO           53    .text               boot_vectors.o
    0x20000530   0x0000007c   Code   RO           58    .text               hardfault_handler.o
    0x200005ac   0x00000544   Code   RO          111    .text               arch_main.o
    0x20000af0   0x00000002   Code   RO          389    .text               jump_table.o
    0x20000af2   0x00000002   PAD
    0x20000af4   0x00000130   Code   RO          461    .text               arch_sleep.o
    0x20000c24   0x000000c8   Code   RO          478    .text               nmi_handler.o
    0x20000cec   0x000000e0   Code   RO          500    .text               periph_setup.o
    0x20000dcc   0x000004b8   Code   RO          515    .text               arch_system.o
    0x20001284   0x00000440   Code   RO          556    .text               rf_580.o
    0x200016c4   0x000003b0   Code   RO          630    .text               uart2.o
    0x20001a74   0x000000b8   Code   RO          659    .text               ke_task.obj
    0x20001b2c   0x000000c4   Code   RO          661    .text               ch_map.obj
    0x20001bf0   0x000000ec   Code   RO          712    .text               atts_task.obj
    0x20001cdc   0x000000ec   Code   RO          716    .text               smpc.obj
    0x20001dc8   0x0000020c   Code   RO          718    .text               smpc_task.obj
    0x20001fd4   0x00000180   Code   RO          720    .text               gapm_util.obj
    0x20002154   0x00000430   Code   RO          904    .text               nvds.o
    0x20002584   0x00000234   Code   RO          921    .text               rwip.o
    0x200027b8   0x00000210   Code   RO          940    .text               rwble.o
    0x200029c8   0x000000ec   Code   RO         1219    .text               prf_utils.o
    0x20002ab4   0x00000084   Code   RO         1478    .text               hpss.o
    0x20002b38   0x00000498   Code   RO         1501    .text               hpss_task.o
    0x20002fd0   0x00000164   Code   RO         1533    .text               app.o
    0x20003134   0x00000180   Code   RO         1603    .text               app_task.o
    0x200032b4   0x00000528   Code   RO         1632    .text               app_console.o
    0x200037dc   0x00000214   Code   RO         1666    .text               app_hps_proj.o
    0x200039f0   0x0000007c   Code   RO         1687    .text               app_hps.o
    0x20003a6c   0x0000011c   Code   RO         1705    .text               app_hps_task.o
    0x20003b88   0x00000012   Code   RO         1718    .text               mc_p.l(strcpy.o)
    0x20003b9a   0x0000007a   Code   RO         1720    .text               mf_p.l(fmul.o)
    0x20003c14   0x00000080   Code   RO         1722    .text               mf_p.l(fdiv.o)
    0x20003c94   0x0000000e   Code   RO         1724    .text               mf_p.l(ffltui.o)
    0x20003ca2   0x0000002a   Code   RO         1726    .text               mf_p.l(ffixui.o)
    0x20003ccc   0x0000002e   Code   RO         1728    .text               mf_p.l(f2d.o)
    0x20003cfa   0x00000038   Code   RO         1730    .text               mf_p.l(d2f.o)
    0x20003d32   0x00000084   Code   RO         1739    .text               mf_p.l(fepilogue.o)
    0x20003db6   0x00000002   PAD
    0x20003db8   0x00000024   Code   RO         1741    .text               mc_p.l(init.o)
    0x20003ddc   0x0000000c   Ven    RO         1751    Veneer$$Code        anon$$obj.o
    0x20003de8   0x0000000c   Ven    RO         1752    Veneer$$Code        anon$$obj.o
    0x20003df4   0x0000000c   Ven    RO         1753    Veneer$$Code        anon$$obj.o
    0x20003e00   0x0000000c   Ven    RO         1754    Veneer$$Code        anon$$obj.o
    0x20003e0c   0x0000000c   Ven    RO         1755    Veneer$$Code        anon$$obj.o
    0x20003e18   0x0000000c   Ven    RO         1756    Veneer$$Code        anon$$obj.o
    0x20003e24   0x0000000c   Ven    RO         1757    Veneer$$Code        anon$$obj.o
    0x20003e30   0x0000000c   Ven    RO         1758    Veneer$$Code        anon$$obj.o
    0x20003e3c   0x0000000c   Ven    RO         1759    Veneer$$Code        anon$$obj.o
    0x20003e48   0x0000000c   Ven    RO         1760    Veneer$$Code        anon$$obj.o
    0x20003e54   0x0000000c   Ven    RO         1761    Veneer$$Code        anon$$obj.o
    0x20003e60   0x0000000c   Ven    RO         1762    Veneer$$Code        anon$$obj.o
    0x20003e6c   0x0000000c   Ven    RO         1763    Veneer$$Code        anon$$obj.o
    0x20003e78   0x0000000c   Ven    RO         1764    Veneer$$Code        anon$$obj.o
    0x20003e84   0x0000000c   Ven    RO         1765    Veneer$$Code        anon$$obj.o
    0x20003e90   0x0000000c   Ven    RO         1766    Veneer$$Code        anon$$obj.o
    0x20003e9c   0x0000000c   Ven    RO         1767    Veneer$$Code        anon$$obj.o
    0x20003ea8   0x0000000c   Ven    RO         1768    Veneer$$Code        anon$$obj.o
    0x20003eb4   0x0000000c   Ven    RO         1769    Veneer$$Code        anon$$obj.o
    0x20003ec0   0x0000000c   Ven    RO         1770    Veneer$$Code        anon$$obj.o
    0x20003ecc   0x0000000c   Ven    RO         1771    Veneer$$Code        anon$$obj.o
    0x20003ed8   0x0000000c   Ven    RO         1772    Veneer$$Code        anon$$obj.o
    0x20003ee4   0x0000000c   Ven    RO         1773    Veneer$$Code        anon$$obj.o
    0x20003ef0   0x0000000c   Ven    RO         1774    Veneer$$Code        anon$$obj.o
    0x20003efc   0x0000000c   Ven    RO         1775    Veneer$$Code        anon$$obj.o
    0x20003f08   0x0000000c   Ven    RO         1776    Veneer$$Code        anon$$obj.o
    0x20003f14   0x0000000c   Ven    RO         1777    Veneer$$Code        anon$$obj.o
    0x20003f20   0x0000000c   Ven    RO         1778    Veneer$$Code        anon$$obj.o
    0x20003f2c   0x0000000c   Ven    RO         1779    Veneer$$Code        anon$$obj.o
    0x20003f38   0x0000000c   Ven    RO         1780    Veneer$$Code        anon$$obj.o
    0x20003f44   0x0000000c   Ven    RO         1781    Veneer$$Code        anon$$obj.o
    0x20003f50   0x0000000c   Ven    RO         1782    Veneer$$Code        anon$$obj.o
    0x20003f5c   0x0000000c   Ven    RO         1783    Veneer$$Code        anon$$obj.o
    0x20003f68   0x0000000c   Ven    RO         1784    Veneer$$Code        anon$$obj.o
    0x20003f74   0x0000000c   Ven    RO         1785    Veneer$$Code        anon$$obj.o
    0x20003f80   0x0000000c   Ven    RO         1786    Veneer$$Code        anon$$obj.o
    0x20003f8c   0x0000000c   Ven    RO         1787    Veneer$$Code        anon$$obj.o
    0x20003f98   0x0000000c   Ven    RO         1788    Veneer$$Code        anon$$obj.o
    0x20003fa4   0x0000000c   Ven    RO         1789    Veneer$$Code        anon$$obj.o
    0x20003fb0   0x0000000c   Ven    RO         1790    Veneer$$Code        anon$$obj.o
    0x20003fbc   0x0000000c   Ven    RO         1791    Veneer$$Code        anon$$obj.o
    0x20003fc8   0x0000000c   Ven    RO         1792    Veneer$$Code        anon$$obj.o
    0x20003fd4   0x0000000c   Ven    RO         1793    Veneer$$Code        anon$$obj.o
    0x20003fe0   0x0000000c   Ven    RO         1794    Veneer$$Code        anon$$obj.o
    0x20003fec   0x0000000c   Ven    RO         1795    Veneer$$Code        anon$$obj.o
    0x20003ff8   0x0000000c   Ven    RO         1796    Veneer$$Code        anon$$obj.o
    0x20004004   0x0000000c   Ven    RO         1797    Veneer$$Code        anon$$obj.o
    0x20004010   0x0000000c   Ven    RO         1798    Veneer$$Code        anon$$obj.o
    0x2000401c   0x0000000c   Ven    RO         1799    Veneer$$Code        anon$$obj.o
    0x20004028   0x0000000c   Ven    RO         1800    Veneer$$Code        anon$$obj.o
    0x20004034   0x0000000c   Ven    RO         1801    Veneer$$Code        anon$$obj.o
    0x20004040   0x0000000c   Ven    RO         1802    Veneer$$Code        anon$$obj.o
    0x2000404c   0x0000000c   Ven    RO         1803    Veneer$$Code        anon$$obj.o
    0x20004058   0x0000000c   Ven    RO         1804    Veneer$$Code        anon$$obj.o
    0x20004064   0x0000000c   Ven    RO         1805    Veneer$$Code        anon$$obj.o
    0x20004070   0x0000000c   Ven    RO         1806    Veneer$$Code        anon$$obj.o
    0x2000407c   0x0000000c   Ven    RO         1807    Veneer$$Code        anon$$obj.o
    0x20004088   0x0000000c   Ven    RO         1808    Veneer$$Code        anon$$obj.o
    0x20004094   0x0000000c   Ven    RO         1809    Veneer$$Code        anon$$obj.o
    0x200040a0   0x0000000c   Ven    RO         1810    Veneer$$Code        anon$$obj.o
    0x200040ac   0x0000000c   Ven    RO         1811    Veneer$$Code        anon$$obj.o
    0x200040b8   0x0000000c   Ven    RO         1812    Veneer$$Code        anon$$obj.o
    0x200040c4   0x0000000c   Ven    RO         1813    Veneer$$Code        anon$$obj.o
    0x200040d0   0x0000000c   Ven    RO         1814    Veneer$$Code        anon$$obj.o
    0x200040dc   0x0000000c   Ven    RO         1815    Veneer$$Code        anon$$obj.o
    0x200040e8   0x0000000c   Ven    RO         1816    Veneer$$Code        anon$$obj.o
    0x200040f4   0x0000000c   Ven    RO         1817    Veneer$$Code        anon$$obj.o
    0x20004100   0x0000000c   Ven    RO         1818    Veneer$$Code        anon$$obj.o
    0x2000410c   0x0000000c   Ven    RO         1819    Veneer$$Code        anon$$obj.o
    0x20004118   0x0000000c   Ven    RO         1820    Veneer$$Code        anon$$obj.o
    0x20004124   0x0000000c   Ven    RO         1821    Veneer$$Code        anon$$obj.o
    0x20004130   0x0000000c   Ven    RO         1822    Veneer$$Code        anon$$obj.o
    0x2000413c   0x0000000c   Ven    RO         1823    Veneer$$Code        anon$$obj.o
    0x20004148   0x0000000c   Ven    RO         1824    Veneer$$Code        anon$$obj.o
    0x20004154   0x0000000c   Ven    RO         1825    Veneer$$Code        anon$$obj.o
    0x20004160   0x0000000c   Ven    RO         1826    Veneer$$Code        anon$$obj.o
    0x2000416c   0x0000000c   Ven    RO         1827    Veneer$$Code        anon$$obj.o
    0x20004178   0x0000000c   Ven    RO         1828    Veneer$$Code        anon$$obj.o
    0x20004184   0x0000000c   Ven    RO         1829    Veneer$$Code        anon$$obj.o
    0x20004190   0x0000000c   Ven    RO         1830    Veneer$$Code        anon$$obj.o
    0x2000419c   0x0000000c   Ven    RO         1831    Veneer$$Code        anon$$obj.o
    0x200041a8   0x0000000c   Ven    RO         1832    Veneer$$Code        anon$$obj.o
    0x200041b4   0x0000000c   Ven    RO         1833    Veneer$$Code        anon$$obj.o
    0x200041c0   0x0000000c   Ven    RO         1834    Veneer$$Code        anon$$obj.o
    0x200041cc   0x0000000c   Ven    RO         1835    Veneer$$Code        anon$$obj.o
    0x200041d8   0x0000000c   Ven    RO         1836    Veneer$$Code        anon$$obj.o
    0x200041e4   0x0000000c   Ven    RO         1837    Veneer$$Code        anon$$obj.o
    0x200041f0   0x0000000c   Ven    RO         1838    Veneer$$Code        anon$$obj.o
    0x200041fc   0x0000000c   Ven    RO         1839    Veneer$$Code        anon$$obj.o
    0x20004208   0x0000000c   Ven    RO         1840    Veneer$$Code        anon$$obj.o
    0x20004214   0x0000000c   Ven    RO         1841    Veneer$$Code        anon$$obj.o
    0x20004220   0x0000000c   Ven    RO         1842    Veneer$$Code        anon$$obj.o
    0x2000422c   0x0000000c   Ven    RO         1843    Veneer$$Code        anon$$obj.o
    0x20004238   0x0000000c   Ven    RO         1844    Veneer$$Code        anon$$obj.o
    0x20004244   0x0000000c   Ven    RO         1845    Veneer$$Code        anon$$obj.o
    0x20004250   0x0000000c   Ven    RO         1846    Veneer$$Code        anon$$obj.o
    0x2000425c   0x0000000c   Ven    RO         1847    Veneer$$Code        anon$$obj.o
    0x20004268   0x0000000c   Ven    RO         1848    Veneer$$Code        anon$$obj.o
    0x20004274   0x0000000c   Ven    RO         1849    Veneer$$Code        anon$$obj.o
    0x20004280   0x0000000c   Ven    RO         1850    Veneer$$Code        anon$$obj.o
    0x2000428c   0x00000064   Code   RO          612    i.GPIO_ConfigurePin  gpio.o
    0x200042f0   0x00000064   Code   RO          606    i.GPIO_SetActive    gpio.o
    0x20004354   0x00000064   Code   RO          600    i.GPIO_SetInactive  gpio.o
    0x200043b8   0x00000068   Code   RO          594    i.GPIO_SetPinFunction  gpio.o
    0x20004420   0x000000d0   Code   RO          588    i.GPIO_init         gpio.o
    0x200044f0   0x0000000e   Code   RO         1745    i.__scatterload_copy  mc_p.l(handlers.o)
    0x200044fe   0x00000002   Code   RO         1746    i.__scatterload_null  mc_p.l(handlers.o)
    0x20004500   0x0000000e   Code   RO         1747    i.__scatterload_zeroinit  mc_p.l(handlers.o)
    0x2000450e   0x00000002   PAD
    0x20004510   0x00000036   Data   RO          113    .constdata          arch_main.o
    0x20004546   0x00000008   Data   RO          582    .constdata          gpio.o
    0x2000454e   0x00000002   PAD
    0x20004550   0x000000d8   Data   RO         1479    .constdata          hpss.o
    0x20004628   0x00000048   Data   RO         1502    .constdata          hpss_task.o
    0x20004670   0x00000010   Data   RO         1534    .constdata          app.o
    0x20004680   0x00000078   Data   RO         1604    .constdata          app_task.o
    0x200046f8   0x00000030   Data   RO         1743    Region$$Table       anon$$obj.o
    0x20004728   0x0000001c   Data   RW          631    exchange_mem_case1  uart2.o


    Execution Region RW_IRAM50 (Base: 0x20008000, Size: 0x00000048, Max: 0x00000bf4, ABSOLUTE)

    Base Addr    Size         Type   Attr      Idx    E Section Name        Object

    0x20008000   0x00000001   Zero   RW          114    retention_mem_area0  arch_main.o
    0x20008001   0x00000004   Zero   RW          462    retention_mem_area0  arch_sleep.o
    0x20008005   0x00000003   PAD
    0x20008008   0x00000014   Zero   RW          516    retention_mem_area0  arch_system.o
    0x2000801c   0x00000006   Zero   RW          906    retention_mem_area0  nvds.o
    0x20008022   0x00000001   Zero   RW          941    retention_mem_area0  rwble.o
    0x20008023   0x00000001   PAD
    0x20008024   0x0000000a   Zero   RW         1480    retention_mem_area0  hpss.o
    0x2000802e   0x00000001   Zero   RW         1503    retention_mem_area0  hpss_task.o
    0x2000802f   0x00000001   PAD
    0x20008030   0x0000000c   Zero   RW         1535    retention_mem_area0  app.o
    0x2000803c   0x00000001   Zero   RW         1605    retention_mem_area0  app_task.o
    0x2000803d   0x00000003   PAD
    0x20008040   0x00000005   Zero   RW         1633    retention_mem_area0  app_console.o


    Execution Region RW_IRAM51 (Base: 0x20008bf4, Size: 0x0000040c, Max: 0x0000040c, ABSOLUTE, UNINIT)

    Base Addr    Size         Type   Attr      Idx    E Section Name        Object

    0x20008bf4   0x0000040c   Zero   RW          392    heap_mem_area_not_ret  jump_table.o


    Execution Region RW_IRAM52 (Base: 0x20009000, Size: 0x00000020, Max: 0x00000020, ABSOLUTE, UNINIT)

    Base Addr    Size         Type   Attr      Idx    E Section Name        Object

    0x20009000   0x00000020   Zero   RW            1    RW_IRAM52.bss       anon$$obj.o


    Execution Region RW_IRAM53 (Base: 0x20009020, Size: 0x000000ac, Max: 0x000001e0, ABSOLUTE)

    Base Addr    Size         Type   Attr      Idx    E Section Name        Object

    0x20009020   0x000000a8   Zero   RW          581    .bss                gpio.o
    0x200090c8   0x00000001   Zero   RW         1667    .bss                app_hps_proj.o


    Execution Region RW_IRAM54 (Base: 0x20009200, Size: 0x00000600, Max: 0x00000600, ABSOLUTE, UNINIT)

    Base Addr    Size         Type   Attr      Idx    E Section Name        Object

    0x20009200   0x00000600   Zero   RW           50    STACK               boot_vectors.o



  Load Region LR_RETENTION_RAM2 (Base: 0x00080768, Size: 0x00000000, Max: 0x00002968, ABSOLUTE)

    Execution Region ZI_RET20 (Base: 0x00080768, Size: 0x00000a8c, Max: 0x00002968, ABSOLUTE, UNINIT)

    Base Addr    Size         Type   Attr      Idx    E Section Name        Object

    0x00080768   0x0000040c   Zero   RW          390    heap_db_area        jump_table.o
    0x00080b74   0x00000154   Zero   RW          391    heap_env_area       jump_table.o
    0x00080cc8   0x0000052c   Zero   RW          393    heap_msg_area       jump_table.o


    Execution Region ZI_RET21 (Base: 0x000811f4, Size: 0x00001e0c, Max: 0xffffffff, ABSOLUTE)

    Base Addr    Size         Type   Attr      Idx    E Section Name        Object

    0x000811f4   0x0000182c   PAD
    0x00082a20   0x000005de   Zero   RW          112    .ARM.__AT_0x00082A20  arch_main.o


==============================================================================

Image component sizes


      Code (inc. data)   RO Data    RW Data    ZI Data      Debug   Object Name

       356         20         16          0         12      15039   app.o
      1322         66          0          0          5       9005   app_console.o
       124         16          0          0          0       1930   app_hps.o
       532         38          0          0          1       5741   app_hps_proj.o
       284          8          0          0          0       3995   app_hps_task.o
       384          8        120          0          1       6116   app_task.o
      1348        184         54          0       1503     152271   arch_main.o
       304         30          0          0          4       2258   arch_sleep.o
      1208        120          0          0         20      82243   arch_system.o
       236         18          0          0          0         72   atts_task.obj
       108         22        160          0       1536        724   boot_vectors.o
       196         12          0          0          0        108   ch_map.obj
         0          0        100          0          0       2932   gapm.o
       384         38          0          0          0      57941   gapm_util.obj
       612         48          8          0        168       6125   gpio.o
       124         12          0          0          0       2591   hardfault_handler.o
       132         14        216          0         10       5379   hpss.o
      1176         24         72          0          1       8245   hpss_task.o
         2          0        352          0       3736       2864   jump_table.o
       184         18          0          0          0         96   ke_task.obj
       202         26          0          0          0       8909   nmi_handler.o
      1072         28        164          0          6       2787   nvds.o
       224         16          0          0          0        870   periph_setup.o
       236          4          0          0          0       6351   prf_utils.o
      1088        282          0          0          0      65048   rf_580.o
       528         54          0          0          1      63339   rwble.o
       564         62          0          0          0      63298   rwip.o
       236          8          0          0          0        136   smpc.obj
       524          6          0          0          0         84   smpc_task.obj
       104         26          0          0          0      99953   system_armcm0.o
       944         24          0         28          0      20897   uart2.o

    ----------------------------------------------------------------------
     15944       1632       1312         28      13240     697347   Object Totals
      1200        400         48          0         32          0   (incl. Generated)
         6          0          2          0       6204          0   (incl. Padding)

    ----------------------------------------------------------------------

      Code (inc. data)   RO Data    RW Data    ZI Data      Debug   Library Member Name

         0          0          0          0          0          0   entry.o
         8          4          0          0          0          0   entry2.o
         4          0          0          0          0          0   entry5.o
         0          0          0          0          0          0   entry7b.o
         8          4          0          0          0          0   entry8.o
        30          0          0          0          0          0   handlers.o
        36          8          0          0          0         68   init.o
        18          0          0          0          0         60   strcpy.o
        56          0          0          0          0         68   d2f.o
        46          0          0          0          0         60   f2d.o
       128          0          0          0          0         72   fdiv.o
       132          0          0          0          0        144   fepilogue.o
        42          0          0          0          0         60   ffixui.o
        14          0          0          0          0         68   ffltui.o
       122          0          0          0          0         72   fmul.o

    ----------------------------------------------------------------------
       648         16          0          0          0        672   Library Totals
         4          0          0          0          0          0   (incl. Padding)

    ----------------------------------------------------------------------

      Code (inc. data)   RO Data    RW Data    ZI Data      Debug   Library Name

       104         16          0          0          0        128   mc_p.l
       540          0          0          0          0        544   mf_p.l

    ----------------------------------------------------------------------
       648         16          0          0          0        672   Library Totals

    ----------------------------------------------------------------------

==============================================================================


      Code (inc. data)   RO Data    RW Data    ZI Data      Debug   

     16592       1648       1312         28      13240     695795   Grand Totals
     16592       1648       1312         28      13240     695795   ELF Image Totals
     16592       1648       1312         28          0          0   ROM Totals

==============================================================================

    Total RO  Size (Code + RO Data)                17904 (  17.48kB)
    Total RW  Size (RW Data + ZI Data)             13268 (  12.96kB)
    Total ROM Size (Code + RO Data + RW Data)      17932 (  17.51kB)

==============================================================================

